[2025-01-22T21:23:38.399+0700][gc,init] CardTable entry size: 512
[2025-01-22T21:23:38.400+0700][gc     ] Using G1
[2025-01-22T21:23:38.404+0700][gc,init] Version: 23.0.1+11 (release)
[2025-01-22T21:23:38.404+0700][gc,init] CPUs: 12 total, 12 available
[2025-01-22T21:23:38.404+0700][gc,init] Memory: 32768M
[2025-01-22T21:23:38.404+0700][gc,init] Large Page Support: Disabled
[2025-01-22T21:23:38.404+0700][gc,init] NUMA Support: Disabled
[2025-01-22T21:23:38.404+0700][gc,init] Compressed Oops: Enabled (Zero based)
[2025-01-22T21:23:38.404+0700][gc,init] Heap Region Size: 1M
[2025-01-22T21:23:38.404+0700][gc,init] Heap Min Capacity: 1G
[2025-01-22T21:23:38.404+0700][gc,init] Heap Initial Capacity: 1G
[2025-01-22T21:23:38.404+0700][gc,init] Heap Max Capacity: 1G
[2025-01-22T21:23:38.404+0700][gc,init] Pre-touch: Disabled
[2025-01-22T21:23:38.404+0700][gc,init] Parallel Workers: 10
[2025-01-22T21:23:38.404+0700][gc,init] Concurrent Workers: 3
[2025-01-22T21:23:38.404+0700][gc,init] Concurrent Refinement Workers: 10
[2025-01-22T21:23:38.404+0700][gc,init] Periodic GC: Disabled
[2025-01-22T21:23:38.411+0700][gc,metaspace] CDS archive(s) mapped at: [0x0000000120000000-0x0000000120d8f000-0x0000000120d8f000), size 14217216, SharedBaseAddress: 0x0000000120000000, ArchiveRelocationMode: 1.
[2025-01-22T21:23:38.411+0700][gc,metaspace] Compressed class space mapped at: 0x0000000121000000-0x0000000161000000, reserved size: 1073741824
[2025-01-22T21:23:38.411+0700][gc,metaspace] Narrow klass base: 0x0000000120000000, Narrow klass shift: 0, Narrow klass range: 0x100000000
[2025-01-22T21:23:44.969+0700][gc,start    ] GC(0) Pause Young (Normal) (G1 Evacuation Pause)
[2025-01-22T21:23:44.970+0700][gc,task     ] GC(0) Using 10 workers of 10 for evacuation
[2025-01-22T21:23:44.974+0700][gc,phases   ] GC(0)   Pre Evacuate Collection Set: 0.12ms
[2025-01-22T21:23:44.974+0700][gc,phases   ] GC(0)   Merge Heap Roots: 0.07ms
[2025-01-22T21:23:44.974+0700][gc,phases   ] GC(0)   Evacuate Collection Set: 3.08ms
[2025-01-22T21:23:44.974+0700][gc,phases   ] GC(0)   Post Evacuate Collection Set: 0.53ms
[2025-01-22T21:23:44.974+0700][gc,phases   ] GC(0)   Other: 0.48ms
[2025-01-22T21:23:44.974+0700][gc,heap     ] GC(0) Eden regions: 51->0(44)
[2025-01-22T21:23:44.974+0700][gc,heap     ] GC(0) Survivor regions: 0->7(7)
[2025-01-22T21:23:44.974+0700][gc,heap     ] GC(0) Old regions: 2->4
[2025-01-22T21:23:44.974+0700][gc,heap     ] GC(0) Humongous regions: 0->0
[2025-01-22T21:23:44.974+0700][gc,metaspace] GC(0) Metaspace: 16902K(17152K)->16902K(17152K) NonClass: 14842K(14976K)->14842K(14976K) Class: 2059K(2176K)->2059K(2176K)
[2025-01-22T21:23:44.974+0700][gc          ] GC(0) Pause Young (Normal) (G1 Evacuation Pause) 52M->9M(1024M) 4.555ms
[2025-01-22T21:23:44.974+0700][gc,cpu      ] GC(0) User=0.02s Sys=0.01s Real=0.01s
[2025-01-22T21:23:45.320+0700][gc,start    ] GC(1) Pause Young (Concurrent Start) (Metadata GC Threshold)
[2025-01-22T21:23:45.320+0700][gc,task     ] GC(1) Using 10 workers of 10 for evacuation
[2025-01-22T21:23:45.324+0700][gc,phases   ] GC(1)   Pre Evacuate Collection Set: 0.20ms
[2025-01-22T21:23:45.324+0700][gc,phases   ] GC(1)   Merge Heap Roots: 0.08ms
[2025-01-22T21:23:45.324+0700][gc,phases   ] GC(1)   Evacuate Collection Set: 3.46ms
[2025-01-22T21:23:45.324+0700][gc,phases   ] GC(1)   Post Evacuate Collection Set: 0.42ms
[2025-01-22T21:23:45.324+0700][gc,phases   ] GC(1)   Other: 0.11ms
[2025-01-22T21:23:45.324+0700][gc,heap     ] GC(1) Eden regions: 17->0(49)
[2025-01-22T21:23:45.324+0700][gc,heap     ] GC(1) Survivor regions: 7->2(7)
[2025-01-22T21:23:45.324+0700][gc,heap     ] GC(1) Old regions: 4->11
[2025-01-22T21:23:45.325+0700][gc,heap     ] GC(1) Humongous regions: 0->0
[2025-01-22T21:23:45.325+0700][gc,metaspace] GC(1) Metaspace: 21228K(21504K)->21228K(21504K) NonClass: 18636K(18752K)->18636K(18752K) Class: 2591K(2752K)->2591K(2752K)
[2025-01-22T21:23:45.325+0700][gc          ] GC(1) Pause Young (Concurrent Start) (Metadata GC Threshold) 25M->11M(1024M) 4.515ms
[2025-01-22T21:23:45.325+0700][gc,cpu      ] GC(1) User=0.02s Sys=0.01s Real=0.00s
[2025-01-22T21:23:45.325+0700][gc          ] GC(2) Concurrent Mark Cycle
[2025-01-22T21:23:45.325+0700][gc,marking  ] GC(2) Concurrent Scan Root Regions
[2025-01-22T21:23:45.326+0700][gc,marking  ] GC(2) Concurrent Scan Root Regions 1.776ms
[2025-01-22T21:23:45.326+0700][gc,marking  ] GC(2) Concurrent Mark
[2025-01-22T21:23:45.326+0700][gc,marking  ] GC(2) Concurrent Mark From Roots
[2025-01-22T21:23:45.326+0700][gc,task     ] GC(2) Using 3 workers of 3 for marking
[2025-01-22T21:23:45.328+0700][gc,marking  ] GC(2) Concurrent Mark From Roots 1.714ms
[2025-01-22T21:23:45.328+0700][gc,marking  ] GC(2) Concurrent Preclean
[2025-01-22T21:23:45.328+0700][gc,marking  ] GC(2) Concurrent Preclean 0.035ms
[2025-01-22T21:23:45.329+0700][gc,start    ] GC(2) Pause Remark
[2025-01-22T21:23:45.330+0700][gc          ] GC(2) Pause Remark 12M->12M(1024M) 1.574ms
[2025-01-22T21:23:45.330+0700][gc,cpu      ] GC(2) User=0.00s Sys=0.00s Real=0.01s
[2025-01-22T21:23:45.330+0700][gc,marking  ] GC(2) Concurrent Mark 3.813ms
[2025-01-22T21:23:45.330+0700][gc,marking  ] GC(2) Concurrent Rebuild Remembered Sets and Scrub Regions
[2025-01-22T21:23:45.332+0700][gc,marking  ] GC(2) Concurrent Rebuild Remembered Sets and Scrub Regions 1.480ms
[2025-01-22T21:23:45.332+0700][gc,start    ] GC(2) Pause Cleanup
[2025-01-22T21:23:45.332+0700][gc          ] GC(2) Pause Cleanup 12M->12M(1024M) 0.035ms
[2025-01-22T21:23:45.332+0700][gc,cpu      ] GC(2) User=0.00s Sys=0.00s Real=0.00s
[2025-01-22T21:23:45.332+0700][gc,marking  ] GC(2) Concurrent Clear Claimed Marks
[2025-01-22T21:23:45.332+0700][gc,marking  ] GC(2) Concurrent Clear Claimed Marks 0.033ms
[2025-01-22T21:23:45.332+0700][gc,marking  ] GC(2) Concurrent Cleanup for Next Mark
[2025-01-22T21:23:45.336+0700][gc,marking  ] GC(2) Concurrent Cleanup for Next Mark 3.985ms
[2025-01-22T21:23:45.336+0700][gc          ] GC(2) Concurrent Mark Cycle 11.472ms
[2025-01-22T21:23:46.060+0700][gc,start    ] GC(3) Pause Young (Prepare Mixed) (G1 Evacuation Pause)
[2025-01-22T21:23:46.069+0700][gc,task     ] GC(3) Using 10 workers of 10 for evacuation
[2025-01-22T21:23:46.074+0700][gc,phases   ] GC(3)   Pre Evacuate Collection Set: 0.39ms
[2025-01-22T21:23:46.074+0700][gc,phases   ] GC(3)   Merge Heap Roots: 0.14ms
[2025-01-22T21:23:46.074+0700][gc,phases   ] GC(3)   Evacuate Collection Set: 3.77ms
[2025-01-22T21:23:46.074+0700][gc,phases   ] GC(3)   Post Evacuate Collection Set: 0.47ms
[2025-01-22T21:23:46.074+0700][gc,phases   ] GC(3)   Other: 0.18ms
[2025-01-22T21:23:46.074+0700][gc,heap     ] GC(3) Eden regions: 49->0(44)
[2025-01-22T21:23:46.074+0700][gc,heap     ] GC(3) Survivor regions: 2->7(7)
[2025-01-22T21:23:46.074+0700][gc,heap     ] GC(3) Old regions: 11->11
[2025-01-22T21:23:46.074+0700][gc,heap     ] GC(3) Humongous regions: 129->129
[2025-01-22T21:23:46.074+0700][gc,metaspace] GC(3) Metaspace: 32550K(32832K)->32550K(32832K) NonClass: 28895K(29056K)->28895K(29056K) Class: 3654K(3776K)->3654K(3776K)
[2025-01-22T21:23:46.074+0700][gc          ] GC(3) Pause Young (Prepare Mixed) (G1 Evacuation Pause) 189M->145M(1024M) 14.152ms
[2025-01-22T21:23:46.074+0700][gc,cpu      ] GC(3) User=0.04s Sys=0.00s Real=0.01s
[2025-01-22T21:23:46.213+0700][gc,start    ] GC(4) Pause Young (Mixed) (Metadata GC Threshold)
[2025-01-22T21:23:46.234+0700][gc,task     ] GC(4) Using 10 workers of 10 for evacuation
[2025-01-22T21:23:46.238+0700][gc,phases   ] GC(4)   Pre Evacuate Collection Set: 0.17ms
[2025-01-22T21:23:46.238+0700][gc,phases   ] GC(4)   Merge Heap Roots: 0.07ms
[2025-01-22T21:23:46.238+0700][gc,phases   ] GC(4)   Evacuate Collection Set: 3.18ms
[2025-01-22T21:23:46.238+0700][gc,phases   ] GC(4)   Post Evacuate Collection Set: 0.38ms
[2025-01-22T21:23:46.238+0700][gc,phases   ] GC(4)   Other: 0.09ms
[2025-01-22T21:23:46.238+0700][gc,heap     ] GC(4) Eden regions: 14->0(49)
[2025-01-22T21:23:46.238+0700][gc,heap     ] GC(4) Survivor regions: 7->2(7)
[2025-01-22T21:23:46.238+0700][gc,heap     ] GC(4) Old regions: 11->17
[2025-01-22T21:23:46.238+0700][gc,heap     ] GC(4) Humongous regions: 129->129
[2025-01-22T21:23:46.238+0700][gc,metaspace] GC(4) Metaspace: 35794K(36096K)->35794K(36096K) NonClass: 31712K(31872K)->31712K(31872K) Class: 4082K(4224K)->4082K(4224K)
[2025-01-22T21:23:46.238+0700][gc          ] GC(4) Pause Young (Mixed) (Metadata GC Threshold) 158M->146M(1024M) 24.595ms
[2025-01-22T21:23:46.238+0700][gc,cpu      ] GC(4) User=0.05s Sys=0.01s Real=0.02s
[2025-01-22T21:23:46.251+0700][gc,start    ] GC(5) Pause Young (Concurrent Start) (Metadata GC Threshold)
[2025-01-22T21:23:46.251+0700][gc,task     ] GC(5) Using 10 workers of 10 for evacuation
[2025-01-22T21:23:46.252+0700][gc,phases   ] GC(5)   Pre Evacuate Collection Set: 0.19ms
[2025-01-22T21:23:46.252+0700][gc,phases   ] GC(5)   Merge Heap Roots: 0.04ms
[2025-01-22T21:23:46.252+0700][gc,phases   ] GC(5)   Evacuate Collection Set: 0.74ms
[2025-01-22T21:23:46.252+0700][gc,phases   ] GC(5)   Post Evacuate Collection Set: 0.24ms
[2025-01-22T21:23:46.252+0700][gc,phases   ] GC(5)   Other: 0.09ms
[2025-01-22T21:23:46.252+0700][gc,heap     ] GC(5) Eden regions: 3->0(50)
[2025-01-22T21:23:46.252+0700][gc,heap     ] GC(5) Survivor regions: 2->1(7)
[2025-01-22T21:23:46.252+0700][gc,heap     ] GC(5) Old regions: 17->17
[2025-01-22T21:23:46.252+0700][gc,heap     ] GC(5) Humongous regions: 129->129
[2025-01-22T21:23:46.252+0700][gc,metaspace] GC(5) Metaspace: 36099K(36416K)->36099K(36416K) NonClass: 31970K(32128K)->31970K(32128K) Class: 4128K(4288K)->4128K(4288K)
[2025-01-22T21:23:46.252+0700][gc          ] GC(5) Pause Young (Concurrent Start) (Metadata GC Threshold) 149M->146M(1024M) 1.487ms
[2025-01-22T21:23:46.252+0700][gc,cpu      ] GC(5) User=0.00s Sys=0.01s Real=0.00s
[2025-01-22T21:23:46.252+0700][gc          ] GC(6) Concurrent Mark Cycle
[2025-01-22T21:23:46.252+0700][gc,marking  ] GC(6) Concurrent Scan Root Regions
[2025-01-22T21:23:46.254+0700][gc,marking  ] GC(6) Concurrent Scan Root Regions 1.624ms
[2025-01-22T21:23:46.254+0700][gc,marking  ] GC(6) Concurrent Mark
[2025-01-22T21:23:46.254+0700][gc,marking  ] GC(6) Concurrent Mark From Roots
[2025-01-22T21:23:46.254+0700][gc,task     ] GC(6) Using 3 workers of 3 for marking
[2025-01-22T21:23:46.264+0700][gc,marking  ] GC(6) Concurrent Mark From Roots 9.914ms
[2025-01-22T21:23:46.264+0700][gc,marking  ] GC(6) Concurrent Preclean
[2025-01-22T21:23:46.264+0700][gc,marking  ] GC(6) Concurrent Preclean 0.057ms
[2025-01-22T21:23:46.264+0700][gc,start    ] GC(6) Pause Remark
[2025-01-22T21:23:46.266+0700][gc          ] GC(6) Pause Remark 146M->146M(1024M) 1.515ms
[2025-01-22T21:23:46.266+0700][gc,cpu      ] GC(6) User=0.01s Sys=0.00s Real=0.00s
[2025-01-22T21:23:46.266+0700][gc,marking  ] GC(6) Concurrent Mark 11.779ms
[2025-01-22T21:23:46.266+0700][gc,marking  ] GC(6) Concurrent Rebuild Remembered Sets and Scrub Regions
[2025-01-22T21:23:46.270+0700][gc,marking  ] GC(6) Concurrent Rebuild Remembered Sets and Scrub Regions 3.605ms
[2025-01-22T21:23:46.270+0700][gc,start    ] GC(6) Pause Cleanup
[2025-01-22T21:23:46.270+0700][gc          ] GC(6) Pause Cleanup 146M->146M(1024M) 0.049ms
[2025-01-22T21:23:46.270+0700][gc,cpu      ] GC(6) User=0.00s Sys=0.00s Real=0.00s
[2025-01-22T21:23:46.270+0700][gc,marking  ] GC(6) Concurrent Clear Claimed Marks
[2025-01-22T21:23:46.270+0700][gc,marking  ] GC(6) Concurrent Clear Claimed Marks 0.037ms
[2025-01-22T21:23:46.270+0700][gc,marking  ] GC(6) Concurrent Cleanup for Next Mark
[2025-01-22T21:23:46.271+0700][gc,marking  ] GC(6) Concurrent Cleanup for Next Mark 1.221ms
[2025-01-22T21:23:46.271+0700][gc          ] GC(6) Concurrent Mark Cycle 18.688ms
[2025-01-22T21:27:59.579+0700][gc,start    ] GC(7) Pause Young (Prepare Mixed) (G1 Evacuation Pause)
[2025-01-22T21:27:59.579+0700][gc,task     ] GC(7) Using 10 workers of 10 for evacuation
[2025-01-22T21:27:59.583+0700][gc,phases   ] GC(7)   Pre Evacuate Collection Set: 0.25ms
[2025-01-22T21:27:59.583+0700][gc,phases   ] GC(7)   Merge Heap Roots: 0.15ms
[2025-01-22T21:27:59.583+0700][gc,phases   ] GC(7)   Evacuate Collection Set: 2.49ms
[2025-01-22T21:27:59.583+0700][gc,phases   ] GC(7)   Post Evacuate Collection Set: 0.60ms
[2025-01-22T21:27:59.583+0700][gc,phases   ] GC(7)   Other: 0.12ms
[2025-01-22T21:27:59.583+0700][gc,heap     ] GC(7) Eden regions: 50->0(46)
[2025-01-22T21:27:59.583+0700][gc,heap     ] GC(7) Survivor regions: 1->5(7)
[2025-01-22T21:27:59.583+0700][gc,heap     ] GC(7) Old regions: 17->17
[2025-01-22T21:27:59.583+0700][gc,heap     ] GC(7) Humongous regions: 129->129
[2025-01-22T21:27:59.583+0700][gc,metaspace] GC(7) Metaspace: 42190K(42816K)->42190K(42816K) NonClass: 37088K(37440K)->37088K(37440K) Class: 5101K(5376K)->5101K(5376K)
[2025-01-22T21:27:59.583+0700][gc          ] GC(7) Pause Young (Prepare Mixed) (G1 Evacuation Pause) 196M->149M(1024M) 3.984ms
[2025-01-22T21:27:59.583+0700][gc,cpu      ] GC(7) User=0.02s Sys=0.00s Real=0.01s
[2025-01-22T21:30:43.127+0700][gc,start    ] GC(8) Pause Young (Mixed) (G1 Evacuation Pause)
[2025-01-22T21:30:43.128+0700][gc,task     ] GC(8) Using 10 workers of 10 for evacuation
[2025-01-22T21:30:43.135+0700][gc,phases   ] GC(8)   Pre Evacuate Collection Set: 0.40ms
[2025-01-22T21:30:43.135+0700][gc,phases   ] GC(8)   Merge Heap Roots: 0.18ms
[2025-01-22T21:30:43.135+0700][gc,phases   ] GC(8)   Evacuate Collection Set: 5.78ms
[2025-01-22T21:30:43.135+0700][gc,phases   ] GC(8)   Post Evacuate Collection Set: 0.49ms
[2025-01-22T21:30:43.135+0700][gc,phases   ] GC(8)   Other: 0.16ms
[2025-01-22T21:30:43.135+0700][gc,heap     ] GC(8) Eden regions: 46->0(47)
[2025-01-22T21:30:43.135+0700][gc,heap     ] GC(8) Survivor regions: 5->4(7)
[2025-01-22T21:30:43.135+0700][gc,heap     ] GC(8) Old regions: 17->21
[2025-01-22T21:30:43.135+0700][gc,heap     ] GC(8) Humongous regions: 129->129
[2025-01-22T21:30:43.135+0700][gc,metaspace] GC(8) Metaspace: 42961K(43648K)->42961K(43648K) NonClass: 37814K(38208K)->37814K(38208K) Class: 5146K(5440K)->5146K(5440K)
[2025-01-22T21:30:43.135+0700][gc          ] GC(8) Pause Young (Mixed) (G1 Evacuation Pause) 195M->153M(1024M) 7.379ms
[2025-01-22T21:30:43.135+0700][gc,cpu      ] GC(8) User=0.05s Sys=0.00s Real=0.01s
[2025-01-22T21:33:53.326+0700][gc,start    ] GC(9) Pause Young (Normal) (G1 Evacuation Pause)
[2025-01-22T21:33:53.326+0700][gc,task     ] GC(9) Using 10 workers of 10 for evacuation
[2025-01-22T21:33:53.330+0700][gc,phases   ] GC(9)   Pre Evacuate Collection Set: 0.15ms
[2025-01-22T21:33:53.330+0700][gc,phases   ] GC(9)   Merge Heap Roots: 0.07ms
[2025-01-22T21:33:53.330+0700][gc,phases   ] GC(9)   Evacuate Collection Set: 3.05ms
[2025-01-22T21:33:53.330+0700][gc,phases   ] GC(9)   Post Evacuate Collection Set: 0.29ms
[2025-01-22T21:33:53.330+0700][gc,phases   ] GC(9)   Other: 0.08ms
[2025-01-22T21:33:53.330+0700][gc,heap     ] GC(9) Eden regions: 47->0(46)
[2025-01-22T21:33:53.330+0700][gc,heap     ] GC(9) Survivor regions: 4->5(7)
[2025-01-22T21:33:53.330+0700][gc,heap     ] GC(9) Old regions: 21->25
[2025-01-22T21:33:53.330+0700][gc,heap     ] GC(9) Humongous regions: 129->129
[2025-01-22T21:33:53.330+0700][gc,metaspace] GC(9) Metaspace: 43191K(43840K)->43191K(43840K) NonClass: 38029K(38400K)->38029K(38400K) Class: 5162K(5440K)->5162K(5440K)
[2025-01-22T21:33:53.330+0700][gc          ] GC(9) Pause Young (Normal) (G1 Evacuation Pause) 200M->157M(1024M) 3.879ms
[2025-01-22T21:33:53.330+0700][gc,cpu      ] GC(9) User=0.03s Sys=0.00s Real=0.01s
[2025-01-22T21:37:00.809+0700][gc,start    ] GC(10) Pause Young (Normal) (G1 Evacuation Pause)
[2025-01-22T21:37:00.809+0700][gc,task     ] GC(10) Using 10 workers of 10 for evacuation
[2025-01-22T21:37:00.813+0700][gc,phases   ] GC(10)   Pre Evacuate Collection Set: 0.29ms
[2025-01-22T21:37:00.813+0700][gc,phases   ] GC(10)   Merge Heap Roots: 0.11ms
[2025-01-22T21:37:00.813+0700][gc,phases   ] GC(10)   Evacuate Collection Set: 2.45ms
[2025-01-22T21:37:00.813+0700][gc,phases   ] GC(10)   Post Evacuate Collection Set: 0.39ms
[2025-01-22T21:37:00.813+0700][gc,phases   ] GC(10)   Other: 0.14ms
[2025-01-22T21:37:00.813+0700][gc,heap     ] GC(10) Eden regions: 46->0(48)
[2025-01-22T21:37:00.813+0700][gc,heap     ] GC(10) Survivor regions: 5->3(7)
[2025-01-22T21:37:00.813+0700][gc,heap     ] GC(10) Old regions: 25->26
[2025-01-22T21:37:00.813+0700][gc,heap     ] GC(10) Humongous regions: 129->129
[2025-01-22T21:37:00.813+0700][gc,metaspace] GC(10) Metaspace: 43303K(43968K)->43303K(43968K) NonClass: 38129K(38528K)->38129K(38528K) Class: 5174K(5440K)->5174K(5440K)
[2025-01-22T21:37:00.813+0700][gc          ] GC(10) Pause Young (Normal) (G1 Evacuation Pause) 203M->157M(1024M) 3.777ms
[2025-01-22T21:37:00.813+0700][gc,cpu      ] GC(10) User=0.01s Sys=0.01s Real=0.01s
[2025-01-22T21:40:19.500+0700][gc,start    ] GC(11) Pause Young (Normal) (G1 Evacuation Pause)
[2025-01-22T21:40:19.500+0700][gc,task     ] GC(11) Using 10 workers of 10 for evacuation
[2025-01-22T21:40:19.503+0700][gc,phases   ] GC(11)   Pre Evacuate Collection Set: 0.16ms
[2025-01-22T21:40:19.503+0700][gc,phases   ] GC(11)   Merge Heap Roots: 0.08ms
[2025-01-22T21:40:19.503+0700][gc,phases   ] GC(11)   Evacuate Collection Set: 2.93ms
[2025-01-22T21:40:19.503+0700][gc,phases   ] GC(11)   Post Evacuate Collection Set: 0.28ms
[2025-01-22T21:40:19.503+0700][gc,phases   ] GC(11)   Other: 0.09ms
[2025-01-22T21:40:19.503+0700][gc,heap     ] GC(11) Eden regions: 48->0(44)
[2025-01-22T21:40:19.503+0700][gc,heap     ] GC(11) Survivor regions: 3->7(7)
[2025-01-22T21:40:19.503+0700][gc,heap     ] GC(11) Old regions: 26->26
[2025-01-22T21:40:19.503+0700][gc,heap     ] GC(11) Humongous regions: 129->129
[2025-01-22T21:40:19.503+0700][gc,metaspace] GC(11) Metaspace: 43444K(44096K)->43444K(44096K) NonClass: 38269K(38656K)->38269K(38656K) Class: 5174K(5440K)->5174K(5440K)
[2025-01-22T21:40:19.504+0700][gc          ] GC(11) Pause Young (Normal) (G1 Evacuation Pause) 205M->161M(1024M) 3.805ms
[2025-01-22T21:40:19.504+0700][gc,cpu      ] GC(11) User=0.02s Sys=0.00s Real=0.00s
[2025-01-22T21:43:26.411+0700][gc,start    ] GC(12) Pause Young (Normal) (G1 Evacuation Pause)
[2025-01-22T21:43:26.411+0700][gc,task     ] GC(12) Using 10 workers of 10 for evacuation
[2025-01-22T21:43:26.418+0700][gc,phases   ] GC(12)   Pre Evacuate Collection Set: 0.22ms
[2025-01-22T21:43:26.418+0700][gc,phases   ] GC(12)   Merge Heap Roots: 0.13ms
[2025-01-22T21:43:26.418+0700][gc,phases   ] GC(12)   Evacuate Collection Set: 5.93ms
[2025-01-22T21:43:26.418+0700][gc,phases   ] GC(12)   Post Evacuate Collection Set: 0.39ms
[2025-01-22T21:43:26.418+0700][gc,phases   ] GC(12)   Other: 0.12ms
[2025-01-22T21:43:26.418+0700][gc,heap     ] GC(12) Eden regions: 44->0(46)
[2025-01-22T21:43:26.418+0700][gc,heap     ] GC(12) Survivor regions: 7->5(7)
[2025-01-22T21:43:26.418+0700][gc,heap     ] GC(12) Old regions: 26->33
[2025-01-22T21:43:26.418+0700][gc,heap     ] GC(12) Humongous regions: 129->129
[2025-01-22T21:43:26.418+0700][gc,metaspace] GC(12) Metaspace: 43498K(44096K)->43498K(44096K) NonClass: 38323K(38656K)->38323K(38656K) Class: 5174K(5440K)->5174K(5440K)
[2025-01-22T21:43:26.418+0700][gc          ] GC(12) Pause Young (Normal) (G1 Evacuation Pause) 205M->165M(1024M) 7.082ms
[2025-01-22T21:43:26.418+0700][gc,cpu      ] GC(12) User=0.04s Sys=0.01s Real=0.00s
[2025-01-22T21:46:41.918+0700][gc,start    ] GC(13) Pause Young (Normal) (G1 Evacuation Pause)
[2025-01-22T21:46:41.918+0700][gc,task     ] GC(13) Using 10 workers of 10 for evacuation
[2025-01-22T21:46:41.921+0700][gc,phases   ] GC(13)   Pre Evacuate Collection Set: 0.16ms
[2025-01-22T21:46:41.921+0700][gc,phases   ] GC(13)   Merge Heap Roots: 0.09ms
[2025-01-22T21:46:41.921+0700][gc,phases   ] GC(13)   Evacuate Collection Set: 2.29ms
[2025-01-22T21:46:41.921+0700][gc,phases   ] GC(13)   Post Evacuate Collection Set: 0.25ms
[2025-01-22T21:46:41.921+0700][gc,phases   ] GC(13)   Other: 0.10ms
[2025-01-22T21:46:41.921+0700][gc,heap     ] GC(13) Eden regions: 46->0(72)
[2025-01-22T21:46:41.921+0700][gc,heap     ] GC(13) Survivor regions: 5->4(7)
[2025-01-22T21:46:41.921+0700][gc,heap     ] GC(13) Old regions: 33->34
[2025-01-22T21:46:41.921+0700][gc,heap     ] GC(13) Humongous regions: 129->129
[2025-01-22T21:46:41.921+0700][gc,metaspace] GC(13) Metaspace: 43533K(44160K)->43533K(44160K) NonClass: 38358K(38720K)->38358K(38720K) Class: 5174K(5440K)->5174K(5440K)
[2025-01-22T21:46:41.921+0700][gc          ] GC(13) Pause Young (Normal) (G1 Evacuation Pause) 211M->166M(1024M) 3.141ms
[2025-01-22T21:46:41.921+0700][gc,cpu      ] GC(13) User=0.02s Sys=0.01s Real=0.01s
[2025-01-22T21:51:42.953+0700][gc,start    ] GC(14) Pause Young (Normal) (G1 Evacuation Pause)
[2025-01-22T21:51:42.953+0700][gc,task     ] GC(14) Using 10 workers of 10 for evacuation
[2025-01-22T21:51:42.958+0700][gc,phases   ] GC(14)   Pre Evacuate Collection Set: 0.14ms
[2025-01-22T21:51:42.958+0700][gc,phases   ] GC(14)   Merge Heap Roots: 0.10ms
[2025-01-22T21:51:42.958+0700][gc,phases   ] GC(14)   Evacuate Collection Set: 4.57ms
[2025-01-22T21:51:42.958+0700][gc,phases   ] GC(14)   Post Evacuate Collection Set: 0.27ms
[2025-01-22T21:51:42.958+0700][gc,phases   ] GC(14)   Other: 0.10ms
[2025-01-22T21:51:42.958+0700][gc,heap     ] GC(14) Eden regions: 70->0(41)
[2025-01-22T21:51:42.958+0700][gc,heap     ] GC(14) Survivor regions: 4->10(10)
[2025-01-22T21:51:42.958+0700][gc,heap     ] GC(14) Old regions: 34->35
[2025-01-22T21:51:42.958+0700][gc,heap     ] GC(14) Humongous regions: 129->129
[2025-01-22T21:51:42.958+0700][gc,metaspace] GC(14) Metaspace: 43607K(44224K)->43607K(44224K) NonClass: 38432K(38784K)->38432K(38784K) Class: 5174K(5440K)->5174K(5440K)
[2025-01-22T21:51:42.958+0700][gc          ] GC(14) Pause Young (Normal) (G1 Evacuation Pause) 236M->173M(1024M) 5.400ms
[2025-01-22T21:51:42.958+0700][gc,cpu      ] GC(14) User=0.04s Sys=0.00s Real=0.00s
[2025-01-22T21:54:38.264+0700][gc,start    ] GC(15) Pause Young (Normal) (G1 Evacuation Pause)
[2025-01-22T21:54:38.264+0700][gc,task     ] GC(15) Using 10 workers of 10 for evacuation
[2025-01-22T21:54:38.268+0700][gc,phases   ] GC(15)   Pre Evacuate Collection Set: 0.33ms
[2025-01-22T21:54:38.268+0700][gc,phases   ] GC(15)   Merge Heap Roots: 0.21ms
[2025-01-22T21:54:38.268+0700][gc,phases   ] GC(15)   Evacuate Collection Set: 3.51ms
[2025-01-22T21:54:38.268+0700][gc,phases   ] GC(15)   Post Evacuate Collection Set: 0.35ms
[2025-01-22T21:54:38.268+0700][gc,phases   ] GC(15)   Other: 0.16ms
[2025-01-22T21:54:38.268+0700][gc,heap     ] GC(15) Eden regions: 41->0(71)
[2025-01-22T21:54:38.268+0700][gc,heap     ] GC(15) Survivor regions: 10->4(7)
[2025-01-22T21:54:38.268+0700][gc,heap     ] GC(15) Old regions: 35->37
[2025-01-22T21:54:38.268+0700][gc,heap     ] GC(15) Humongous regions: 129->129
[2025-01-22T21:54:38.268+0700][gc,metaspace] GC(15) Metaspace: 43663K(44288K)->43663K(44288K) NonClass: 38488K(38848K)->38488K(38848K) Class: 5174K(5440K)->5174K(5440K)
[2025-01-22T21:54:38.269+0700][gc          ] GC(15) Pause Young (Normal) (G1 Evacuation Pause) 214M->169M(1024M) 4.908ms
[2025-01-22T21:54:38.269+0700][gc,cpu      ] GC(15) User=0.03s Sys=0.01s Real=0.00s
[2025-01-22T21:55:57.674+0700][gc,heap,exit] Heap
[2025-01-22T21:55:57.674+0700][gc,heap,exit]  garbage-first heap   total reserved 1048576K, committed 1048576K, used 201917K [0x00000007c0000000, 0x0000000800000000)
[2025-01-22T21:55:57.674+0700][gc,heap,exit]   region size 1024K, 32 young (32768K), 4 survivors (4096K)
[2025-01-22T21:55:57.674+0700][gc,heap,exit]  Metaspace       used 44587K, committed 45184K, reserved 1114112K
[2025-01-22T21:55:57.674+0700][gc,heap,exit]   class space    used 5368K, committed 5632K, reserved 1048576K
