[2025-01-25T21:04:59.220+0700][gc,init] CardTable entry size: 512
[2025-01-25T21:04:59.220+0700][gc     ] Using G1
[2025-01-25T21:04:59.225+0700][gc,init] Version: 23.0.1+11 (release)
[2025-01-25T21:04:59.225+0700][gc,init] CPUs: 12 total, 12 available
[2025-01-25T21:04:59.225+0700][gc,init] Memory: 32768M
[2025-01-25T21:04:59.225+0700][gc,init] Large Page Support: Disabled
[2025-01-25T21:04:59.225+0700][gc,init] NUMA Support: Disabled
[2025-01-25T21:04:59.225+0700][gc,init] Compressed Oops: Enabled (Zero based)
[2025-01-25T21:04:59.225+0700][gc,init] Heap Region Size: 1M
[2025-01-25T21:04:59.225+0700][gc,init] Heap Min Capacity: 1G
[2025-01-25T21:04:59.225+0700][gc,init] Heap Initial Capacity: 1G
[2025-01-25T21:04:59.225+0700][gc,init] Heap Max Capacity: 1G
[2025-01-25T21:04:59.225+0700][gc,init] Pre-touch: Disabled
[2025-01-25T21:04:59.225+0700][gc,init] Parallel Workers: 10
[2025-01-25T21:04:59.225+0700][gc,init] Concurrent Workers: 3
[2025-01-25T21:04:59.225+0700][gc,init] Concurrent Refinement Workers: 10
[2025-01-25T21:04:59.225+0700][gc,init] Periodic GC: Disabled
[2025-01-25T21:04:59.232+0700][gc,metaspace] CDS archive(s) mapped at: [0x000000012a000000-0x000000012ad8f000-0x000000012ad8f000), size 14217216, SharedBaseAddress: 0x000000012a000000, ArchiveRelocationMode: 1.
[2025-01-25T21:04:59.232+0700][gc,metaspace] Compressed class space mapped at: 0x000000012b000000-0x000000016b000000, reserved size: 1073741824
[2025-01-25T21:04:59.232+0700][gc,metaspace] Narrow klass base: 0x000000012a000000, Narrow klass shift: 0, Narrow klass range: 0x100000000
[2025-01-25T21:05:05.791+0700][gc,start    ] GC(0) Pause Young (Normal) (G1 Evacuation Pause)
[2025-01-25T21:05:05.792+0700][gc,task     ] GC(0) Using 10 workers of 10 for evacuation
[2025-01-25T21:05:05.796+0700][gc,phases   ] GC(0)   Pre Evacuate Collection Set: 0.11ms
[2025-01-25T21:05:05.796+0700][gc,phases   ] GC(0)   Merge Heap Roots: 0.09ms
[2025-01-25T21:05:05.796+0700][gc,phases   ] GC(0)   Evacuate Collection Set: 3.04ms
[2025-01-25T21:05:05.796+0700][gc,phases   ] GC(0)   Post Evacuate Collection Set: 0.55ms
[2025-01-25T21:05:05.796+0700][gc,phases   ] GC(0)   Other: 0.49ms
[2025-01-25T21:05:05.796+0700][gc,heap     ] GC(0) Eden regions: 51->0(44)
[2025-01-25T21:05:05.796+0700][gc,heap     ] GC(0) Survivor regions: 0->7(7)
[2025-01-25T21:05:05.796+0700][gc,heap     ] GC(0) Old regions: 2->3
[2025-01-25T21:05:05.796+0700][gc,heap     ] GC(0) Humongous regions: 0->0
[2025-01-25T21:05:05.796+0700][gc,metaspace] GC(0) Metaspace: 16909K(17152K)->16909K(17152K) NonClass: 14848K(14976K)->14848K(14976K) Class: 2060K(2176K)->2060K(2176K)
[2025-01-25T21:05:05.796+0700][gc          ] GC(0) Pause Young (Normal) (G1 Evacuation Pause) 52M->9M(1024M) 4.575ms
[2025-01-25T21:05:05.796+0700][gc,cpu      ] GC(0) User=0.02s Sys=0.02s Real=0.00s
[2025-01-25T21:05:06.132+0700][gc,start    ] GC(1) Pause Young (Concurrent Start) (Metadata GC Threshold)
[2025-01-25T21:05:06.133+0700][gc,task     ] GC(1) Using 10 workers of 10 for evacuation
[2025-01-25T21:05:06.138+0700][gc,phases   ] GC(1)   Pre Evacuate Collection Set: 0.22ms
[2025-01-25T21:05:06.138+0700][gc,phases   ] GC(1)   Merge Heap Roots: 0.08ms
[2025-01-25T21:05:06.138+0700][gc,phases   ] GC(1)   Evacuate Collection Set: 4.48ms
[2025-01-25T21:05:06.138+0700][gc,phases   ] GC(1)   Post Evacuate Collection Set: 0.44ms
[2025-01-25T21:05:06.138+0700][gc,phases   ] GC(1)   Other: 0.15ms
[2025-01-25T21:05:06.138+0700][gc,heap     ] GC(1) Eden regions: 17->0(49)
[2025-01-25T21:05:06.138+0700][gc,heap     ] GC(1) Survivor regions: 7->2(7)
[2025-01-25T21:05:06.138+0700][gc,heap     ] GC(1) Old regions: 3->11
[2025-01-25T21:05:06.138+0700][gc,heap     ] GC(1) Humongous regions: 0->0
[2025-01-25T21:05:06.138+0700][gc,metaspace] GC(1) Metaspace: 21218K(21504K)->21218K(21504K) NonClass: 18627K(18752K)->18627K(18752K) Class: 2591K(2752K)->2591K(2752K)
[2025-01-25T21:05:06.138+0700][gc          ] GC(1) Pause Young (Concurrent Start) (Metadata GC Threshold) 25M->11M(1024M) 5.697ms
[2025-01-25T21:05:06.138+0700][gc,cpu      ] GC(1) User=0.02s Sys=0.02s Real=0.00s
[2025-01-25T21:05:06.138+0700][gc          ] GC(2) Concurrent Mark Cycle
[2025-01-25T21:05:06.138+0700][gc,marking  ] GC(2) Concurrent Scan Root Regions
[2025-01-25T21:05:06.140+0700][gc,marking  ] GC(2) Concurrent Scan Root Regions 1.873ms
[2025-01-25T21:05:06.140+0700][gc,marking  ] GC(2) Concurrent Mark
[2025-01-25T21:05:06.140+0700][gc,marking  ] GC(2) Concurrent Mark From Roots
[2025-01-25T21:05:06.140+0700][gc,task     ] GC(2) Using 3 workers of 3 for marking
[2025-01-25T21:05:06.142+0700][gc,marking  ] GC(2) Concurrent Mark From Roots 1.536ms
[2025-01-25T21:05:06.142+0700][gc,marking  ] GC(2) Concurrent Preclean
[2025-01-25T21:05:06.142+0700][gc,marking  ] GC(2) Concurrent Preclean 0.019ms
[2025-01-25T21:05:06.142+0700][gc,start    ] GC(2) Pause Remark
[2025-01-25T21:05:06.143+0700][gc          ] GC(2) Pause Remark 11M->11M(1024M) 1.560ms
[2025-01-25T21:05:06.143+0700][gc,cpu      ] GC(2) User=0.00s Sys=0.00s Real=0.00s
[2025-01-25T21:05:06.143+0700][gc,marking  ] GC(2) Concurrent Mark 3.342ms
[2025-01-25T21:05:06.144+0700][gc,marking  ] GC(2) Concurrent Rebuild Remembered Sets and Scrub Regions
[2025-01-25T21:05:06.145+0700][gc,marking  ] GC(2) Concurrent Rebuild Remembered Sets and Scrub Regions 1.554ms
[2025-01-25T21:05:06.145+0700][gc,start    ] GC(2) Pause Cleanup
[2025-01-25T21:05:06.145+0700][gc          ] GC(2) Pause Cleanup 11M->11M(1024M) 0.037ms
[2025-01-25T21:05:06.145+0700][gc,cpu      ] GC(2) User=0.00s Sys=0.00s Real=0.00s
[2025-01-25T21:05:06.145+0700][gc,marking  ] GC(2) Concurrent Clear Claimed Marks
[2025-01-25T21:05:06.145+0700][gc,marking  ] GC(2) Concurrent Clear Claimed Marks 0.036ms
[2025-01-25T21:05:06.145+0700][gc,marking  ] GC(2) Concurrent Cleanup for Next Mark
[2025-01-25T21:05:06.150+0700][gc,marking  ] GC(2) Concurrent Cleanup for Next Mark 4.813ms
[2025-01-25T21:05:06.150+0700][gc          ] GC(2) Concurrent Mark Cycle 12.033ms
[2025-01-25T21:05:06.847+0700][gc,start    ] GC(3) Pause Young (Prepare Mixed) (G1 Evacuation Pause)
[2025-01-25T21:05:06.856+0700][gc,task     ] GC(3) Using 10 workers of 10 for evacuation
[2025-01-25T21:05:06.859+0700][gc,phases   ] GC(3)   Pre Evacuate Collection Set: 0.18ms
[2025-01-25T21:05:06.859+0700][gc,phases   ] GC(3)   Merge Heap Roots: 0.08ms
[2025-01-25T21:05:06.859+0700][gc,phases   ] GC(3)   Evacuate Collection Set: 2.53ms
[2025-01-25T21:05:06.859+0700][gc,phases   ] GC(3)   Post Evacuate Collection Set: 0.40ms
[2025-01-25T21:05:06.859+0700][gc,phases   ] GC(3)   Other: 0.11ms
[2025-01-25T21:05:06.859+0700][gc,heap     ] GC(3) Eden regions: 49->0(44)
[2025-01-25T21:05:06.859+0700][gc,heap     ] GC(3) Survivor regions: 2->7(7)
[2025-01-25T21:05:06.859+0700][gc,heap     ] GC(3) Old regions: 11->11
[2025-01-25T21:05:06.859+0700][gc,heap     ] GC(3) Humongous regions: 129->129
[2025-01-25T21:05:06.859+0700][gc,metaspace] GC(3) Metaspace: 32570K(32896K)->32570K(32896K) NonClass: 28916K(29120K)->28916K(29120K) Class: 3654K(3776K)->3654K(3776K)
[2025-01-25T21:05:06.859+0700][gc          ] GC(3) Pause Young (Prepare Mixed) (G1 Evacuation Pause) 189M->145M(1024M) 12.079ms
[2025-01-25T21:05:06.859+0700][gc,cpu      ] GC(3) User=0.03s Sys=0.00s Real=0.01s
[2025-01-25T21:05:06.988+0700][gc,start    ] GC(4) Pause Young (Mixed) (Metadata GC Threshold)
[2025-01-25T21:05:06.988+0700][gc,task     ] GC(4) Using 10 workers of 10 for evacuation
[2025-01-25T21:05:06.993+0700][gc,phases   ] GC(4)   Pre Evacuate Collection Set: 0.24ms
[2025-01-25T21:05:07.012+0700][gc,phases   ] GC(4)   Merge Heap Roots: 0.07ms
[2025-01-25T21:05:07.012+0700][gc,phases   ] GC(4)   Evacuate Collection Set: 4.34ms
[2025-01-25T21:05:07.012+0700][gc,phases   ] GC(4)   Post Evacuate Collection Set: 0.46ms
[2025-01-25T21:05:07.013+0700][gc,phases   ] GC(4)   Other: 0.09ms
[2025-01-25T21:05:07.013+0700][gc,heap     ] GC(4) Eden regions: 14->0(49)
[2025-01-25T21:05:07.013+0700][gc,heap     ] GC(4) Survivor regions: 7->2(7)
[2025-01-25T21:05:07.013+0700][gc,heap     ] GC(4) Old regions: 11->16
[2025-01-25T21:05:07.013+0700][gc,heap     ] GC(4) Humongous regions: 129->129
[2025-01-25T21:05:07.013+0700][gc,metaspace] GC(4) Metaspace: 35804K(36096K)->35804K(36096K) NonClass: 31722K(31872K)->31722K(31872K) Class: 4081K(4224K)->4081K(4224K)
[2025-01-25T21:05:07.013+0700][gc          ] GC(4) Pause Young (Mixed) (Metadata GC Threshold) 158M->146M(1024M) 24.892ms
[2025-01-25T21:05:07.013+0700][gc,cpu      ] GC(4) User=0.05s Sys=0.02s Real=0.03s
[2025-01-25T21:05:07.027+0700][gc,start    ] GC(5) Pause Young (Concurrent Start) (Metadata GC Threshold)
[2025-01-25T21:05:07.027+0700][gc,task     ] GC(5) Using 10 workers of 10 for evacuation
[2025-01-25T21:05:07.028+0700][gc,phases   ] GC(5)   Pre Evacuate Collection Set: 0.23ms
[2025-01-25T21:05:07.028+0700][gc,phases   ] GC(5)   Merge Heap Roots: 0.08ms
[2025-01-25T21:05:07.028+0700][gc,phases   ] GC(5)   Evacuate Collection Set: 0.60ms
[2025-01-25T21:05:07.028+0700][gc,phases   ] GC(5)   Post Evacuate Collection Set: 0.27ms
[2025-01-25T21:05:07.028+0700][gc,phases   ] GC(5)   Other: 0.12ms
[2025-01-25T21:05:07.028+0700][gc,heap     ] GC(5) Eden regions: 3->0(50)
[2025-01-25T21:05:07.028+0700][gc,heap     ] GC(5) Survivor regions: 2->1(7)
[2025-01-25T21:05:07.028+0700][gc,heap     ] GC(5) Old regions: 16->16
[2025-01-25T21:05:07.028+0700][gc,heap     ] GC(5) Humongous regions: 129->129
[2025-01-25T21:05:07.028+0700][gc,metaspace] GC(5) Metaspace: 36109K(36416K)->36109K(36416K) NonClass: 31981K(32128K)->31981K(32128K) Class: 4127K(4288K)->4127K(4288K)
[2025-01-25T21:05:07.028+0700][gc          ] GC(5) Pause Young (Concurrent Start) (Metadata GC Threshold) 148M->145M(1024M) 1.471ms
[2025-01-25T21:05:07.028+0700][gc,cpu      ] GC(5) User=0.01s Sys=0.00s Real=0.00s
[2025-01-25T21:05:07.028+0700][gc          ] GC(6) Concurrent Mark Cycle
[2025-01-25T21:05:07.028+0700][gc,marking  ] GC(6) Concurrent Scan Root Regions
[2025-01-25T21:05:07.029+0700][gc,marking  ] GC(6) Concurrent Scan Root Regions 1.063ms
[2025-01-25T21:05:07.029+0700][gc,marking  ] GC(6) Concurrent Mark
[2025-01-25T21:05:07.029+0700][gc,marking  ] GC(6) Concurrent Mark From Roots
[2025-01-25T21:05:07.029+0700][gc,task     ] GC(6) Using 3 workers of 3 for marking
[2025-01-25T21:05:07.038+0700][gc,marking  ] GC(6) Concurrent Mark From Roots 8.558ms
[2025-01-25T21:05:07.038+0700][gc,marking  ] GC(6) Concurrent Preclean
[2025-01-25T21:05:07.038+0700][gc,marking  ] GC(6) Concurrent Preclean 0.046ms
[2025-01-25T21:05:07.038+0700][gc,start    ] GC(6) Pause Remark
[2025-01-25T21:05:07.040+0700][gc          ] GC(6) Pause Remark 146M->146M(1024M) 1.750ms
[2025-01-25T21:05:07.040+0700][gc,cpu      ] GC(6) User=0.01s Sys=0.00s Real=0.01s
[2025-01-25T21:05:07.040+0700][gc,marking  ] GC(6) Concurrent Mark 10.716ms
[2025-01-25T21:05:07.040+0700][gc,marking  ] GC(6) Concurrent Rebuild Remembered Sets and Scrub Regions
[2025-01-25T21:05:07.043+0700][gc,marking  ] GC(6) Concurrent Rebuild Remembered Sets and Scrub Regions 2.959ms
[2025-01-25T21:05:07.043+0700][gc,start    ] GC(6) Pause Cleanup
[2025-01-25T21:05:07.043+0700][gc          ] GC(6) Pause Cleanup 146M->146M(1024M) 0.055ms
[2025-01-25T21:05:07.043+0700][gc,cpu      ] GC(6) User=0.00s Sys=0.00s Real=0.00s
[2025-01-25T21:05:07.043+0700][gc,marking  ] GC(6) Concurrent Clear Claimed Marks
[2025-01-25T21:05:07.043+0700][gc,marking  ] GC(6) Concurrent Clear Claimed Marks 0.038ms
[2025-01-25T21:05:07.043+0700][gc,marking  ] GC(6) Concurrent Cleanup for Next Mark
[2025-01-25T21:05:07.045+0700][gc,marking  ] GC(6) Concurrent Cleanup for Next Mark 1.270ms
[2025-01-25T21:05:07.045+0700][gc          ] GC(6) Concurrent Mark Cycle 16.432ms
[2025-01-25T21:06:28.266+0700][gc,start    ] GC(7) Pause Young (Normal) (G1 Evacuation Pause)
[2025-01-25T21:06:28.266+0700][gc,task     ] GC(7) Using 10 workers of 10 for evacuation
[2025-01-25T21:06:28.269+0700][gc,phases   ] GC(7)   Pre Evacuate Collection Set: 0.21ms
[2025-01-25T21:06:28.269+0700][gc,phases   ] GC(7)   Merge Heap Roots: 0.08ms
[2025-01-25T21:06:28.269+0700][gc,phases   ] GC(7)   Evacuate Collection Set: 2.11ms
[2025-01-25T21:06:28.269+0700][gc,phases   ] GC(7)   Post Evacuate Collection Set: 0.47ms
[2025-01-25T21:06:28.269+0700][gc,phases   ] GC(7)   Other: 0.08ms
[2025-01-25T21:06:28.269+0700][gc,heap     ] GC(7) Eden regions: 50->0(46)
[2025-01-25T21:06:28.269+0700][gc,heap     ] GC(7) Survivor regions: 1->5(7)
[2025-01-25T21:06:28.269+0700][gc,heap     ] GC(7) Old regions: 16->16
[2025-01-25T21:06:28.269+0700][gc,heap     ] GC(7) Humongous regions: 129->129
[2025-01-25T21:06:28.269+0700][gc,metaspace] GC(7) Metaspace: 42223K(42880K)->42223K(42880K) NonClass: 37117K(37504K)->37117K(37504K) Class: 5106K(5376K)->5106K(5376K)
[2025-01-25T21:06:28.269+0700][gc          ] GC(7) Pause Young (Normal) (G1 Evacuation Pause) 195M->149M(1024M) 3.180ms
[2025-01-25T21:06:28.269+0700][gc,cpu      ] GC(7) User=0.02s Sys=0.00s Real=0.00s
[2025-01-25T21:09:12.028+0700][gc,start    ] GC(8) Pause Young (Normal) (G1 Evacuation Pause)
[2025-01-25T21:09:12.029+0700][gc,task     ] GC(8) Using 10 workers of 10 for evacuation
[2025-01-25T21:09:12.033+0700][gc,phases   ] GC(8)   Pre Evacuate Collection Set: 0.15ms
[2025-01-25T21:09:12.033+0700][gc,phases   ] GC(8)   Merge Heap Roots: 0.06ms
[2025-01-25T21:09:12.033+0700][gc,phases   ] GC(8)   Evacuate Collection Set: 3.49ms
[2025-01-25T21:09:12.033+0700][gc,phases   ] GC(8)   Post Evacuate Collection Set: 0.28ms
[2025-01-25T21:09:12.033+0700][gc,phases   ] GC(8)   Other: 0.12ms
[2025-01-25T21:09:12.033+0700][gc,heap     ] GC(8) Eden regions: 46->0(46)
[2025-01-25T21:09:12.033+0700][gc,heap     ] GC(8) Survivor regions: 5->5(7)
[2025-01-25T21:09:12.033+0700][gc,heap     ] GC(8) Old regions: 16->21
[2025-01-25T21:09:12.033+0700][gc,heap     ] GC(8) Humongous regions: 129->129
[2025-01-25T21:09:12.033+0700][gc,metaspace] GC(8) Metaspace: 42798K(43392K)->42798K(43392K) NonClass: 37692K(38016K)->37692K(38016K) Class: 5106K(5376K)->5106K(5376K)
[2025-01-25T21:09:12.033+0700][gc          ] GC(8) Pause Young (Normal) (G1 Evacuation Pause) 195M->153M(1024M) 4.397ms
[2025-01-25T21:09:12.033+0700][gc,cpu      ] GC(8) User=0.03s Sys=0.01s Real=0.01s
[2025-01-25T21:12:11.120+0700][gc,start    ] GC(9) Pause Young (Normal) (G1 Evacuation Pause)
[2025-01-25T21:12:11.120+0700][gc,task     ] GC(9) Using 10 workers of 10 for evacuation
[2025-01-25T21:12:11.124+0700][gc,phases   ] GC(9)   Pre Evacuate Collection Set: 0.12ms
[2025-01-25T21:12:11.124+0700][gc,phases   ] GC(9)   Merge Heap Roots: 0.06ms
[2025-01-25T21:12:11.124+0700][gc,phases   ] GC(9)   Evacuate Collection Set: 2.96ms
[2025-01-25T21:12:11.124+0700][gc,phases   ] GC(9)   Post Evacuate Collection Set: 0.23ms
[2025-01-25T21:12:11.124+0700][gc,phases   ] GC(9)   Other: 0.08ms
[2025-01-25T21:12:11.124+0700][gc,heap     ] GC(9) Eden regions: 46->0(46)
[2025-01-25T21:12:11.124+0700][gc,heap     ] GC(9) Survivor regions: 5->5(7)
[2025-01-25T21:12:11.124+0700][gc,heap     ] GC(9) Old regions: 21->24
[2025-01-25T21:12:11.124+0700][gc,heap     ] GC(9) Humongous regions: 129->129
[2025-01-25T21:12:11.124+0700][gc,metaspace] GC(9) Metaspace: 42986K(43584K)->42986K(43584K) NonClass: 37873K(38208K)->37873K(38208K) Class: 5113K(5376K)->5113K(5376K)
[2025-01-25T21:12:11.124+0700][gc          ] GC(9) Pause Young (Normal) (G1 Evacuation Pause) 199M->157M(1024M) 3.690ms
[2025-01-25T21:12:11.124+0700][gc,cpu      ] GC(9) User=0.03s Sys=0.01s Real=0.00s
[2025-01-25T21:15:11.440+0700][gc,start    ] GC(10) Pause Young (Normal) (G1 Evacuation Pause)
[2025-01-25T21:15:11.440+0700][gc,task     ] GC(10) Using 10 workers of 10 for evacuation
[2025-01-25T21:15:11.442+0700][gc,phases   ] GC(10)   Pre Evacuate Collection Set: 0.18ms
[2025-01-25T21:15:11.442+0700][gc,phases   ] GC(10)   Merge Heap Roots: 0.07ms
[2025-01-25T21:15:11.442+0700][gc,phases   ] GC(10)   Evacuate Collection Set: 1.54ms
[2025-01-25T21:15:11.442+0700][gc,phases   ] GC(10)   Post Evacuate Collection Set: 0.35ms
[2025-01-25T21:15:11.442+0700][gc,phases   ] GC(10)   Other: 0.16ms
[2025-01-25T21:15:11.442+0700][gc,heap     ] GC(10) Eden regions: 46->0(49)
[2025-01-25T21:15:11.442+0700][gc,heap     ] GC(10) Survivor regions: 5->2(7)
[2025-01-25T21:15:11.442+0700][gc,heap     ] GC(10) Old regions: 24->26
[2025-01-25T21:15:11.442+0700][gc,heap     ] GC(10) Humongous regions: 129->129
[2025-01-25T21:15:11.442+0700][gc,metaspace] GC(10) Metaspace: 43100K(43712K)->43100K(43712K) NonClass: 37970K(38336K)->37970K(38336K) Class: 5129K(5376K)->5129K(5376K)
[2025-01-25T21:15:11.442+0700][gc          ] GC(10) Pause Young (Normal) (G1 Evacuation Pause) 203M->156M(1024M) 2.607ms
[2025-01-25T21:15:11.442+0700][gc,cpu      ] GC(10) User=0.02s Sys=0.00s Real=0.00s
[2025-01-25T21:18:26.939+0700][gc,start    ] GC(11) Pause Young (Normal) (G1 Evacuation Pause)
[2025-01-25T21:18:26.939+0700][gc,task     ] GC(11) Using 10 workers of 10 for evacuation
[2025-01-25T21:18:26.943+0700][gc,phases   ] GC(11)   Pre Evacuate Collection Set: 0.20ms
[2025-01-25T21:18:26.943+0700][gc,phases   ] GC(11)   Merge Heap Roots: 0.11ms
[2025-01-25T21:18:26.943+0700][gc,phases   ] GC(11)   Evacuate Collection Set: 3.30ms
[2025-01-25T21:18:26.943+0700][gc,phases   ] GC(11)   Post Evacuate Collection Set: 0.35ms
[2025-01-25T21:18:26.943+0700][gc,phases   ] GC(11)   Other: 0.13ms
[2025-01-25T21:18:26.943+0700][gc,heap     ] GC(11) Eden regions: 49->0(44)
[2025-01-25T21:18:26.943+0700][gc,heap     ] GC(11) Survivor regions: 2->7(7)
[2025-01-25T21:18:26.943+0700][gc,heap     ] GC(11) Old regions: 26->26
[2025-01-25T21:18:26.943+0700][gc,heap     ] GC(11) Humongous regions: 129->129
[2025-01-25T21:18:26.943+0700][gc,metaspace] GC(11) Metaspace: 43194K(43776K)->43194K(43776K) NonClass: 38063K(38400K)->38063K(38400K) Class: 5131K(5376K)->5131K(5376K)
[2025-01-25T21:18:26.943+0700][gc          ] GC(11) Pause Young (Normal) (G1 Evacuation Pause) 205M->160M(1024M) 4.400ms
[2025-01-25T21:18:26.943+0700][gc,cpu      ] GC(11) User=0.03s Sys=0.00s Real=0.01s
[2025-01-25T21:21:25.325+0700][gc,start    ] GC(12) Pause Young (Normal) (G1 Evacuation Pause)
[2025-01-25T21:21:25.325+0700][gc,task     ] GC(12) Using 10 workers of 10 for evacuation
[2025-01-25T21:21:25.332+0700][gc,phases   ] GC(12)   Pre Evacuate Collection Set: 0.29ms
[2025-01-25T21:21:25.332+0700][gc,phases   ] GC(12)   Merge Heap Roots: 0.17ms
[2025-01-25T21:21:25.332+0700][gc,phases   ] GC(12)   Evacuate Collection Set: 6.31ms
[2025-01-25T21:21:25.332+0700][gc,phases   ] GC(12)   Post Evacuate Collection Set: 0.37ms
[2025-01-25T21:21:25.332+0700][gc,phases   ] GC(12)   Other: 0.15ms
[2025-01-25T21:21:25.332+0700][gc,heap     ] GC(12) Eden regions: 44->0(55)
[2025-01-25T21:21:25.332+0700][gc,heap     ] GC(12) Survivor regions: 7->5(7)
[2025-01-25T21:21:25.332+0700][gc,heap     ] GC(12) Old regions: 26->32
[2025-01-25T21:21:25.332+0700][gc,heap     ] GC(12) Humongous regions: 129->129
[2025-01-25T21:21:25.332+0700][gc,metaspace] GC(12) Metaspace: 43242K(43840K)->43242K(43840K) NonClass: 38110K(38464K)->38110K(38464K) Class: 5131K(5376K)->5131K(5376K)
[2025-01-25T21:21:25.332+0700][gc          ] GC(12) Pause Young (Normal) (G1 Evacuation Pause) 204M->164M(1024M) 7.659ms
[2025-01-25T21:21:25.332+0700][gc,cpu      ] GC(12) User=0.05s Sys=0.01s Real=0.01s
[2025-01-25T21:24:33.774+0700][gc,start    ] GC(13) Pause Young (Normal) (G1 Evacuation Pause)
[2025-01-25T21:24:33.774+0700][gc,task     ] GC(13) Using 10 workers of 10 for evacuation
[2025-01-25T21:24:33.778+0700][gc,phases   ] GC(13)   Pre Evacuate Collection Set: 0.21ms
[2025-01-25T21:24:33.778+0700][gc,phases   ] GC(13)   Merge Heap Roots: 0.14ms
[2025-01-25T21:24:33.778+0700][gc,phases   ] GC(13)   Evacuate Collection Set: 2.70ms
[2025-01-25T21:24:33.778+0700][gc,phases   ] GC(13)   Post Evacuate Collection Set: 0.34ms
[2025-01-25T21:24:33.778+0700][gc,phases   ] GC(13)   Other: 0.12ms
[2025-01-25T21:24:33.778+0700][gc,heap     ] GC(13) Eden regions: 46->0(94)
[2025-01-25T21:24:33.778+0700][gc,heap     ] GC(13) Survivor regions: 5->4(7)
[2025-01-25T21:24:33.778+0700][gc,heap     ] GC(13) Old regions: 32->33
[2025-01-25T21:24:33.778+0700][gc,heap     ] GC(13) Humongous regions: 129->129
[2025-01-25T21:24:33.778+0700][gc,metaspace] GC(13) Metaspace: 43292K(43904K)->43292K(43904K) NonClass: 38161K(38528K)->38161K(38528K) Class: 5131K(5376K)->5131K(5376K)
[2025-01-25T21:24:33.778+0700][gc          ] GC(13) Pause Young (Normal) (G1 Evacuation Pause) 210M->165M(1024M) 3.833ms
[2025-01-25T21:24:33.778+0700][gc,cpu      ] GC(13) User=0.02s Sys=0.00s Real=0.00s
[2025-01-25T21:30:48.641+0700][gc,start    ] GC(14) Pause Young (Normal) (G1 Evacuation Pause)
[2025-01-25T21:30:48.641+0700][gc,task     ] GC(14) Using 10 workers of 10 for evacuation
[2025-01-25T21:30:48.648+0700][gc,phases   ] GC(14)   Pre Evacuate Collection Set: 0.20ms
[2025-01-25T21:30:48.648+0700][gc,phases   ] GC(14)   Merge Heap Roots: 0.10ms
[2025-01-25T21:30:48.648+0700][gc,phases   ] GC(14)   Evacuate Collection Set: 6.52ms
[2025-01-25T21:30:48.648+0700][gc,phases   ] GC(14)   Post Evacuate Collection Set: 0.30ms
[2025-01-25T21:30:48.648+0700][gc,phases   ] GC(14)   Other: 0.19ms
[2025-01-25T21:30:48.648+0700][gc,heap     ] GC(14) Eden regions: 91->0(39)
[2025-01-25T21:30:48.648+0700][gc,heap     ] GC(14) Survivor regions: 4->12(12)
[2025-01-25T21:30:48.648+0700][gc,heap     ] GC(14) Old regions: 33->33
[2025-01-25T21:30:48.648+0700][gc,heap     ] GC(14) Humongous regions: 129->129
[2025-01-25T21:30:48.648+0700][gc,metaspace] GC(14) Metaspace: 43382K(43968K)->43382K(43968K) NonClass: 38251K(38592K)->38251K(38592K) Class: 5131K(5376K)->5131K(5376K)
[2025-01-25T21:30:48.648+0700][gc          ] GC(14) Pause Young (Normal) (G1 Evacuation Pause) 256M->173M(1024M) 7.586ms
[2025-01-25T21:30:48.648+0700][gc,cpu      ] GC(14) User=0.05s Sys=0.01s Real=0.00s
[2025-01-25T21:33:28.408+0700][gc,start    ] GC(15) Pause Young (Normal) (G1 Evacuation Pause)
[2025-01-25T21:33:28.408+0700][gc,task     ] GC(15) Using 10 workers of 10 for evacuation
[2025-01-25T21:33:28.413+0700][gc,phases   ] GC(15)   Pre Evacuate Collection Set: 0.30ms
[2025-01-25T21:33:28.413+0700][gc,phases   ] GC(15)   Merge Heap Roots: 0.18ms
[2025-01-25T21:33:28.413+0700][gc,phases   ] GC(15)   Evacuate Collection Set: 3.89ms
[2025-01-25T21:33:28.413+0700][gc,phases   ] GC(15)   Post Evacuate Collection Set: 0.40ms
[2025-01-25T21:33:28.413+0700][gc,phases   ] GC(15)   Other: 0.18ms
[2025-01-25T21:33:28.413+0700][gc,heap     ] GC(15) Eden regions: 39->0(75)
[2025-01-25T21:33:28.413+0700][gc,heap     ] GC(15) Survivor regions: 12->4(7)
[2025-01-25T21:33:28.413+0700][gc,heap     ] GC(15) Old regions: 33->36
[2025-01-25T21:33:28.413+0700][gc,heap     ] GC(15) Humongous regions: 129->129
[2025-01-25T21:33:28.413+0700][gc,metaspace] GC(15) Metaspace: 43399K(44032K)->43399K(44032K) NonClass: 38267K(38656K)->38267K(38656K) Class: 5131K(5376K)->5131K(5376K)
[2025-01-25T21:33:28.413+0700][gc          ] GC(15) Pause Young (Normal) (G1 Evacuation Pause) 212M->168M(1024M) 5.311ms
[2025-01-25T21:33:28.413+0700][gc,cpu      ] GC(15) User=0.04s Sys=0.00s Real=0.01s
[2025-01-25T21:38:41.988+0700][gc,start    ] GC(16) Pause Young (Normal) (G1 Evacuation Pause)
[2025-01-25T21:38:41.988+0700][gc,task     ] GC(16) Using 10 workers of 10 for evacuation
[2025-01-25T21:38:41.993+0700][gc,phases   ] GC(16)   Pre Evacuate Collection Set: 0.24ms
[2025-01-25T21:38:41.993+0700][gc,phases   ] GC(16)   Merge Heap Roots: 0.11ms
[2025-01-25T21:38:41.993+0700][gc,phases   ] GC(16)   Evacuate Collection Set: 4.10ms
[2025-01-25T21:38:41.993+0700][gc,phases   ] GC(16)   Post Evacuate Collection Set: 0.41ms
[2025-01-25T21:38:41.993+0700][gc,phases   ] GC(16)   Other: 0.12ms
[2025-01-25T21:38:41.993+0700][gc,heap     ] GC(16) Eden regions: 75->0(71)
[2025-01-25T21:38:41.993+0700][gc,heap     ] GC(16) Survivor regions: 4->10(10)
[2025-01-25T21:38:41.993+0700][gc,heap     ] GC(16) Old regions: 36->36
[2025-01-25T21:38:41.993+0700][gc,heap     ] GC(16) Humongous regions: 129->129
[2025-01-25T21:38:41.993+0700][gc,metaspace] GC(16) Metaspace: 43455K(44032K)->43455K(44032K) NonClass: 38324K(38656K)->38324K(38656K) Class: 5131K(5376K)->5131K(5376K)
[2025-01-25T21:38:41.993+0700][gc          ] GC(16) Pause Young (Normal) (G1 Evacuation Pause) 243M->174M(1024M) 5.265ms
[2025-01-25T21:38:41.993+0700][gc,cpu      ] GC(16) User=0.04s Sys=0.00s Real=0.01s
[2025-01-25T21:43:35.806+0700][gc,start    ] GC(17) Pause Young (Normal) (G1 Evacuation Pause)
[2025-01-25T21:43:35.806+0700][gc,task     ] GC(17) Using 10 workers of 10 for evacuation
[2025-01-25T21:43:35.811+0700][gc,phases   ] GC(17)   Pre Evacuate Collection Set: 0.20ms
[2025-01-25T21:43:35.811+0700][gc,phases   ] GC(17)   Merge Heap Roots: 0.13ms
[2025-01-25T21:43:35.811+0700][gc,phases   ] GC(17)   Evacuate Collection Set: 4.16ms
[2025-01-25T21:43:35.811+0700][gc,phases   ] GC(17)   Post Evacuate Collection Set: 0.39ms
[2025-01-25T21:43:35.811+0700][gc,phases   ] GC(17)   Other: 0.15ms
[2025-01-25T21:43:35.811+0700][gc,heap     ] GC(17) Eden regions: 70->0(104)
[2025-01-25T21:43:35.811+0700][gc,heap     ] GC(17) Survivor regions: 10->7(10)
[2025-01-25T21:43:35.811+0700][gc,heap     ] GC(17) Old regions: 36->38
[2025-01-25T21:43:35.811+0700][gc,heap     ] GC(17) Humongous regions: 129->129
[2025-01-25T21:43:35.811+0700][gc,metaspace] GC(17) Metaspace: 43477K(44096K)->43477K(44096K) NonClass: 38345K(38720K)->38345K(38720K) Class: 5131K(5376K)->5131K(5376K)
[2025-01-25T21:43:35.811+0700][gc          ] GC(17) Pause Young (Normal) (G1 Evacuation Pause) 244M->172M(1024M) 5.352ms
[2025-01-25T21:43:35.811+0700][gc,cpu      ] GC(17) User=0.04s Sys=0.00s Real=0.01s
[2025-01-25T21:50:41.843+0700][gc,start    ] GC(18) Pause Young (Normal) (G1 Evacuation Pause)
[2025-01-25T21:50:41.843+0700][gc,task     ] GC(18) Using 10 workers of 10 for evacuation
[2025-01-25T21:50:41.848+0700][gc,phases   ] GC(18)   Pre Evacuate Collection Set: 0.22ms
[2025-01-25T21:50:41.848+0700][gc,phases   ] GC(18)   Merge Heap Roots: 0.15ms
[2025-01-25T21:50:41.848+0700][gc,phases   ] GC(18)   Evacuate Collection Set: 4.19ms
[2025-01-25T21:50:41.848+0700][gc,phases   ] GC(18)   Post Evacuate Collection Set: 0.42ms
[2025-01-25T21:50:41.848+0700][gc,phases   ] GC(18)   Other: 0.15ms
[2025-01-25T21:50:41.848+0700][gc,heap     ] GC(18) Eden regions: 101->0(102)
[2025-01-25T21:50:41.848+0700][gc,heap     ] GC(18) Survivor regions: 7->7(14)
[2025-01-25T21:50:41.848+0700][gc,heap     ] GC(18) Old regions: 38->38
[2025-01-25T21:50:41.848+0700][gc,heap     ] GC(18) Humongous regions: 129->129
[2025-01-25T21:50:41.848+0700][gc,metaspace] GC(18) Metaspace: 43569K(44160K)->43569K(44160K) NonClass: 38438K(38784K)->38438K(38784K) Class: 5131K(5376K)->5131K(5376K)
[2025-01-25T21:50:41.848+0700][gc          ] GC(18) Pause Young (Normal) (G1 Evacuation Pause) 273M->172M(1024M) 5.438ms
[2025-01-25T21:50:41.848+0700][gc,cpu      ] GC(18) User=0.04s Sys=0.00s Real=0.00s
[2025-01-25T21:57:58.036+0700][gc,start    ] GC(19) Pause Young (Normal) (G1 Evacuation Pause)
[2025-01-25T21:57:58.036+0700][gc,task     ] GC(19) Using 10 workers of 10 for evacuation
[2025-01-25T21:57:58.041+0700][gc,phases   ] GC(19)   Pre Evacuate Collection Set: 0.17ms
[2025-01-25T21:57:58.041+0700][gc,phases   ] GC(19)   Merge Heap Roots: 0.08ms
[2025-01-25T21:57:58.041+0700][gc,phases   ] GC(19)   Evacuate Collection Set: 4.12ms
[2025-01-25T21:57:58.041+0700][gc,phases   ] GC(19)   Post Evacuate Collection Set: 0.36ms
[2025-01-25T21:57:58.041+0700][gc,phases   ] GC(19)   Other: 0.10ms
[2025-01-25T21:57:58.041+0700][gc,heap     ] GC(19) Eden regions: 103->0(112)
[2025-01-25T21:57:58.041+0700][gc,heap     ] GC(19) Survivor regions: 7->7(14)
[2025-01-25T21:57:58.041+0700][gc,heap     ] GC(19) Old regions: 38->38
[2025-01-25T21:57:58.041+0700][gc,heap     ] GC(19) Humongous regions: 129->129
[2025-01-25T21:57:58.041+0700][gc,metaspace] GC(19) Metaspace: 43596K(44160K)->43596K(44160K) NonClass: 38464K(38784K)->38464K(38784K) Class: 5131K(5376K)->5131K(5376K)
[2025-01-25T21:57:58.041+0700][gc          ] GC(19) Pause Young (Normal) (G1 Evacuation Pause) 275M->173M(1024M) 5.288ms
[2025-01-25T21:57:58.041+0700][gc,cpu      ] GC(19) User=0.04s Sys=0.01s Real=0.01s
[2025-01-25T22:05:02.604+0700][gc,start    ] GC(20) Pause Young (Normal) (G1 Evacuation Pause)
[2025-01-25T22:05:02.605+0700][gc,task     ] GC(20) Using 10 workers of 10 for evacuation
[2025-01-25T22:05:02.611+0700][gc,phases   ] GC(20)   Pre Evacuate Collection Set: 0.18ms
[2025-01-25T22:05:02.611+0700][gc,phases   ] GC(20)   Merge Heap Roots: 0.12ms
[2025-01-25T22:05:02.611+0700][gc,phases   ] GC(20)   Evacuate Collection Set: 5.36ms
[2025-01-25T22:05:02.611+0700][gc,phases   ] GC(20)   Post Evacuate Collection Set: 0.40ms
[2025-01-25T22:05:02.611+0700][gc,phases   ] GC(20)   Other: 0.14ms
[2025-01-25T22:05:02.611+0700][gc,heap     ] GC(20) Eden regions: 112->0(116)
[2025-01-25T22:05:02.611+0700][gc,heap     ] GC(20) Survivor regions: 7->9(15)
[2025-01-25T22:05:02.611+0700][gc,heap     ] GC(20) Old regions: 38->38
[2025-01-25T22:05:02.611+0700][gc,heap     ] GC(20) Humongous regions: 129->129
[2025-01-25T22:05:02.611+0700][gc,metaspace] GC(20) Metaspace: 43820K(44480K)->43820K(44480K) NonClass: 38638K(39040K)->38638K(39040K) Class: 5181K(5440K)->5181K(5440K)
[2025-01-25T22:05:02.611+0700][gc          ] GC(20) Pause Young (Normal) (G1 Evacuation Pause) 285M->175M(1024M) 7.065ms
[2025-01-25T22:05:02.611+0700][gc,cpu      ] GC(20) User=0.04s Sys=0.01s Real=0.01s
[2025-01-25T22:11:24.147+0700][gc,start    ] GC(21) Pause Young (Normal) (G1 Evacuation Pause)
[2025-01-25T22:11:24.147+0700][gc,task     ] GC(21) Using 10 workers of 10 for evacuation
[2025-01-25T22:11:24.156+0700][gc,phases   ] GC(21)   Pre Evacuate Collection Set: 0.17ms
[2025-01-25T22:11:24.156+0700][gc,phases   ] GC(21)   Merge Heap Roots: 0.12ms
[2025-01-25T22:11:24.156+0700][gc,phases   ] GC(21)   Evacuate Collection Set: 8.31ms
[2025-01-25T22:11:24.156+0700][gc,phases   ] GC(21)   Post Evacuate Collection Set: 0.40ms
[2025-01-25T22:11:24.156+0700][gc,phases   ] GC(21)   Other: 0.12ms
[2025-01-25T22:11:24.157+0700][gc,heap     ] GC(21) Eden regions: 114->0(110)
[2025-01-25T22:11:24.157+0700][gc,heap     ] GC(21) Survivor regions: 9->16(16)
[2025-01-25T22:11:24.157+0700][gc,heap     ] GC(21) Old regions: 38->39
[2025-01-25T22:11:24.157+0700][gc,heap     ] GC(21) Humongous regions: 129->129
[2025-01-25T22:11:24.157+0700][gc,metaspace] GC(21) Metaspace: 43898K(44544K)->43898K(44544K) NonClass: 38708K(39104K)->38708K(39104K) Class: 5189K(5440K)->5189K(5440K)
[2025-01-25T22:11:24.157+0700][gc          ] GC(21) Pause Young (Normal) (G1 Evacuation Pause) 289M->183M(1024M) 9.413ms
[2025-01-25T22:11:24.157+0700][gc,cpu      ] GC(21) User=0.07s Sys=0.01s Real=0.01s
[2025-01-25T22:17:46.206+0700][gc,start    ] GC(22) Pause Young (Normal) (G1 Evacuation Pause)
[2025-01-25T22:17:46.207+0700][gc,task     ] GC(22) Using 10 workers of 10 for evacuation
[2025-01-25T22:17:46.216+0700][gc,phases   ] GC(22)   Pre Evacuate Collection Set: 0.26ms
[2025-01-25T22:17:46.216+0700][gc,phases   ] GC(22)   Merge Heap Roots: 0.16ms
[2025-01-25T22:17:46.216+0700][gc,phases   ] GC(22)   Evacuate Collection Set: 7.26ms
[2025-01-25T22:17:46.216+0700][gc,phases   ] GC(22)   Post Evacuate Collection Set: 0.36ms
[2025-01-25T22:17:46.216+0700][gc,phases   ] GC(22)   Other: 0.16ms
[2025-01-25T22:17:46.216+0700][gc,heap     ] GC(22) Eden regions: 107->0(149)
[2025-01-25T22:17:46.216+0700][gc,heap     ] GC(22) Survivor regions: 16->5(16)
[2025-01-25T22:17:46.216+0700][gc,heap     ] GC(22) Old regions: 39->47
[2025-01-25T22:17:46.216+0700][gc,heap     ] GC(22) Humongous regions: 129->129
[2025-01-25T22:17:46.216+0700][gc,metaspace] GC(22) Metaspace: 43901K(44544K)->43901K(44544K) NonClass: 38711K(39104K)->38711K(39104K) Class: 5189K(5440K)->5189K(5440K)
[2025-01-25T22:17:46.216+0700][gc          ] GC(22) Pause Young (Normal) (G1 Evacuation Pause) 290M->180M(1024M) 9.537ms
[2025-01-25T22:17:46.216+0700][gc,cpu      ] GC(22) User=0.06s Sys=0.01s Real=0.01s
[2025-01-25T22:27:01.488+0700][gc,start    ] GC(23) Pause Young (Normal) (G1 Evacuation Pause)
[2025-01-25T22:27:01.489+0700][gc,task     ] GC(23) Using 10 workers of 10 for evacuation
[2025-01-25T22:27:01.494+0700][gc,phases   ] GC(23)   Pre Evacuate Collection Set: 0.11ms
[2025-01-25T22:27:01.494+0700][gc,phases   ] GC(23)   Merge Heap Roots: 0.07ms
[2025-01-25T22:27:01.494+0700][gc,phases   ] GC(23)   Evacuate Collection Set: 4.28ms
[2025-01-25T22:27:01.494+0700][gc,phases   ] GC(23)   Post Evacuate Collection Set: 0.30ms
[2025-01-25T22:27:01.494+0700][gc,phases   ] GC(23)   Other: 0.11ms
[2025-01-25T22:27:01.494+0700][gc,heap     ] GC(23) Eden regions: 155->0(136)
[2025-01-25T22:27:01.494+0700][gc,heap     ] GC(23) Survivor regions: 5->10(20)
[2025-01-25T22:27:01.494+0700][gc,heap     ] GC(23) Old regions: 47->47
[2025-01-25T22:27:01.494+0700][gc,heap     ] GC(23) Humongous regions: 129->129
[2025-01-25T22:27:01.494+0700][gc,metaspace] GC(23) Metaspace: 43934K(44544K)->43934K(44544K) NonClass: 38744K(39104K)->38744K(39104K) Class: 5189K(5440K)->5189K(5440K)
[2025-01-25T22:27:01.494+0700][gc          ] GC(23) Pause Young (Normal) (G1 Evacuation Pause) 335M->185M(1024M) 5.546ms
[2025-01-25T22:27:01.494+0700][gc,cpu      ] GC(23) User=0.03s Sys=0.01s Real=0.01s
[2025-01-25T22:32:18.469+0700][gc,heap,exit] Heap
[2025-01-25T22:32:18.469+0700][gc,heap,exit]  garbage-first heap   total reserved 1048576K, committed 1048576K, used 278690K [0x00000007c0000000, 0x0000000800000000)
[2025-01-25T22:32:18.469+0700][gc,heap,exit]   region size 1024K, 97 young (99328K), 10 survivors (10240K)
[2025-01-25T22:32:18.469+0700][gc,heap,exit]  Metaspace       used 44926K, committed 45568K, reserved 1114112K
[2025-01-25T22:32:18.469+0700][gc,heap,exit]   class space    used 5398K, committed 5632K, reserved 1048576K
