[2025-01-13T09:35:30.988+0700][gc,init] CardTable entry size: 512
[2025-01-13T09:35:30.988+0700][gc     ] Using G1
[2025-01-13T09:35:30.994+0700][gc,init] Version: 23.0.1+11 (release)
[2025-01-13T09:35:30.994+0700][gc,init] CPUs: 12 total, 12 available
[2025-01-13T09:35:30.994+0700][gc,init] Memory: 32768M
[2025-01-13T09:35:30.994+0700][gc,init] Large Page Support: Disabled
[2025-01-13T09:35:30.994+0700][gc,init] NUMA Support: Disabled
[2025-01-13T09:35:30.994+0700][gc,init] Compressed Oops: Enabled (Zero based)
[2025-01-13T09:35:30.994+0700][gc,init] Heap Region Size: 1M
[2025-01-13T09:35:30.994+0700][gc,init] Heap Min Capacity: 1G
[2025-01-13T09:35:30.994+0700][gc,init] Heap Initial Capacity: 1G
[2025-01-13T09:35:30.994+0700][gc,init] Heap Max Capacity: 1G
[2025-01-13T09:35:30.994+0700][gc,init] Pre-touch: Disabled
[2025-01-13T09:35:30.994+0700][gc,init] Parallel Workers: 10
[2025-01-13T09:35:30.994+0700][gc,init] Concurrent Workers: 3
[2025-01-13T09:35:30.994+0700][gc,init] Concurrent Refinement Workers: 10
[2025-01-13T09:35:30.994+0700][gc,init] Periodic GC: Disabled
[2025-01-13T09:35:31.000+0700][gc,metaspace] CDS archive(s) mapped at: [0x0000000127000000-0x0000000127d8f000-0x0000000127d8f000), size 14217216, SharedBaseAddress: 0x0000000127000000, ArchiveRelocationMode: 1.
[2025-01-13T09:35:31.000+0700][gc,metaspace] Compressed class space mapped at: 0x0000000128000000-0x0000000168000000, reserved size: 1073741824
[2025-01-13T09:35:31.000+0700][gc,metaspace] Narrow klass base: 0x0000000127000000, Narrow klass shift: 0, Narrow klass range: 0x100000000
[2025-01-13T09:35:37.489+0700][gc,start    ] GC(0) Pause Young (Normal) (G1 Evacuation Pause)
[2025-01-13T09:35:37.489+0700][gc,task     ] GC(0) Using 10 workers of 10 for evacuation
[2025-01-13T09:35:37.495+0700][gc,phases   ] GC(0)   Pre Evacuate Collection Set: 0.21ms
[2025-01-13T09:35:37.495+0700][gc,phases   ] GC(0)   Merge Heap Roots: 0.10ms
[2025-01-13T09:35:37.495+0700][gc,phases   ] GC(0)   Evacuate Collection Set: 3.97ms
[2025-01-13T09:35:37.495+0700][gc,phases   ] GC(0)   Post Evacuate Collection Set: 0.67ms
[2025-01-13T09:35:37.495+0700][gc,phases   ] GC(0)   Other: 0.89ms
[2025-01-13T09:35:37.495+0700][gc,heap     ] GC(0) Eden regions: 51->0(44)
[2025-01-13T09:35:37.495+0700][gc,heap     ] GC(0) Survivor regions: 0->7(7)
[2025-01-13T09:35:37.495+0700][gc,heap     ] GC(0) Old regions: 2->3
[2025-01-13T09:35:37.495+0700][gc,heap     ] GC(0) Humongous regions: 0->0
[2025-01-13T09:35:37.495+0700][gc,metaspace] GC(0) Metaspace: 16986K(17216K)->16986K(17216K) NonClass: 14917K(15040K)->14917K(15040K) Class: 2069K(2176K)->2069K(2176K)
[2025-01-13T09:35:37.495+0700][gc          ] GC(0) Pause Young (Normal) (G1 Evacuation Pause) 52M->9M(1024M) 6.132ms
[2025-01-13T09:35:37.495+0700][gc,cpu      ] GC(0) User=0.02s Sys=0.01s Real=0.01s
[2025-01-13T09:35:37.837+0700][gc,start    ] GC(1) Pause Young (Concurrent Start) (Metadata GC Threshold)
[2025-01-13T09:35:37.837+0700][gc,task     ] GC(1) Using 10 workers of 10 for evacuation
[2025-01-13T09:35:37.841+0700][gc,phases   ] GC(1)   Pre Evacuate Collection Set: 0.16ms
[2025-01-13T09:35:37.841+0700][gc,phases   ] GC(1)   Merge Heap Roots: 0.08ms
[2025-01-13T09:35:37.841+0700][gc,phases   ] GC(1)   Evacuate Collection Set: 3.57ms
[2025-01-13T09:35:37.841+0700][gc,phases   ] GC(1)   Post Evacuate Collection Set: 0.43ms
[2025-01-13T09:35:37.841+0700][gc,phases   ] GC(1)   Other: 0.10ms
[2025-01-13T09:35:37.841+0700][gc,heap     ] GC(1) Eden regions: 16->0(49)
[2025-01-13T09:35:37.841+0700][gc,heap     ] GC(1) Survivor regions: 7->2(7)
[2025-01-13T09:35:37.841+0700][gc,heap     ] GC(1) Old regions: 3->11
[2025-01-13T09:35:37.841+0700][gc,heap     ] GC(1) Humongous regions: 0->0
[2025-01-13T09:35:37.841+0700][gc,metaspace] GC(1) Metaspace: 21215K(21504K)->21215K(21504K) NonClass: 18624K(18752K)->18624K(18752K) Class: 2591K(2752K)->2591K(2752K)
[2025-01-13T09:35:37.841+0700][gc          ] GC(1) Pause Young (Concurrent Start) (Metadata GC Threshold) 24M->11M(1024M) 4.595ms
[2025-01-13T09:35:37.841+0700][gc,cpu      ] GC(1) User=0.03s Sys=0.01s Real=0.01s
[2025-01-13T09:35:37.841+0700][gc          ] GC(2) Concurrent Mark Cycle
[2025-01-13T09:35:37.841+0700][gc,marking  ] GC(2) Concurrent Scan Root Regions
[2025-01-13T09:35:37.843+0700][gc,marking  ] GC(2) Concurrent Scan Root Regions 1.617ms
[2025-01-13T09:35:37.843+0700][gc,marking  ] GC(2) Concurrent Mark
[2025-01-13T09:35:37.843+0700][gc,marking  ] GC(2) Concurrent Mark From Roots
[2025-01-13T09:35:37.843+0700][gc,task     ] GC(2) Using 3 workers of 3 for marking
[2025-01-13T09:35:37.845+0700][gc,marking  ] GC(2) Concurrent Mark From Roots 1.504ms
[2025-01-13T09:35:37.845+0700][gc,marking  ] GC(2) Concurrent Preclean
[2025-01-13T09:35:37.845+0700][gc,marking  ] GC(2) Concurrent Preclean 0.033ms
[2025-01-13T09:35:37.845+0700][gc,start    ] GC(2) Pause Remark
[2025-01-13T09:35:37.846+0700][gc          ] GC(2) Pause Remark 12M->12M(1024M) 1.481ms
[2025-01-13T09:35:37.846+0700][gc,cpu      ] GC(2) User=0.00s Sys=0.00s Real=0.00s
[2025-01-13T09:35:37.846+0700][gc,marking  ] GC(2) Concurrent Mark 3.398ms
[2025-01-13T09:35:37.846+0700][gc,marking  ] GC(2) Concurrent Rebuild Remembered Sets and Scrub Regions
[2025-01-13T09:35:37.848+0700][gc,marking  ] GC(2) Concurrent Rebuild Remembered Sets and Scrub Regions 1.469ms
[2025-01-13T09:35:37.848+0700][gc,start    ] GC(2) Pause Cleanup
[2025-01-13T09:35:37.848+0700][gc          ] GC(2) Pause Cleanup 12M->12M(1024M) 0.036ms
[2025-01-13T09:35:37.848+0700][gc,cpu      ] GC(2) User=0.00s Sys=0.00s Real=0.00s
[2025-01-13T09:35:37.848+0700][gc,marking  ] GC(2) Concurrent Clear Claimed Marks
[2025-01-13T09:35:37.848+0700][gc,marking  ] GC(2) Concurrent Clear Claimed Marks 0.031ms
[2025-01-13T09:35:37.848+0700][gc,marking  ] GC(2) Concurrent Cleanup for Next Mark
[2025-01-13T09:35:37.852+0700][gc,marking  ] GC(2) Concurrent Cleanup for Next Mark 3.689ms
[2025-01-13T09:35:37.852+0700][gc          ] GC(2) Concurrent Mark Cycle 10.571ms
[2025-01-13T09:35:38.606+0700][gc,start    ] GC(3) Pause Young (Prepare Mixed) (G1 Evacuation Pause)
[2025-01-13T09:35:38.622+0700][gc,task     ] GC(3) Using 10 workers of 10 for evacuation
[2025-01-13T09:35:38.627+0700][gc,phases   ] GC(3)   Pre Evacuate Collection Set: 0.25ms
[2025-01-13T09:35:38.627+0700][gc,phases   ] GC(3)   Merge Heap Roots: 0.12ms
[2025-01-13T09:35:38.627+0700][gc,phases   ] GC(3)   Evacuate Collection Set: 3.81ms
[2025-01-13T09:35:38.627+0700][gc,phases   ] GC(3)   Post Evacuate Collection Set: 0.62ms
[2025-01-13T09:35:38.627+0700][gc,phases   ] GC(3)   Other: 0.20ms
[2025-01-13T09:35:38.627+0700][gc,heap     ] GC(3) Eden regions: 49->0(44)
[2025-01-13T09:35:38.627+0700][gc,heap     ] GC(3) Survivor regions: 2->7(7)
[2025-01-13T09:35:38.627+0700][gc,heap     ] GC(3) Old regions: 11->11
[2025-01-13T09:35:38.627+0700][gc,heap     ] GC(3) Humongous regions: 129->129
[2025-01-13T09:35:38.627+0700][gc,metaspace] GC(3) Metaspace: 32689K(32960K)->32689K(32960K) NonClass: 29022K(29184K)->29022K(29184K) Class: 3666K(3776K)->3666K(3776K)
[2025-01-13T09:35:38.627+0700][gc          ] GC(3) Pause Young (Prepare Mixed) (G1 Evacuation Pause) 189M->145M(1024M) 21.276ms
[2025-01-13T09:35:38.627+0700][gc,cpu      ] GC(3) User=0.04s Sys=0.01s Real=0.02s
[2025-01-13T09:35:38.828+0700][gc,start    ] GC(4) Pause Young (Mixed) (Metadata GC Threshold)
[2025-01-13T09:35:38.828+0700][gc,task     ] GC(4) Using 10 workers of 10 for evacuation
[2025-01-13T09:35:38.831+0700][gc,phases   ] GC(4)   Pre Evacuate Collection Set: 0.13ms
[2025-01-13T09:35:38.832+0700][gc,phases   ] GC(4)   Merge Heap Roots: 0.07ms
[2025-01-13T09:35:38.832+0700][gc,phases   ] GC(4)   Evacuate Collection Set: 2.90ms
[2025-01-13T09:35:38.832+0700][gc,phases   ] GC(4)   Post Evacuate Collection Set: 0.34ms
[2025-01-13T09:35:38.832+0700][gc,phases   ] GC(4)   Other: 0.08ms
[2025-01-13T09:35:38.832+0700][gc,heap     ] GC(4) Eden regions: 14->0(49)
[2025-01-13T09:35:38.832+0700][gc,heap     ] GC(4) Survivor regions: 7->2(7)
[2025-01-13T09:35:38.832+0700][gc,heap     ] GC(4) Old regions: 11->17
[2025-01-13T09:35:38.832+0700][gc,heap     ] GC(4) Humongous regions: 129->129
[2025-01-13T09:35:38.832+0700][gc,metaspace] GC(4) Metaspace: 35830K(36096K)->35830K(36096K) NonClass: 31740K(31872K)->31740K(31872K) Class: 4090K(4224K)->4090K(4224K)
[2025-01-13T09:35:38.832+0700][gc          ] GC(4) Pause Young (Mixed) (Metadata GC Threshold) 159M->146M(1024M) 3.740ms
[2025-01-13T09:35:38.832+0700][gc,cpu      ] GC(4) User=0.03s Sys=0.01s Real=0.01s
[2025-01-13T09:35:38.850+0700][gc,start    ] GC(5) Pause Young (Concurrent Start) (Metadata GC Threshold)
[2025-01-13T09:35:38.850+0700][gc,task     ] GC(5) Using 10 workers of 10 for evacuation
[2025-01-13T09:35:38.851+0700][gc,phases   ] GC(5)   Pre Evacuate Collection Set: 0.15ms
[2025-01-13T09:35:38.851+0700][gc,phases   ] GC(5)   Merge Heap Roots: 0.07ms
[2025-01-13T09:35:38.851+0700][gc,phases   ] GC(5)   Evacuate Collection Set: 0.58ms
[2025-01-13T09:35:38.851+0700][gc,phases   ] GC(5)   Post Evacuate Collection Set: 0.28ms
[2025-01-13T09:35:38.851+0700][gc,phases   ] GC(5)   Other: 0.10ms
[2025-01-13T09:35:38.851+0700][gc,heap     ] GC(5) Eden regions: 2->0(50)
[2025-01-13T09:35:38.851+0700][gc,heap     ] GC(5) Survivor regions: 2->1(7)
[2025-01-13T09:35:38.851+0700][gc,heap     ] GC(5) Old regions: 17->17
[2025-01-13T09:35:38.851+0700][gc,heap     ] GC(5) Humongous regions: 129->129
[2025-01-13T09:35:38.851+0700][gc,metaspace] GC(5) Metaspace: 36129K(36416K)->36129K(36416K) NonClass: 31996K(32128K)->31996K(32128K) Class: 4133K(4288K)->4133K(4288K)
[2025-01-13T09:35:38.851+0700][gc          ] GC(5) Pause Young (Concurrent Start) (Metadata GC Threshold) 147M->146M(1024M) 1.336ms
[2025-01-13T09:35:38.851+0700][gc,cpu      ] GC(5) User=0.00s Sys=0.00s Real=0.00s
[2025-01-13T09:35:38.851+0700][gc          ] GC(6) Concurrent Mark Cycle
[2025-01-13T09:35:38.851+0700][gc,marking  ] GC(6) Concurrent Scan Root Regions
[2025-01-13T09:35:38.852+0700][gc,marking  ] GC(6) Concurrent Scan Root Regions 0.965ms
[2025-01-13T09:35:38.852+0700][gc,marking  ] GC(6) Concurrent Mark
[2025-01-13T09:35:38.852+0700][gc,marking  ] GC(6) Concurrent Mark From Roots
[2025-01-13T09:35:38.852+0700][gc,task     ] GC(6) Using 3 workers of 3 for marking
[2025-01-13T09:35:38.859+0700][gc,marking  ] GC(6) Concurrent Mark From Roots 7.438ms
[2025-01-13T09:35:38.859+0700][gc,marking  ] GC(6) Concurrent Preclean
[2025-01-13T09:35:38.859+0700][gc,marking  ] GC(6) Concurrent Preclean 0.042ms
[2025-01-13T09:35:38.860+0700][gc,start    ] GC(6) Pause Remark
[2025-01-13T09:35:38.862+0700][gc          ] GC(6) Pause Remark 146M->146M(1024M) 1.611ms
[2025-01-13T09:35:38.862+0700][gc,cpu      ] GC(6) User=0.01s Sys=0.01s Real=0.00s
[2025-01-13T09:35:38.862+0700][gc,marking  ] GC(6) Concurrent Mark 9.848ms
[2025-01-13T09:35:38.862+0700][gc,marking  ] GC(6) Concurrent Rebuild Remembered Sets and Scrub Regions
[2025-01-13T09:35:38.865+0700][gc,marking  ] GC(6) Concurrent Rebuild Remembered Sets and Scrub Regions 2.886ms
[2025-01-13T09:35:38.865+0700][gc,start    ] GC(6) Pause Cleanup
[2025-01-13T09:35:38.865+0700][gc          ] GC(6) Pause Cleanup 146M->146M(1024M) 0.051ms
[2025-01-13T09:35:38.865+0700][gc,cpu      ] GC(6) User=0.00s Sys=0.00s Real=0.00s
[2025-01-13T09:35:38.865+0700][gc,marking  ] GC(6) Concurrent Clear Claimed Marks
[2025-01-13T09:35:38.865+0700][gc,marking  ] GC(6) Concurrent Clear Claimed Marks 0.033ms
[2025-01-13T09:35:38.865+0700][gc,marking  ] GC(6) Concurrent Cleanup for Next Mark
[2025-01-13T09:35:38.866+0700][gc,marking  ] GC(6) Concurrent Cleanup for Next Mark 1.185ms
[2025-01-13T09:35:38.866+0700][gc          ] GC(6) Concurrent Mark Cycle 15.436ms
[2025-01-13T09:43:17.467+0700][gc,start    ] GC(7) Pause Young (Prepare Mixed) (G1 Evacuation Pause)
[2025-01-13T09:43:17.467+0700][gc,task     ] GC(7) Using 10 workers of 10 for evacuation
[2025-01-13T09:43:17.470+0700][gc,phases   ] GC(7)   Pre Evacuate Collection Set: 0.14ms
[2025-01-13T09:43:17.470+0700][gc,phases   ] GC(7)   Merge Heap Roots: 0.08ms
[2025-01-13T09:43:17.470+0700][gc,phases   ] GC(7)   Evacuate Collection Set: 1.98ms
[2025-01-13T09:43:17.470+0700][gc,phases   ] GC(7)   Post Evacuate Collection Set: 0.51ms
[2025-01-13T09:43:17.470+0700][gc,phases   ] GC(7)   Other: 0.08ms
[2025-01-13T09:43:17.470+0700][gc,heap     ] GC(7) Eden regions: 50->0(46)
[2025-01-13T09:43:17.470+0700][gc,heap     ] GC(7) Survivor regions: 1->5(7)
[2025-01-13T09:43:17.470+0700][gc,heap     ] GC(7) Old regions: 17->17
[2025-01-13T09:43:17.470+0700][gc,heap     ] GC(7) Humongous regions: 129->129
[2025-01-13T09:43:17.470+0700][gc,metaspace] GC(7) Metaspace: 42757K(43456K)->42757K(43456K) NonClass: 37559K(37952K)->37559K(37952K) Class: 5197K(5504K)->5197K(5504K)
[2025-01-13T09:43:17.470+0700][gc          ] GC(7) Pause Young (Prepare Mixed) (G1 Evacuation Pause) 196M->149M(1024M) 3.025ms
[2025-01-13T09:43:17.470+0700][gc,cpu      ] GC(7) User=0.02s Sys=0.00s Real=0.01s
[2025-01-13T09:45:54.015+0700][gc,start    ] GC(8) Pause Young (Mixed) (G1 Evacuation Pause)
[2025-01-13T09:45:54.015+0700][gc,task     ] GC(8) Using 10 workers of 10 for evacuation
[2025-01-13T09:45:54.021+0700][gc,phases   ] GC(8)   Pre Evacuate Collection Set: 0.26ms
[2025-01-13T09:45:54.021+0700][gc,phases   ] GC(8)   Merge Heap Roots: 0.12ms
[2025-01-13T09:45:54.021+0700][gc,phases   ] GC(8)   Evacuate Collection Set: 4.97ms
[2025-01-13T09:45:54.021+0700][gc,phases   ] GC(8)   Post Evacuate Collection Set: 0.46ms
[2025-01-13T09:45:54.021+0700][gc,phases   ] GC(8)   Other: 0.12ms
[2025-01-13T09:45:54.021+0700][gc,heap     ] GC(8) Eden regions: 46->0(47)
[2025-01-13T09:45:54.021+0700][gc,heap     ] GC(8) Survivor regions: 5->4(7)
[2025-01-13T09:45:54.021+0700][gc,heap     ] GC(8) Old regions: 17->21
[2025-01-13T09:45:54.021+0700][gc,heap     ] GC(8) Humongous regions: 129->129
[2025-01-13T09:45:54.021+0700][gc,metaspace] GC(8) Metaspace: 43604K(44288K)->43604K(44288K) NonClass: 38385K(38784K)->38385K(38784K) Class: 5219K(5504K)->5219K(5504K)
[2025-01-13T09:45:54.021+0700][gc          ] GC(8) Pause Young (Mixed) (G1 Evacuation Pause) 195M->153M(1024M) 6.220ms
[2025-01-13T09:45:54.021+0700][gc,cpu      ] GC(8) User=0.05s Sys=0.01s Real=0.01s
[2025-01-13T09:48:52.581+0700][gc,start    ] GC(9) Pause Young (Normal) (G1 Evacuation Pause)
[2025-01-13T09:48:52.581+0700][gc,task     ] GC(9) Using 10 workers of 10 for evacuation
[2025-01-13T09:48:52.586+0700][gc,phases   ] GC(9)   Pre Evacuate Collection Set: 0.25ms
[2025-01-13T09:48:52.586+0700][gc,phases   ] GC(9)   Merge Heap Roots: 0.13ms
[2025-01-13T09:48:52.586+0700][gc,phases   ] GC(9)   Evacuate Collection Set: 3.82ms
[2025-01-13T09:48:52.586+0700][gc,phases   ] GC(9)   Post Evacuate Collection Set: 0.37ms
[2025-01-13T09:48:52.586+0700][gc,phases   ] GC(9)   Other: 0.12ms
[2025-01-13T09:48:52.586+0700][gc,heap     ] GC(9) Eden regions: 47->0(44)
[2025-01-13T09:48:52.586+0700][gc,heap     ] GC(9) Survivor regions: 4->7(7)
[2025-01-13T09:48:52.586+0700][gc,heap     ] GC(9) Old regions: 21->21
[2025-01-13T09:48:52.586+0700][gc,heap     ] GC(9) Humongous regions: 129->129
[2025-01-13T09:48:52.586+0700][gc,metaspace] GC(9) Metaspace: 43888K(44544K)->43888K(44544K) NonClass: 38666K(39040K)->38666K(39040K) Class: 5221K(5504K)->5221K(5504K)
[2025-01-13T09:48:52.586+0700][gc          ] GC(9) Pause Young (Normal) (G1 Evacuation Pause) 200M->156M(1024M) 5.006ms
[2025-01-13T09:48:52.586+0700][gc,cpu      ] GC(9) User=0.03s Sys=0.00s Real=0.00s
[2025-01-13T09:51:38.910+0700][gc,start    ] GC(10) Pause Young (Normal) (G1 Evacuation Pause)
[2025-01-13T09:51:38.910+0700][gc,task     ] GC(10) Using 10 workers of 10 for evacuation
[2025-01-13T09:51:38.913+0700][gc,phases   ] GC(10)   Pre Evacuate Collection Set: 0.23ms
[2025-01-13T09:51:38.913+0700][gc,phases   ] GC(10)   Merge Heap Roots: 0.16ms
[2025-01-13T09:51:38.913+0700][gc,phases   ] GC(10)   Evacuate Collection Set: 2.06ms
[2025-01-13T09:51:38.913+0700][gc,phases   ] GC(10)   Post Evacuate Collection Set: 0.42ms
[2025-01-13T09:51:38.913+0700][gc,phases   ] GC(10)   Other: 0.12ms
[2025-01-13T09:51:38.913+0700][gc,heap     ] GC(10) Eden regions: 44->0(49)
[2025-01-13T09:51:38.913+0700][gc,heap     ] GC(10) Survivor regions: 7->2(7)
[2025-01-13T09:51:38.913+0700][gc,heap     ] GC(10) Old regions: 21->23
[2025-01-13T09:51:38.913+0700][gc,heap     ] GC(10) Humongous regions: 129->129
[2025-01-13T09:51:38.913+0700][gc,metaspace] GC(10) Metaspace: 44003K(44672K)->44003K(44672K) NonClass: 38776K(39168K)->38776K(39168K) Class: 5227K(5504K)->5227K(5504K)
[2025-01-13T09:51:38.913+0700][gc          ] GC(10) Pause Young (Normal) (G1 Evacuation Pause) 200M->152M(1024M) 3.318ms
[2025-01-13T09:51:38.913+0700][gc,cpu      ] GC(10) User=0.02s Sys=0.01s Real=0.00s
[2025-01-13T09:54:49.922+0700][gc,start    ] GC(11) Pause Young (Normal) (G1 Evacuation Pause)
[2025-01-13T09:54:49.922+0700][gc,task     ] GC(11) Using 10 workers of 10 for evacuation
[2025-01-13T09:54:49.926+0700][gc,phases   ] GC(11)   Pre Evacuate Collection Set: 0.26ms
[2025-01-13T09:54:49.926+0700][gc,phases   ] GC(11)   Merge Heap Roots: 0.13ms
[2025-01-13T09:54:49.926+0700][gc,phases   ] GC(11)   Evacuate Collection Set: 3.13ms
[2025-01-13T09:54:49.926+0700][gc,phases   ] GC(11)   Post Evacuate Collection Set: 0.37ms
[2025-01-13T09:54:49.926+0700][gc,phases   ] GC(11)   Other: 0.14ms
[2025-01-13T09:54:49.926+0700][gc,heap     ] GC(11) Eden regions: 49->0(45)
[2025-01-13T09:54:49.926+0700][gc,heap     ] GC(11) Survivor regions: 2->6(7)
[2025-01-13T09:54:49.926+0700][gc,heap     ] GC(11) Old regions: 23->23
[2025-01-13T09:54:49.926+0700][gc,heap     ] GC(11) Humongous regions: 129->129
[2025-01-13T09:54:49.926+0700][gc,metaspace] GC(11) Metaspace: 44128K(44800K)->44128K(44800K) NonClass: 38901K(39296K)->38901K(39296K) Class: 5227K(5504K)->5227K(5504K)
[2025-01-13T09:54:49.926+0700][gc          ] GC(11) Pause Young (Normal) (G1 Evacuation Pause) 201M->157M(1024M) 4.339ms
[2025-01-13T09:54:49.926+0700][gc,cpu      ] GC(11) User=0.03s Sys=0.00s Real=0.00s
[2025-01-13T09:57:46.332+0700][gc,start    ] GC(12) Pause Young (Normal) (G1 Evacuation Pause)
[2025-01-13T09:57:46.332+0700][gc,task     ] GC(12) Using 10 workers of 10 for evacuation
[2025-01-13T09:57:46.339+0700][gc,phases   ] GC(12)   Pre Evacuate Collection Set: 0.32ms
[2025-01-13T09:57:46.339+0700][gc,phases   ] GC(12)   Merge Heap Roots: 0.17ms
[2025-01-13T09:57:46.339+0700][gc,phases   ] GC(12)   Evacuate Collection Set: 6.54ms
[2025-01-13T09:57:46.339+0700][gc,phases   ] GC(12)   Post Evacuate Collection Set: 0.41ms
[2025-01-13T09:57:46.339+0700][gc,phases   ] GC(12)   Other: 0.15ms
[2025-01-13T09:57:46.340+0700][gc,heap     ] GC(12) Eden regions: 45->0(46)
[2025-01-13T09:57:46.340+0700][gc,heap     ] GC(12) Survivor regions: 6->5(7)
[2025-01-13T09:57:46.340+0700][gc,heap     ] GC(12) Old regions: 23->28
[2025-01-13T09:57:46.340+0700][gc,heap     ] GC(12) Humongous regions: 129->129
[2025-01-13T09:57:46.340+0700][gc,metaspace] GC(12) Metaspace: 44197K(44928K)->44197K(44928K) NonClass: 38969K(39424K)->38969K(39424K) Class: 5227K(5504K)->5227K(5504K)
[2025-01-13T09:57:46.340+0700][gc          ] GC(12) Pause Young (Normal) (G1 Evacuation Pause) 202M->161M(1024M) 7.987ms
[2025-01-13T09:57:46.340+0700][gc,cpu      ] GC(12) User=0.05s Sys=0.01s Real=0.01s
[2025-01-13T10:00:48.780+0700][gc,start    ] GC(13) Pause Young (Normal) (G1 Evacuation Pause)
[2025-01-13T10:00:48.780+0700][gc,task     ] GC(13) Using 10 workers of 10 for evacuation
[2025-01-13T10:00:48.783+0700][gc,phases   ] GC(13)   Pre Evacuate Collection Set: 0.22ms
[2025-01-13T10:00:48.783+0700][gc,phases   ] GC(13)   Merge Heap Roots: 0.15ms
[2025-01-13T10:00:48.783+0700][gc,phases   ] GC(13)   Evacuate Collection Set: 2.51ms
[2025-01-13T10:00:48.783+0700][gc,phases   ] GC(13)   Post Evacuate Collection Set: 0.41ms
[2025-01-13T10:00:48.783+0700][gc,phases   ] GC(13)   Other: 0.13ms
[2025-01-13T10:00:48.783+0700][gc,heap     ] GC(13) Eden regions: 46->0(76)
[2025-01-13T10:00:48.783+0700][gc,heap     ] GC(13) Survivor regions: 5->3(7)
[2025-01-13T10:00:48.783+0700][gc,heap     ] GC(13) Old regions: 28->30
[2025-01-13T10:00:48.783+0700][gc,heap     ] GC(13) Humongous regions: 129->129
[2025-01-13T10:00:48.783+0700][gc,metaspace] GC(13) Metaspace: 44249K(44992K)->44249K(44992K) NonClass: 39021K(39424K)->39021K(39424K) Class: 5228K(5568K)->5228K(5568K)
[2025-01-13T10:00:48.783+0700][gc          ] GC(13) Pause Young (Normal) (G1 Evacuation Pause) 207M->160M(1024M) 3.728ms
[2025-01-13T10:00:48.784+0700][gc,cpu      ] GC(13) User=0.02s Sys=0.00s Real=0.00s
[2025-01-13T10:05:39.263+0700][gc,start    ] GC(14) Pause Young (Normal) (G1 Evacuation Pause)
[2025-01-13T10:05:39.263+0700][gc,task     ] GC(14) Using 10 workers of 10 for evacuation
[2025-01-13T10:05:39.269+0700][gc,phases   ] GC(14)   Pre Evacuate Collection Set: 0.20ms
[2025-01-13T10:05:39.269+0700][gc,phases   ] GC(14)   Merge Heap Roots: 0.11ms
[2025-01-13T10:05:39.269+0700][gc,phases   ] GC(14)   Evacuate Collection Set: 5.53ms
[2025-01-13T10:05:39.269+0700][gc,phases   ] GC(14)   Post Evacuate Collection Set: 0.40ms
[2025-01-13T10:05:39.269+0700][gc,phases   ] GC(14)   Other: 0.15ms
[2025-01-13T10:05:39.269+0700][gc,heap     ] GC(14) Eden regions: 73->0(41)
[2025-01-13T10:05:39.269+0700][gc,heap     ] GC(14) Survivor regions: 3->10(10)
[2025-01-13T10:05:39.269+0700][gc,heap     ] GC(14) Old regions: 30->30
[2025-01-13T10:05:39.269+0700][gc,heap     ] GC(14) Humongous regions: 129->129
[2025-01-13T10:05:39.269+0700][gc,metaspace] GC(14) Metaspace: 44377K(45120K)->44377K(45120K) NonClass: 39148K(39552K)->39148K(39552K) Class: 5228K(5568K)->5228K(5568K)
[2025-01-13T10:05:39.269+0700][gc          ] GC(14) Pause Young (Normal) (G1 Evacuation Pause) 233M->167M(1024M) 6.691ms
[2025-01-13T10:05:39.269+0700][gc,cpu      ] GC(14) User=0.04s Sys=0.01s Real=0.00s
[2025-01-13T10:08:23.123+0700][gc,start    ] GC(15) Pause Young (Normal) (G1 Evacuation Pause)
[2025-01-13T10:08:23.123+0700][gc,task     ] GC(15) Using 10 workers of 10 for evacuation
[2025-01-13T10:08:23.126+0700][gc,phases   ] GC(15)   Pre Evacuate Collection Set: 0.17ms
[2025-01-13T10:08:23.126+0700][gc,phases   ] GC(15)   Merge Heap Roots: 0.11ms
[2025-01-13T10:08:23.126+0700][gc,phases   ] GC(15)   Evacuate Collection Set: 1.98ms
[2025-01-13T10:08:23.126+0700][gc,phases   ] GC(15)   Post Evacuate Collection Set: 0.36ms
[2025-01-13T10:08:23.126+0700][gc,phases   ] GC(15)   Other: 0.11ms
[2025-01-13T10:08:23.126+0700][gc,heap     ] GC(15) Eden regions: 41->0(75)
[2025-01-13T10:08:23.126+0700][gc,heap     ] GC(15) Survivor regions: 10->2(7)
[2025-01-13T10:08:23.126+0700][gc,heap     ] GC(15) Old regions: 30->32
[2025-01-13T10:08:23.126+0700][gc,heap     ] GC(15) Humongous regions: 129->129
[2025-01-13T10:08:23.126+0700][gc,metaspace] GC(15) Metaspace: 44416K(45184K)->44416K(45184K) NonClass: 39187K(39616K)->39187K(39616K) Class: 5229K(5568K)->5229K(5568K)
[2025-01-13T10:08:23.126+0700][gc          ] GC(15) Pause Young (Normal) (G1 Evacuation Pause) 208M->161M(1024M) 3.045ms
[2025-01-13T10:08:23.126+0700][gc,cpu      ] GC(15) User=0.02s Sys=0.00s Real=0.00s
[2025-01-13T10:13:12.313+0700][gc,start    ] GC(16) Pause Young (Normal) (G1 Evacuation Pause)
[2025-01-13T10:13:12.313+0700][gc,task     ] GC(16) Using 10 workers of 10 for evacuation
[2025-01-13T10:13:12.318+0700][gc,phases   ] GC(16)   Pre Evacuate Collection Set: 0.27ms
[2025-01-13T10:13:12.318+0700][gc,phases   ] GC(16)   Merge Heap Roots: 0.13ms
[2025-01-13T10:13:12.318+0700][gc,phases   ] GC(16)   Evacuate Collection Set: 3.90ms
[2025-01-13T10:13:12.318+0700][gc,phases   ] GC(16)   Post Evacuate Collection Set: 0.32ms
[2025-01-13T10:13:12.318+0700][gc,phases   ] GC(16)   Other: 0.12ms
[2025-01-13T10:13:12.318+0700][gc,heap     ] GC(16) Eden regions: 72->0(75)
[2025-01-13T10:13:12.318+0700][gc,heap     ] GC(16) Survivor regions: 2->8(10)
[2025-01-13T10:13:12.318+0700][gc,heap     ] GC(16) Old regions: 32->32
[2025-01-13T10:13:12.318+0700][gc,heap     ] GC(16) Humongous regions: 129->129
[2025-01-13T10:13:12.318+0700][gc,metaspace] GC(16) Metaspace: 44455K(45184K)->44455K(45184K) NonClass: 39225K(39616K)->39225K(39616K) Class: 5229K(5568K)->5229K(5568K)
[2025-01-13T10:13:12.318+0700][gc          ] GC(16) Pause Young (Normal) (G1 Evacuation Pause) 233M->168M(1024M) 5.034ms
[2025-01-13T10:13:12.318+0700][gc,cpu      ] GC(16) User=0.03s Sys=0.00s Real=0.00s
[2025-01-13T10:18:24.277+0700][gc,start    ] GC(17) Pause Young (Normal) (G1 Evacuation Pause)
[2025-01-13T10:18:24.277+0700][gc,task     ] GC(17) Using 10 workers of 10 for evacuation
[2025-01-13T10:18:24.280+0700][gc,phases   ] GC(17)   Pre Evacuate Collection Set: 0.19ms
[2025-01-13T10:18:24.280+0700][gc,phases   ] GC(17)   Merge Heap Roots: 0.10ms
[2025-01-13T10:18:24.280+0700][gc,phases   ] GC(17)   Evacuate Collection Set: 2.84ms
[2025-01-13T10:18:24.280+0700][gc,phases   ] GC(17)   Post Evacuate Collection Set: 0.32ms
[2025-01-13T10:18:24.280+0700][gc,phases   ] GC(17)   Other: 0.11ms
[2025-01-13T10:18:24.280+0700][gc,heap     ] GC(17) Eden regions: 77->0(89)
[2025-01-13T10:18:24.280+0700][gc,heap     ] GC(17) Survivor regions: 8->4(11)
[2025-01-13T10:18:24.280+0700][gc,heap     ] GC(17) Old regions: 32->34
[2025-01-13T10:18:24.280+0700][gc,heap     ] GC(17) Humongous regions: 129->129
[2025-01-13T10:18:24.280+0700][gc,metaspace] GC(17) Metaspace: 44547K(45312K)->44547K(45312K) NonClass: 39313K(39744K)->39313K(39744K) Class: 5233K(5568K)->5233K(5568K)
[2025-01-13T10:18:24.280+0700][gc          ] GC(17) Pause Young (Normal) (G1 Evacuation Pause) 245M->165M(1024M) 3.805ms
[2025-01-13T10:18:24.280+0700][gc,cpu      ] GC(17) User=0.02s Sys=0.01s Real=0.01s
[2025-01-13T10:24:24.892+0700][gc,start    ] GC(18) Pause Young (Normal) (G1 Evacuation Pause)
[2025-01-13T10:24:24.892+0700][gc,task     ] GC(18) Using 10 workers of 10 for evacuation
[2025-01-13T10:24:24.899+0700][gc,phases   ] GC(18)   Pre Evacuate Collection Set: 0.24ms
[2025-01-13T10:24:24.899+0700][gc,phases   ] GC(18)   Merge Heap Roots: 0.12ms
[2025-01-13T10:24:24.899+0700][gc,phases   ] GC(18)   Evacuate Collection Set: 6.16ms
[2025-01-13T10:24:24.899+0700][gc,phases   ] GC(18)   Post Evacuate Collection Set: 0.37ms
[2025-01-13T10:24:24.899+0700][gc,phases   ] GC(18)   Other: 0.12ms
[2025-01-13T10:24:24.899+0700][gc,heap     ] GC(18) Eden regions: 88->0(80)
[2025-01-13T10:24:24.899+0700][gc,heap     ] GC(18) Survivor regions: 4->12(12)
[2025-01-13T10:24:24.899+0700][gc,heap     ] GC(18) Old regions: 34->34
[2025-01-13T10:24:24.899+0700][gc,heap     ] GC(18) Humongous regions: 129->129
[2025-01-13T10:24:24.899+0700][gc,metaspace] GC(18) Metaspace: 44635K(45376K)->44635K(45376K) NonClass: 39402K(39808K)->39402K(39808K) Class: 5233K(5568K)->5233K(5568K)
[2025-01-13T10:24:24.899+0700][gc          ] GC(18) Pause Young (Normal) (G1 Evacuation Pause) 253M->173M(1024M) 7.269ms
[2025-01-13T10:24:24.899+0700][gc,cpu      ] GC(18) User=0.05s Sys=0.02s Real=0.00s
[2025-01-13T10:30:00.220+0700][gc,start    ] GC(19) Pause Young (Normal) (G1 Evacuation Pause)
[2025-01-13T10:30:00.220+0700][gc,task     ] GC(19) Using 10 workers of 10 for evacuation
[2025-01-13T10:30:00.226+0700][gc,phases   ] GC(19)   Pre Evacuate Collection Set: 0.23ms
[2025-01-13T10:30:00.226+0700][gc,phases   ] GC(19)   Merge Heap Roots: 0.12ms
[2025-01-13T10:30:00.226+0700][gc,phases   ] GC(19)   Evacuate Collection Set: 5.24ms
[2025-01-13T10:30:00.226+0700][gc,phases   ] GC(19)   Post Evacuate Collection Set: 0.37ms
[2025-01-13T10:30:00.226+0700][gc,phases   ] GC(19)   Other: 0.12ms
[2025-01-13T10:30:00.226+0700][gc,heap     ] GC(19) Eden regions: 82->0(103)
[2025-01-13T10:30:00.226+0700][gc,heap     ] GC(19) Survivor regions: 12->8(12)
[2025-01-13T10:30:00.226+0700][gc,heap     ] GC(19) Old regions: 34->36
[2025-01-13T10:30:00.226+0700][gc,heap     ] GC(19) Humongous regions: 129->129
[2025-01-13T10:30:00.226+0700][gc,metaspace] GC(19) Metaspace: 44676K(45376K)->44676K(45376K) NonClass: 39443K(39808K)->39443K(39808K) Class: 5233K(5568K)->5233K(5568K)
[2025-01-13T10:30:00.226+0700][gc          ] GC(19) Pause Young (Normal) (G1 Evacuation Pause) 255M->172M(1024M) 6.379ms
[2025-01-13T10:30:00.226+0700][gc,cpu      ] GC(19) User=0.05s Sys=0.01s Real=0.00s
[2025-01-13T10:36:30.025+0700][gc,start    ] GC(20) Pause Young (Normal) (G1 Evacuation Pause)
[2025-01-13T10:36:30.025+0700][gc,task     ] GC(20) Using 10 workers of 10 for evacuation
[2025-01-13T10:36:30.034+0700][gc,phases   ] GC(20)   Pre Evacuate Collection Set: 0.40ms
[2025-01-13T10:36:30.034+0700][gc,phases   ] GC(20)   Merge Heap Roots: 0.20ms
[2025-01-13T10:36:30.034+0700][gc,phases   ] GC(20)   Evacuate Collection Set: 7.22ms
[2025-01-13T10:36:30.034+0700][gc,phases   ] GC(20)   Post Evacuate Collection Set: 0.37ms
[2025-01-13T10:36:30.034+0700][gc,phases   ] GC(20)   Other: 0.18ms
[2025-01-13T10:36:30.034+0700][gc,heap     ] GC(20) Eden regions: 100->0(95)
[2025-01-13T10:36:30.034+0700][gc,heap     ] GC(20) Survivor regions: 8->11(14)
[2025-01-13T10:36:30.034+0700][gc,heap     ] GC(20) Old regions: 36->36
[2025-01-13T10:36:30.034+0700][gc,heap     ] GC(20) Humongous regions: 129->129
[2025-01-13T10:36:30.034+0700][gc,metaspace] GC(20) Metaspace: 44728K(45504K)->44728K(45504K) NonClass: 39492K(39936K)->39492K(39936K) Class: 5236K(5568K)->5236K(5568K)
[2025-01-13T10:36:30.034+0700][gc          ] GC(20) Pause Young (Normal) (G1 Evacuation Pause) 272M->174M(1024M) 8.713ms
[2025-01-13T10:36:30.034+0700][gc,cpu      ] GC(20) User=0.06s Sys=0.02s Real=0.01s
[2025-01-13T10:43:25.076+0700][gc,start    ] GC(21) Pause Young (Normal) (G1 Evacuation Pause)
[2025-01-13T10:43:25.076+0700][gc,task     ] GC(21) Using 10 workers of 10 for evacuation
[2025-01-13T10:43:25.081+0700][gc,phases   ] GC(21)   Pre Evacuate Collection Set: 0.25ms
[2025-01-13T10:43:25.081+0700][gc,phases   ] GC(21)   Merge Heap Roots: 0.12ms
[2025-01-13T10:43:25.081+0700][gc,phases   ] GC(21)   Evacuate Collection Set: 4.29ms
[2025-01-13T10:43:25.081+0700][gc,phases   ] GC(21)   Post Evacuate Collection Set: 0.37ms
[2025-01-13T10:43:25.081+0700][gc,phases   ] GC(21)   Other: 0.12ms
[2025-01-13T10:43:25.081+0700][gc,heap     ] GC(21) Eden regions: 93->0(127)
[2025-01-13T10:43:25.081+0700][gc,heap     ] GC(21) Survivor regions: 11->4(13)
[2025-01-13T10:43:25.081+0700][gc,heap     ] GC(21) Old regions: 36->41
[2025-01-13T10:43:25.081+0700][gc,heap     ] GC(21) Humongous regions: 129->129
[2025-01-13T10:43:25.082+0700][gc,metaspace] GC(21) Metaspace: 44782K(45504K)->44782K(45504K) NonClass: 39544K(39936K)->39544K(39936K) Class: 5237K(5568K)->5237K(5568K)
[2025-01-13T10:43:25.082+0700][gc          ] GC(21) Pause Young (Normal) (G1 Evacuation Pause) 267M->173M(1024M) 5.521ms
[2025-01-13T10:43:25.082+0700][gc,cpu      ] GC(21) User=0.03s Sys=0.00s Real=0.01s
[2025-01-13T10:52:29.169+0700][gc,start    ] GC(22) Pause Young (Normal) (G1 Evacuation Pause)
[2025-01-13T10:52:29.169+0700][gc,task     ] GC(22) Using 10 workers of 10 for evacuation
[2025-01-13T10:52:29.174+0700][gc,phases   ] GC(22)   Pre Evacuate Collection Set: 0.23ms
[2025-01-13T10:52:29.174+0700][gc,phases   ] GC(22)   Merge Heap Roots: 0.13ms
[2025-01-13T10:52:29.174+0700][gc,phases   ] GC(22)   Evacuate Collection Set: 3.68ms
[2025-01-13T10:52:29.174+0700][gc,phases   ] GC(22)   Post Evacuate Collection Set: 0.45ms
[2025-01-13T10:52:29.174+0700][gc,phases   ] GC(22)   Other: 0.17ms
[2025-01-13T10:52:29.174+0700][gc,heap     ] GC(22) Eden regions: 133->0(121)
[2025-01-13T10:52:29.174+0700][gc,heap     ] GC(22) Survivor regions: 4->6(18)
[2025-01-13T10:52:29.174+0700][gc,heap     ] GC(22) Old regions: 41->41
[2025-01-13T10:52:29.174+0700][gc,heap     ] GC(22) Humongous regions: 129->129
[2025-01-13T10:52:29.174+0700][gc,metaspace] GC(22) Metaspace: 44848K(45568K)->44848K(45568K) NonClass: 39610K(40000K)->39610K(40000K) Class: 5237K(5568K)->5237K(5568K)
[2025-01-13T10:52:29.174+0700][gc          ] GC(22) Pause Young (Normal) (G1 Evacuation Pause) 306M->175M(1024M) 4.984ms
[2025-01-13T10:52:29.174+0700][gc,cpu      ] GC(22) User=0.04s Sys=0.00s Real=0.01s
[2025-01-13T11:00:55.893+0700][gc,start    ] GC(23) Pause Young (Normal) (G1 Evacuation Pause)
[2025-01-13T11:00:55.893+0700][gc,task     ] GC(23) Using 10 workers of 10 for evacuation
[2025-01-13T11:00:55.898+0700][gc,phases   ] GC(23)   Pre Evacuate Collection Set: 0.16ms
[2025-01-13T11:00:55.898+0700][gc,phases   ] GC(23)   Merge Heap Roots: 0.11ms
[2025-01-13T11:00:55.898+0700][gc,phases   ] GC(23)   Evacuate Collection Set: 3.52ms
[2025-01-13T11:00:55.898+0700][gc,phases   ] GC(23)   Post Evacuate Collection Set: 0.33ms
[2025-01-13T11:00:55.898+0700][gc,phases   ] GC(23)   Other: 0.11ms
[2025-01-13T11:00:55.898+0700][gc,heap     ] GC(23) Eden regions: 123->0(144)
[2025-01-13T11:00:55.898+0700][gc,heap     ] GC(23) Survivor regions: 6->8(17)
[2025-01-13T11:00:55.898+0700][gc,heap     ] GC(23) Old regions: 41->41
[2025-01-13T11:00:55.898+0700][gc,heap     ] GC(23) Humongous regions: 129->129
[2025-01-13T11:00:55.898+0700][gc,metaspace] GC(23) Metaspace: 44866K(45632K)->44866K(45632K) NonClass: 39629K(40064K)->39629K(40064K) Class: 5237K(5568K)->5237K(5568K)
[2025-01-13T11:00:55.898+0700][gc          ] GC(23) Pause Young (Normal) (G1 Evacuation Pause) 298M->177M(1024M) 4.522ms
[2025-01-13T11:00:55.898+0700][gc,cpu      ] GC(23) User=0.04s Sys=0.00s Real=0.00s
[2025-01-13T11:10:55.414+0700][gc,start    ] GC(24) Pause Young (Normal) (G1 Evacuation Pause)
[2025-01-13T11:10:55.414+0700][gc,task     ] GC(24) Using 10 workers of 10 for evacuation
[2025-01-13T11:10:55.423+0700][gc,phases   ] GC(24)   Pre Evacuate Collection Set: 0.22ms
[2025-01-13T11:10:55.423+0700][gc,phases   ] GC(24)   Merge Heap Roots: 0.14ms
[2025-01-13T11:10:55.423+0700][gc,phases   ] GC(24)   Evacuate Collection Set: 7.82ms
[2025-01-13T11:10:55.423+0700][gc,phases   ] GC(24)   Post Evacuate Collection Set: 0.44ms
[2025-01-13T11:10:55.423+0700][gc,phases   ] GC(24)   Other: 0.13ms
[2025-01-13T11:10:55.423+0700][gc,heap     ] GC(24) Eden regions: 146->0(137)
[2025-01-13T11:10:55.423+0700][gc,heap     ] GC(24) Survivor regions: 8->12(20)
[2025-01-13T11:10:55.423+0700][gc,heap     ] GC(24) Old regions: 41->41
[2025-01-13T11:10:55.423+0700][gc,heap     ] GC(24) Humongous regions: 129->129
[2025-01-13T11:10:55.423+0700][gc,metaspace] GC(24) Metaspace: 44884K(45632K)->44884K(45632K) NonClass: 39646K(40064K)->39646K(40064K) Class: 5237K(5568K)->5237K(5568K)
[2025-01-13T11:10:55.423+0700][gc          ] GC(24) Pause Young (Normal) (G1 Evacuation Pause) 323M->181M(1024M) 9.053ms
[2025-01-13T11:10:55.423+0700][gc,cpu      ] GC(24) User=0.05s Sys=0.02s Real=0.01s
[2025-01-13T11:20:17.374+0700][gc,start    ] GC(25) Pause Young (Normal) (G1 Evacuation Pause)
[2025-01-13T11:20:17.375+0700][gc,task     ] GC(25) Using 10 workers of 10 for evacuation
[2025-01-13T11:20:17.384+0700][gc,phases   ] GC(25)   Pre Evacuate Collection Set: 0.34ms
[2025-01-13T11:20:17.384+0700][gc,phases   ] GC(25)   Merge Heap Roots: 0.25ms
[2025-01-13T11:20:17.384+0700][gc,phases   ] GC(25)   Evacuate Collection Set: 7.90ms
[2025-01-13T11:20:17.384+0700][gc,phases   ] GC(25)   Post Evacuate Collection Set: 0.39ms
[2025-01-13T11:20:17.384+0700][gc,phases   ] GC(25)   Other: 0.17ms
[2025-01-13T11:20:17.384+0700][gc,heap     ] GC(25) Eden regions: 137->0(152)
[2025-01-13T11:20:17.384+0700][gc,heap     ] GC(25) Survivor regions: 12->13(19)
[2025-01-13T11:20:17.384+0700][gc,heap     ] GC(25) Old regions: 41->44
[2025-01-13T11:20:17.384+0700][gc,heap     ] GC(25) Humongous regions: 129->129
[2025-01-13T11:20:17.384+0700][gc,metaspace] GC(25) Metaspace: 44941K(45696K)->44941K(45696K) NonClass: 39703K(40128K)->39703K(40128K) Class: 5237K(5568K)->5237K(5568K)
[2025-01-13T11:20:17.384+0700][gc          ] GC(25) Pause Young (Normal) (G1 Evacuation Pause) 318M->185M(1024M) 9.391ms
[2025-01-13T11:20:17.384+0700][gc,cpu      ] GC(25) User=0.06s Sys=0.00s Real=0.01s
[2025-01-13T11:33:57.073+0700][gc,start    ] GC(26) Pause Young (Normal) (G1 Evacuation Pause)
[2025-01-13T11:33:57.073+0700][gc,task     ] GC(26) Using 10 workers of 10 for evacuation
[2025-01-13T11:33:57.084+0700][gc,phases   ] GC(26)   Pre Evacuate Collection Set: 0.41ms
[2025-01-13T11:33:57.084+0700][gc,phases   ] GC(26)   Merge Heap Roots: 0.19ms
[2025-01-13T11:33:57.084+0700][gc,phases   ] GC(26)   Evacuate Collection Set: 9.84ms
[2025-01-13T11:33:57.084+0700][gc,phases   ] GC(26)   Post Evacuate Collection Set: 0.38ms
[2025-01-13T11:33:57.084+0700][gc,phases   ] GC(26)   Other: 0.19ms
[2025-01-13T11:33:57.084+0700][gc,heap     ] GC(26) Eden regions: 151->0(148)
[2025-01-13T11:33:57.084+0700][gc,heap     ] GC(26) Survivor regions: 13->16(21)
[2025-01-13T11:33:57.084+0700][gc,heap     ] GC(26) Old regions: 44->47
[2025-01-13T11:33:57.084+0700][gc,heap     ] GC(26) Humongous regions: 129->129
[2025-01-13T11:33:57.084+0700][gc,metaspace] GC(26) Metaspace: 44943K(45696K)->44943K(45696K) NonClass: 39706K(40128K)->39706K(40128K) Class: 5237K(5568K)->5237K(5568K)
[2025-01-13T11:33:57.084+0700][gc          ] GC(26) Pause Young (Normal) (G1 Evacuation Pause) 336M->190M(1024M) 11.385ms
[2025-01-13T11:33:57.084+0700][gc,cpu      ] GC(26) User=0.07s Sys=0.02s Real=0.01s
[2025-01-13T11:50:22.725+0700][gc,start    ] GC(27) Pause Young (Normal) (G1 Evacuation Pause)
[2025-01-13T11:50:22.725+0700][gc,task     ] GC(27) Using 10 workers of 10 for evacuation
[2025-01-13T11:50:22.736+0700][gc,phases   ] GC(27)   Pre Evacuate Collection Set: 0.25ms
[2025-01-13T11:50:22.736+0700][gc,phases   ] GC(27)   Merge Heap Roots: 0.13ms
[2025-01-13T11:50:22.736+0700][gc,phases   ] GC(27)   Evacuate Collection Set: 10.26ms
[2025-01-13T11:50:22.736+0700][gc,phases   ] GC(27)   Post Evacuate Collection Set: 0.42ms
[2025-01-13T11:50:22.736+0700][gc,phases   ] GC(27)   Other: 0.15ms
[2025-01-13T11:50:22.736+0700][gc,heap     ] GC(27) Eden regions: 146->0(147)
[2025-01-13T11:50:22.736+0700][gc,heap     ] GC(27) Survivor regions: 16->19(21)
[2025-01-13T11:50:22.736+0700][gc,heap     ] GC(27) Old regions: 47->51
[2025-01-13T11:50:22.736+0700][gc,heap     ] GC(27) Humongous regions: 129->129
[2025-01-13T11:50:22.736+0700][gc,metaspace] GC(27) Metaspace: 44998K(45696K)->44998K(45696K) NonClass: 39761K(40128K)->39761K(40128K) Class: 5237K(5568K)->5237K(5568K)
[2025-01-13T11:50:22.736+0700][gc          ] GC(27) Pause Young (Normal) (G1 Evacuation Pause) 336M->198M(1024M) 11.522ms
[2025-01-13T11:50:22.737+0700][gc,cpu      ] GC(27) User=0.10s Sys=0.00s Real=0.01s
[2025-01-13T12:00:19.439+0700][gc,start    ] GC(28) Pause Young (Normal) (G1 Evacuation Pause)
[2025-01-13T12:00:19.439+0700][gc,task     ] GC(28) Using 10 workers of 10 for evacuation
[2025-01-13T12:00:19.445+0700][gc,phases   ] GC(28)   Pre Evacuate Collection Set: 0.18ms
[2025-01-13T12:00:19.445+0700][gc,phases   ] GC(28)   Merge Heap Roots: 0.13ms
[2025-01-13T12:00:19.445+0700][gc,phases   ] GC(28)   Evacuate Collection Set: 5.10ms
[2025-01-13T12:00:19.445+0700][gc,phases   ] GC(28)   Post Evacuate Collection Set: 0.37ms
[2025-01-13T12:00:19.445+0700][gc,phases   ] GC(28)   Other: 0.12ms
[2025-01-13T12:00:19.445+0700][gc,heap     ] GC(28) Eden regions: 145->0(211)
[2025-01-13T12:00:19.445+0700][gc,heap     ] GC(28) Survivor regions: 19->4(21)
[2025-01-13T12:00:19.445+0700][gc,heap     ] GC(28) Old regions: 51->58
[2025-01-13T12:00:19.445+0700][gc,heap     ] GC(28) Humongous regions: 129->129
[2025-01-13T12:00:19.445+0700][gc,metaspace] GC(28) Metaspace: 45011K(45696K)->45011K(45696K) NonClass: 39774K(40128K)->39774K(40128K) Class: 5237K(5568K)->5237K(5568K)
[2025-01-13T12:00:19.445+0700][gc          ] GC(28) Pause Young (Normal) (G1 Evacuation Pause) 343M->190M(1024M) 6.179ms
[2025-01-13T12:00:19.445+0700][gc,cpu      ] GC(28) User=0.05s Sys=0.00s Real=0.01s
[2025-01-13T12:17:30.313+0700][gc,heap,exit] Heap
[2025-01-13T12:17:30.313+0700][gc,heap,exit]  garbage-first heap   total reserved 1048576K, committed 1048576K, used 366038K [0x00000007c0000000, 0x0000000800000000)
[2025-01-13T12:17:30.313+0700][gc,heap,exit]   region size 1024K, 171 young (175104K), 4 survivors (4096K)
[2025-01-13T12:17:30.313+0700][gc,heap,exit]  Metaspace       used 46025K, committed 46720K, reserved 1114112K
[2025-01-13T12:17:30.313+0700][gc,heap,exit]   class space    used 5446K, committed 5760K, reserved 1048576K
