[2025-01-24T23:09:25.946+0700][gc,init] CardTable entry size: 512
[2025-01-24T23:09:25.947+0700][gc     ] Using G1
[2025-01-24T23:09:25.952+0700][gc,init] Version: 23.0.1+11 (release)
[2025-01-24T23:09:25.952+0700][gc,init] CPUs: 12 total, 12 available
[2025-01-24T23:09:25.952+0700][gc,init] Memory: 32768M
[2025-01-24T23:09:25.952+0700][gc,init] Large Page Support: Disabled
[2025-01-24T23:09:25.952+0700][gc,init] NUMA Support: Disabled
[2025-01-24T23:09:25.952+0700][gc,init] Compressed Oops: Enabled (Zero based)
[2025-01-24T23:09:25.952+0700][gc,init] Heap Region Size: 1M
[2025-01-24T23:09:25.952+0700][gc,init] Heap Min Capacity: 1G
[2025-01-24T23:09:25.952+0700][gc,init] Heap Initial Capacity: 1G
[2025-01-24T23:09:25.952+0700][gc,init] Heap Max Capacity: 1G
[2025-01-24T23:09:25.952+0700][gc,init] Pre-touch: Disabled
[2025-01-24T23:09:25.952+0700][gc,init] Parallel Workers: 10
[2025-01-24T23:09:25.952+0700][gc,init] Concurrent Workers: 3
[2025-01-24T23:09:25.952+0700][gc,init] Concurrent Refinement Workers: 10
[2025-01-24T23:09:25.952+0700][gc,init] Periodic GC: Disabled
[2025-01-24T23:09:25.959+0700][gc,metaspace] CDS archive(s) mapped at: [0x000000012a000000-0x000000012ad8f000-0x000000012ad8f000), size 14217216, SharedBaseAddress: 0x000000012a000000, ArchiveRelocationMode: 1.
[2025-01-24T23:09:25.959+0700][gc,metaspace] Compressed class space mapped at: 0x000000012b000000-0x000000016b000000, reserved size: 1073741824
[2025-01-24T23:09:25.959+0700][gc,metaspace] Narrow klass base: 0x000000012a000000, Narrow klass shift: 0, Narrow klass range: 0x100000000
[2025-01-24T23:09:32.661+0700][gc,start    ] GC(0) Pause Young (Normal) (G1 Evacuation Pause)
[2025-01-24T23:09:32.661+0700][gc,task     ] GC(0) Using 10 workers of 10 for evacuation
[2025-01-24T23:09:32.665+0700][gc,phases   ] GC(0)   Pre Evacuate Collection Set: 0.10ms
[2025-01-24T23:09:32.665+0700][gc,phases   ] GC(0)   Merge Heap Roots: 0.06ms
[2025-01-24T23:09:32.665+0700][gc,phases   ] GC(0)   Evacuate Collection Set: 3.06ms
[2025-01-24T23:09:32.665+0700][gc,phases   ] GC(0)   Post Evacuate Collection Set: 0.52ms
[2025-01-24T23:09:32.665+0700][gc,phases   ] GC(0)   Other: 0.44ms
[2025-01-24T23:09:32.665+0700][gc,heap     ] GC(0) Eden regions: 51->0(44)
[2025-01-24T23:09:32.665+0700][gc,heap     ] GC(0) Survivor regions: 0->7(7)
[2025-01-24T23:09:32.665+0700][gc,heap     ] GC(0) Old regions: 2->3
[2025-01-24T23:09:32.665+0700][gc,heap     ] GC(0) Humongous regions: 0->0
[2025-01-24T23:09:32.665+0700][gc,metaspace] GC(0) Metaspace: 16907K(17152K)->16907K(17152K) NonClass: 14847K(14976K)->14847K(14976K) Class: 2060K(2176K)->2060K(2176K)
[2025-01-24T23:09:32.665+0700][gc          ] GC(0) Pause Young (Normal) (G1 Evacuation Pause) 52M->9M(1024M) 4.459ms
[2025-01-24T23:09:32.665+0700][gc,cpu      ] GC(0) User=0.02s Sys=0.01s Real=0.00s
[2025-01-24T23:09:33.014+0700][gc,start    ] GC(1) Pause Young (Concurrent Start) (Metadata GC Threshold)
[2025-01-24T23:09:33.014+0700][gc,task     ] GC(1) Using 10 workers of 10 for evacuation
[2025-01-24T23:09:33.020+0700][gc,phases   ] GC(1)   Pre Evacuate Collection Set: 0.65ms
[2025-01-24T23:09:33.020+0700][gc,phases   ] GC(1)   Merge Heap Roots: 0.05ms
[2025-01-24T23:09:33.020+0700][gc,phases   ] GC(1)   Evacuate Collection Set: 4.32ms
[2025-01-24T23:09:33.020+0700][gc,phases   ] GC(1)   Post Evacuate Collection Set: 0.40ms
[2025-01-24T23:09:33.020+0700][gc,phases   ] GC(1)   Other: 0.13ms
[2025-01-24T23:09:33.020+0700][gc,heap     ] GC(1) Eden regions: 17->0(49)
[2025-01-24T23:09:33.020+0700][gc,heap     ] GC(1) Survivor regions: 7->2(7)
[2025-01-24T23:09:33.020+0700][gc,heap     ] GC(1) Old regions: 3->11
[2025-01-24T23:09:33.020+0700][gc,heap     ] GC(1) Humongous regions: 0->0
[2025-01-24T23:09:33.020+0700][gc,metaspace] GC(1) Metaspace: 21221K(21504K)->21221K(21504K) NonClass: 18630K(18752K)->18630K(18752K) Class: 2591K(2752K)->2591K(2752K)
[2025-01-24T23:09:33.020+0700][gc          ] GC(1) Pause Young (Concurrent Start) (Metadata GC Threshold) 25M->10M(1024M) 5.810ms
[2025-01-24T23:09:33.020+0700][gc,cpu      ] GC(1) User=0.03s Sys=0.01s Real=0.01s
[2025-01-24T23:09:33.020+0700][gc          ] GC(2) Concurrent Mark Cycle
[2025-01-24T23:09:33.020+0700][gc,marking  ] GC(2) Concurrent Scan Root Regions
[2025-01-24T23:09:33.022+0700][gc,marking  ] GC(2) Concurrent Scan Root Regions 1.660ms
[2025-01-24T23:09:33.022+0700][gc,marking  ] GC(2) Concurrent Mark
[2025-01-24T23:09:33.022+0700][gc,marking  ] GC(2) Concurrent Mark From Roots
[2025-01-24T23:09:33.022+0700][gc,task     ] GC(2) Using 3 workers of 3 for marking
[2025-01-24T23:09:33.024+0700][gc,marking  ] GC(2) Concurrent Mark From Roots 1.826ms
[2025-01-24T23:09:33.024+0700][gc,marking  ] GC(2) Concurrent Preclean
[2025-01-24T23:09:33.024+0700][gc,marking  ] GC(2) Concurrent Preclean 0.365ms
[2025-01-24T23:09:33.024+0700][gc,start    ] GC(2) Pause Remark
[2025-01-24T23:09:33.026+0700][gc          ] GC(2) Pause Remark 11M->11M(1024M) 1.968ms
[2025-01-24T23:09:33.026+0700][gc,cpu      ] GC(2) User=0.01s Sys=0.00s Real=0.00s
[2025-01-24T23:09:33.026+0700][gc,marking  ] GC(2) Concurrent Mark 4.387ms
[2025-01-24T23:09:33.026+0700][gc,marking  ] GC(2) Concurrent Rebuild Remembered Sets and Scrub Regions
[2025-01-24T23:09:33.028+0700][gc,marking  ] GC(2) Concurrent Rebuild Remembered Sets and Scrub Regions 2.015ms
[2025-01-24T23:09:33.028+0700][gc,start    ] GC(2) Pause Cleanup
[2025-01-24T23:09:33.029+0700][gc          ] GC(2) Pause Cleanup 11M->11M(1024M) 0.047ms
[2025-01-24T23:09:33.029+0700][gc,cpu      ] GC(2) User=0.00s Sys=0.00s Real=0.00s
[2025-01-24T23:09:33.029+0700][gc,marking  ] GC(2) Concurrent Clear Claimed Marks
[2025-01-24T23:09:33.029+0700][gc,marking  ] GC(2) Concurrent Clear Claimed Marks 0.037ms
[2025-01-24T23:09:33.029+0700][gc,marking  ] GC(2) Concurrent Cleanup for Next Mark
[2025-01-24T23:09:33.033+0700][gc,marking  ] GC(2) Concurrent Cleanup for Next Mark 4.065ms
[2025-01-24T23:09:33.033+0700][gc          ] GC(2) Concurrent Mark Cycle 12.542ms
[2025-01-24T23:09:33.778+0700][gc,start    ] GC(3) Pause Young (Prepare Mixed) (G1 Evacuation Pause)
[2025-01-24T23:09:33.796+0700][gc,task     ] GC(3) Using 10 workers of 10 for evacuation
[2025-01-24T23:09:33.801+0700][gc,phases   ] GC(3)   Pre Evacuate Collection Set: 0.25ms
[2025-01-24T23:09:33.801+0700][gc,phases   ] GC(3)   Merge Heap Roots: 0.07ms
[2025-01-24T23:09:33.801+0700][gc,phases   ] GC(3)   Evacuate Collection Set: 4.28ms
[2025-01-24T23:09:33.801+0700][gc,phases   ] GC(3)   Post Evacuate Collection Set: 0.51ms
[2025-01-24T23:09:33.801+0700][gc,phases   ] GC(3)   Other: 0.16ms
[2025-01-24T23:09:33.801+0700][gc,heap     ] GC(3) Eden regions: 49->0(44)
[2025-01-24T23:09:33.801+0700][gc,heap     ] GC(3) Survivor regions: 2->7(7)
[2025-01-24T23:09:33.801+0700][gc,heap     ] GC(3) Old regions: 11->11
[2025-01-24T23:09:33.801+0700][gc,heap     ] GC(3) Humongous regions: 129->129
[2025-01-24T23:09:33.801+0700][gc,metaspace] GC(3) Metaspace: 32639K(32960K)->32639K(32960K) NonClass: 28974K(29184K)->28974K(29184K) Class: 3664K(3776K)->3664K(3776K)
[2025-01-24T23:09:33.802+0700][gc          ] GC(3) Pause Young (Prepare Mixed) (G1 Evacuation Pause) 188M->144M(1024M) 23.269ms
[2025-01-24T23:09:33.802+0700][gc,cpu      ] GC(3) User=0.05s Sys=0.00s Real=0.03s
[2025-01-24T23:09:34.007+0700][gc,start    ] GC(4) Pause Young (Mixed) (Metadata GC Threshold)
[2025-01-24T23:09:34.007+0700][gc,task     ] GC(4) Using 10 workers of 10 for evacuation
[2025-01-24T23:09:34.012+0700][gc,phases   ] GC(4)   Pre Evacuate Collection Set: 0.18ms
[2025-01-24T23:09:34.012+0700][gc,phases   ] GC(4)   Merge Heap Roots: 0.07ms
[2025-01-24T23:09:34.012+0700][gc,phases   ] GC(4)   Evacuate Collection Set: 3.56ms
[2025-01-24T23:09:34.012+0700][gc,phases   ] GC(4)   Post Evacuate Collection Set: 0.35ms
[2025-01-24T23:09:34.012+0700][gc,phases   ] GC(4)   Other: 0.09ms
[2025-01-24T23:09:34.012+0700][gc,heap     ] GC(4) Eden regions: 14->0(49)
[2025-01-24T23:09:34.012+0700][gc,heap     ] GC(4) Survivor regions: 7->2(7)
[2025-01-24T23:09:34.012+0700][gc,heap     ] GC(4) Old regions: 11->16
[2025-01-24T23:09:34.012+0700][gc,heap     ] GC(4) Humongous regions: 129->129
[2025-01-24T23:09:34.012+0700][gc,metaspace] GC(4) Metaspace: 35835K(36096K)->35835K(36096K) NonClass: 31743K(31872K)->31743K(31872K) Class: 4092K(4224K)->4092K(4224K)
[2025-01-24T23:09:34.012+0700][gc          ] GC(4) Pause Young (Mixed) (Metadata GC Threshold) 158M->145M(1024M) 4.474ms
[2025-01-24T23:09:34.012+0700][gc,cpu      ] GC(4) User=0.03s Sys=0.01s Real=0.01s
[2025-01-24T23:09:34.031+0700][gc,start    ] GC(5) Pause Young (Concurrent Start) (Metadata GC Threshold)
[2025-01-24T23:09:34.031+0700][gc,task     ] GC(5) Using 10 workers of 10 for evacuation
[2025-01-24T23:09:34.033+0700][gc,phases   ] GC(5)   Pre Evacuate Collection Set: 0.20ms
[2025-01-24T23:09:34.033+0700][gc,phases   ] GC(5)   Merge Heap Roots: 0.05ms
[2025-01-24T23:09:34.033+0700][gc,phases   ] GC(5)   Evacuate Collection Set: 0.65ms
[2025-01-24T23:09:34.033+0700][gc,phases   ] GC(5)   Post Evacuate Collection Set: 0.30ms
[2025-01-24T23:09:34.033+0700][gc,phases   ] GC(5)   Other: 0.10ms
[2025-01-24T23:09:34.033+0700][gc,heap     ] GC(5) Eden regions: 2->0(50)
[2025-01-24T23:09:34.033+0700][gc,heap     ] GC(5) Survivor regions: 2->1(7)
[2025-01-24T23:09:34.033+0700][gc,heap     ] GC(5) Old regions: 16->16
[2025-01-24T23:09:34.033+0700][gc,heap     ] GC(5) Humongous regions: 129->129
[2025-01-24T23:09:34.033+0700][gc,metaspace] GC(5) Metaspace: 36134K(36416K)->36134K(36416K) NonClass: 32001K(32128K)->32001K(32128K) Class: 4133K(4288K)->4133K(4288K)
[2025-01-24T23:09:34.033+0700][gc          ] GC(5) Pause Young (Concurrent Start) (Metadata GC Threshold) 147M->145M(1024M) 1.472ms
[2025-01-24T23:09:34.033+0700][gc,cpu      ] GC(5) User=0.00s Sys=0.00s Real=0.00s
[2025-01-24T23:09:34.033+0700][gc          ] GC(6) Concurrent Mark Cycle
[2025-01-24T23:09:34.033+0700][gc,marking  ] GC(6) Concurrent Scan Root Regions
[2025-01-24T23:09:34.034+0700][gc,marking  ] GC(6) Concurrent Scan Root Regions 1.036ms
[2025-01-24T23:09:34.034+0700][gc,marking  ] GC(6) Concurrent Mark
[2025-01-24T23:09:34.034+0700][gc,marking  ] GC(6) Concurrent Mark From Roots
[2025-01-24T23:09:34.034+0700][gc,task     ] GC(6) Using 3 workers of 3 for marking
[2025-01-24T23:09:34.042+0700][gc,marking  ] GC(6) Concurrent Mark From Roots 7.887ms
[2025-01-24T23:09:34.042+0700][gc,marking  ] GC(6) Concurrent Preclean
[2025-01-24T23:09:34.042+0700][gc,marking  ] GC(6) Concurrent Preclean 0.071ms
[2025-01-24T23:09:34.042+0700][gc,start    ] GC(6) Pause Remark
[2025-01-24T23:09:34.044+0700][gc          ] GC(6) Pause Remark 146M->146M(1024M) 1.363ms
[2025-01-24T23:09:34.044+0700][gc,cpu      ] GC(6) User=0.00s Sys=0.00s Real=0.00s
[2025-01-24T23:09:34.044+0700][gc,marking  ] GC(6) Concurrent Mark 9.801ms
[2025-01-24T23:09:34.044+0700][gc,marking  ] GC(6) Concurrent Rebuild Remembered Sets and Scrub Regions
[2025-01-24T23:09:34.047+0700][gc,marking  ] GC(6) Concurrent Rebuild Remembered Sets and Scrub Regions 3.070ms
[2025-01-24T23:09:34.047+0700][gc,start    ] GC(6) Pause Cleanup
[2025-01-24T23:09:34.047+0700][gc          ] GC(6) Pause Cleanup 146M->146M(1024M) 0.041ms
[2025-01-24T23:09:34.047+0700][gc,cpu      ] GC(6) User=0.00s Sys=0.00s Real=0.00s
[2025-01-24T23:09:34.047+0700][gc,marking  ] GC(6) Concurrent Clear Claimed Marks
[2025-01-24T23:09:34.047+0700][gc,marking  ] GC(6) Concurrent Clear Claimed Marks 0.034ms
[2025-01-24T23:09:34.047+0700][gc,marking  ] GC(6) Concurrent Cleanup for Next Mark
[2025-01-24T23:09:34.048+0700][gc,marking  ] GC(6) Concurrent Cleanup for Next Mark 1.252ms
[2025-01-24T23:09:34.048+0700][gc          ] GC(6) Concurrent Mark Cycle 15.530ms
[2025-01-24T23:11:42.988+0700][gc,start    ] GC(7) Pause Young (Prepare Mixed) (G1 Evacuation Pause)
[2025-01-24T23:11:42.989+0700][gc,task     ] GC(7) Using 10 workers of 10 for evacuation
[2025-01-24T23:11:42.993+0700][gc,phases   ] GC(7)   Pre Evacuate Collection Set: 0.28ms
[2025-01-24T23:11:42.993+0700][gc,phases   ] GC(7)   Merge Heap Roots: 0.11ms
[2025-01-24T23:11:42.993+0700][gc,phases   ] GC(7)   Evacuate Collection Set: 2.88ms
[2025-01-24T23:11:42.993+0700][gc,phases   ] GC(7)   Post Evacuate Collection Set: 0.77ms
[2025-01-24T23:11:42.993+0700][gc,phases   ] GC(7)   Other: 0.16ms
[2025-01-24T23:11:42.993+0700][gc,heap     ] GC(7) Eden regions: 50->0(46)
[2025-01-24T23:11:42.993+0700][gc,heap     ] GC(7) Survivor regions: 1->5(7)
[2025-01-24T23:11:42.993+0700][gc,heap     ] GC(7) Old regions: 16->16
[2025-01-24T23:11:42.993+0700][gc,heap     ] GC(7) Humongous regions: 129->129
[2025-01-24T23:11:42.993+0700][gc,metaspace] GC(7) Metaspace: 42265K(42944K)->42265K(42944K) NonClass: 37152K(37568K)->37152K(37568K) Class: 5113K(5376K)->5113K(5376K)
[2025-01-24T23:11:42.993+0700][gc          ] GC(7) Pause Young (Prepare Mixed) (G1 Evacuation Pause) 195M->149M(1024M) 5.542ms
[2025-01-24T23:11:42.993+0700][gc,cpu      ] GC(7) User=0.03s Sys=0.00s Real=0.01s
[2025-01-24T23:14:38.941+0700][gc,start    ] GC(8) Pause Young (Mixed) (G1 Evacuation Pause)
[2025-01-24T23:14:38.941+0700][gc,task     ] GC(8) Using 10 workers of 10 for evacuation
[2025-01-24T23:14:38.947+0700][gc,phases   ] GC(8)   Pre Evacuate Collection Set: 0.16ms
[2025-01-24T23:14:38.947+0700][gc,phases   ] GC(8)   Merge Heap Roots: 0.08ms
[2025-01-24T23:14:38.947+0700][gc,phases   ] GC(8)   Evacuate Collection Set: 4.63ms
[2025-01-24T23:14:38.947+0700][gc,phases   ] GC(8)   Post Evacuate Collection Set: 0.44ms
[2025-01-24T23:14:38.947+0700][gc,phases   ] GC(8)   Other: 0.09ms
[2025-01-24T23:14:38.947+0700][gc,heap     ] GC(8) Eden regions: 46->0(46)
[2025-01-24T23:14:38.947+0700][gc,heap     ] GC(8) Survivor regions: 5->5(7)
[2025-01-24T23:14:38.947+0700][gc,heap     ] GC(8) Old regions: 16->20
[2025-01-24T23:14:38.947+0700][gc,heap     ] GC(8) Humongous regions: 129->129
[2025-01-24T23:14:38.947+0700][gc,metaspace] GC(8) Metaspace: 42900K(43520K)->42900K(43520K) NonClass: 37783K(38144K)->37783K(38144K) Class: 5116K(5376K)->5116K(5376K)
[2025-01-24T23:14:38.947+0700][gc          ] GC(8) Pause Young (Mixed) (G1 Evacuation Pause) 195M->153M(1024M) 5.700ms
[2025-01-24T23:14:38.947+0700][gc,cpu      ] GC(8) User=0.04s Sys=0.01s Real=0.00s
[2025-01-24T23:17:53.048+0700][gc,start    ] GC(9) Pause Young (Normal) (G1 Evacuation Pause)
[2025-01-24T23:17:53.049+0700][gc,task     ] GC(9) Using 10 workers of 10 for evacuation
[2025-01-24T23:17:53.054+0700][gc,phases   ] GC(9)   Pre Evacuate Collection Set: 0.18ms
[2025-01-24T23:17:53.054+0700][gc,phases   ] GC(9)   Merge Heap Roots: 0.10ms
[2025-01-24T23:17:53.054+0700][gc,phases   ] GC(9)   Evacuate Collection Set: 4.38ms
[2025-01-24T23:17:53.054+0700][gc,phases   ] GC(9)   Post Evacuate Collection Set: 0.51ms
[2025-01-24T23:17:53.054+0700][gc,phases   ] GC(9)   Other: 0.12ms
[2025-01-24T23:17:53.054+0700][gc,heap     ] GC(9) Eden regions: 46->0(46)
[2025-01-24T23:17:53.054+0700][gc,heap     ] GC(9) Survivor regions: 5->5(7)
[2025-01-24T23:17:53.054+0700][gc,heap     ] GC(9) Old regions: 20->24
[2025-01-24T23:17:53.054+0700][gc,heap     ] GC(9) Humongous regions: 129->129
[2025-01-24T23:17:53.054+0700][gc,metaspace] GC(9) Metaspace: 43035K(43648K)->43035K(43648K) NonClass: 37913K(38272K)->37913K(38272K) Class: 5121K(5376K)->5121K(5376K)
[2025-01-24T23:17:53.054+0700][gc          ] GC(9) Pause Young (Normal) (G1 Evacuation Pause) 199M->157M(1024M) 6.369ms
[2025-01-24T23:17:53.054+0700][gc,cpu      ] GC(9) User=0.04s Sys=0.00s Real=0.01s
[2025-01-24T23:21:07.574+0700][gc,start    ] GC(10) Pause Young (Normal) (G1 Evacuation Pause)
[2025-01-24T23:21:07.574+0700][gc,task     ] GC(10) Using 10 workers of 10 for evacuation
[2025-01-24T23:21:07.578+0700][gc,phases   ] GC(10)   Pre Evacuate Collection Set: 0.25ms
[2025-01-24T23:21:07.578+0700][gc,phases   ] GC(10)   Merge Heap Roots: 0.13ms
[2025-01-24T23:21:07.578+0700][gc,phases   ] GC(10)   Evacuate Collection Set: 2.48ms
[2025-01-24T23:21:07.578+0700][gc,phases   ] GC(10)   Post Evacuate Collection Set: 0.42ms
[2025-01-24T23:21:07.578+0700][gc,phases   ] GC(10)   Other: 0.12ms
[2025-01-24T23:21:07.578+0700][gc,heap     ] GC(10) Eden regions: 46->0(48)
[2025-01-24T23:21:07.578+0700][gc,heap     ] GC(10) Survivor regions: 5->3(7)
[2025-01-24T23:21:07.578+0700][gc,heap     ] GC(10) Old regions: 24->26
[2025-01-24T23:21:07.578+0700][gc,heap     ] GC(10) Humongous regions: 129->129
[2025-01-24T23:21:07.578+0700][gc,metaspace] GC(10) Metaspace: 43139K(43776K)->43139K(43776K) NonClass: 38002K(38400K)->38002K(38400K) Class: 5137K(5376K)->5137K(5376K)
[2025-01-24T23:21:07.578+0700][gc          ] GC(10) Pause Young (Normal) (G1 Evacuation Pause) 203M->157M(1024M) 3.740ms
[2025-01-24T23:21:07.578+0700][gc,cpu      ] GC(10) User=0.03s Sys=0.00s Real=0.00s
[2025-01-24T23:24:35.126+0700][gc,start    ] GC(11) Pause Young (Normal) (G1 Evacuation Pause)
[2025-01-24T23:24:35.127+0700][gc,task     ] GC(11) Using 10 workers of 10 for evacuation
[2025-01-24T23:24:35.132+0700][gc,phases   ] GC(11)   Pre Evacuate Collection Set: 0.25ms
[2025-01-24T23:24:35.132+0700][gc,phases   ] GC(11)   Merge Heap Roots: 0.12ms
[2025-01-24T23:24:35.132+0700][gc,phases   ] GC(11)   Evacuate Collection Set: 3.90ms
[2025-01-24T23:24:35.132+0700][gc,phases   ] GC(11)   Post Evacuate Collection Set: 0.30ms
[2025-01-24T23:24:35.132+0700][gc,phases   ] GC(11)   Other: 0.13ms
[2025-01-24T23:24:35.132+0700][gc,heap     ] GC(11) Eden regions: 48->0(44)
[2025-01-24T23:24:35.132+0700][gc,heap     ] GC(11) Survivor regions: 3->7(7)
[2025-01-24T23:24:35.132+0700][gc,heap     ] GC(11) Old regions: 26->26
[2025-01-24T23:24:35.132+0700][gc,heap     ] GC(11) Humongous regions: 129->129
[2025-01-24T23:24:35.132+0700][gc,metaspace] GC(11) Metaspace: 43277K(43904K)->43277K(43904K) NonClass: 38138K(38528K)->38138K(38528K) Class: 5139K(5376K)->5139K(5376K)
[2025-01-24T23:24:35.132+0700][gc          ] GC(11) Pause Young (Normal) (G1 Evacuation Pause) 205M->161M(1024M) 5.794ms
[2025-01-24T23:24:35.132+0700][gc,cpu      ] GC(11) User=0.04s Sys=0.00s Real=0.01s
[2025-01-24T23:27:49.779+0700][gc,start    ] GC(12) Pause Young (Normal) (G1 Evacuation Pause)
[2025-01-24T23:27:49.779+0700][gc,task     ] GC(12) Using 10 workers of 10 for evacuation
[2025-01-24T23:27:49.787+0700][gc,phases   ] GC(12)   Pre Evacuate Collection Set: 0.31ms
[2025-01-24T23:27:49.788+0700][gc,phases   ] GC(12)   Merge Heap Roots: 0.15ms
[2025-01-24T23:27:49.788+0700][gc,phases   ] GC(12)   Evacuate Collection Set: 7.18ms
[2025-01-24T23:27:49.788+0700][gc,phases   ] GC(12)   Post Evacuate Collection Set: 0.33ms
[2025-01-24T23:27:49.788+0700][gc,phases   ] GC(12)   Other: 0.15ms
[2025-01-24T23:27:49.788+0700][gc,heap     ] GC(12) Eden regions: 44->0(46)
[2025-01-24T23:27:49.788+0700][gc,heap     ] GC(12) Survivor regions: 7->5(7)
[2025-01-24T23:27:49.788+0700][gc,heap     ] GC(12) Old regions: 26->33
[2025-01-24T23:27:49.788+0700][gc,heap     ] GC(12) Humongous regions: 129->129
[2025-01-24T23:27:49.788+0700][gc,metaspace] GC(12) Metaspace: 43325K(43904K)->43325K(43904K) NonClass: 38186K(38528K)->38186K(38528K) Class: 5139K(5376K)->5139K(5376K)
[2025-01-24T23:27:49.788+0700][gc          ] GC(12) Pause Young (Normal) (G1 Evacuation Pause) 205M->166M(1024M) 8.478ms
[2025-01-24T23:27:49.788+0700][gc,cpu      ] GC(12) User=0.06s Sys=0.00s Real=0.01s
[2025-01-24T23:31:12.406+0700][gc,start    ] GC(13) Pause Young (Normal) (G1 Evacuation Pause)
[2025-01-24T23:31:12.407+0700][gc,task     ] GC(13) Using 10 workers of 10 for evacuation
[2025-01-24T23:31:12.412+0700][gc,phases   ] GC(13)   Pre Evacuate Collection Set: 0.31ms
[2025-01-24T23:31:12.412+0700][gc,phases   ] GC(13)   Merge Heap Roots: 0.14ms
[2025-01-24T23:31:12.412+0700][gc,phases   ] GC(13)   Evacuate Collection Set: 3.42ms
[2025-01-24T23:31:12.412+0700][gc,phases   ] GC(13)   Post Evacuate Collection Set: 0.37ms
[2025-01-24T23:31:12.412+0700][gc,phases   ] GC(13)   Other: 0.17ms
[2025-01-24T23:31:12.412+0700][gc,heap     ] GC(13) Eden regions: 46->0(46)
[2025-01-24T23:31:12.412+0700][gc,heap     ] GC(13) Survivor regions: 5->5(7)
[2025-01-24T23:31:12.412+0700][gc,heap     ] GC(13) Old regions: 33->35
[2025-01-24T23:31:12.412+0700][gc,heap     ] GC(13) Humongous regions: 129->129
[2025-01-24T23:31:12.412+0700][gc,metaspace] GC(13) Metaspace: 43358K(43968K)->43358K(43968K) NonClass: 38218K(38592K)->38218K(38592K) Class: 5139K(5376K)->5139K(5376K)
[2025-01-24T23:31:12.412+0700][gc          ] GC(13) Pause Young (Normal) (G1 Evacuation Pause) 212M->168M(1024M) 5.700ms
[2025-01-24T23:31:12.412+0700][gc,cpu      ] GC(13) User=0.03s Sys=0.01s Real=0.01s
[2025-01-24T23:34:37.074+0700][gc,start    ] GC(14) Pause Young (Normal) (G1 Evacuation Pause)
[2025-01-24T23:34:37.074+0700][gc,task     ] GC(14) Using 10 workers of 10 for evacuation
[2025-01-24T23:34:37.080+0700][gc,phases   ] GC(14)   Pre Evacuate Collection Set: 0.38ms
[2025-01-24T23:34:37.080+0700][gc,phases   ] GC(14)   Merge Heap Roots: 0.20ms
[2025-01-24T23:34:37.080+0700][gc,phases   ] GC(14)   Evacuate Collection Set: 5.17ms
[2025-01-24T23:34:37.080+0700][gc,phases   ] GC(14)   Post Evacuate Collection Set: 0.33ms
[2025-01-24T23:34:37.080+0700][gc,phases   ] GC(14)   Other: 0.15ms
[2025-01-24T23:34:37.080+0700][gc,heap     ] GC(14) Eden regions: 46->0(60)
[2025-01-24T23:34:37.080+0700][gc,heap     ] GC(14) Survivor regions: 5->5(7)
[2025-01-24T23:34:37.080+0700][gc,heap     ] GC(14) Old regions: 35->40
[2025-01-24T23:34:37.080+0700][gc,heap     ] GC(14) Humongous regions: 129->129
[2025-01-24T23:34:37.080+0700][gc,metaspace] GC(14) Metaspace: 43414K(43968K)->43414K(43968K) NonClass: 38274K(38592K)->38274K(38592K) Class: 5139K(5376K)->5139K(5376K)
[2025-01-24T23:34:37.080+0700][gc          ] GC(14) Pause Young (Normal) (G1 Evacuation Pause) 214M->173M(1024M) 6.597ms
[2025-01-24T23:34:37.080+0700][gc,cpu      ] GC(14) User=0.05s Sys=0.00s Real=0.01s
[2025-01-24T23:39:04.692+0700][gc,start    ] GC(15) Pause Young (Normal) (G1 Evacuation Pause)
[2025-01-24T23:39:04.692+0700][gc,task     ] GC(15) Using 10 workers of 10 for evacuation
[2025-01-24T23:39:04.697+0700][gc,phases   ] GC(15)   Pre Evacuate Collection Set: 0.23ms
[2025-01-24T23:39:04.697+0700][gc,phases   ] GC(15)   Merge Heap Roots: 0.11ms
[2025-01-24T23:39:04.697+0700][gc,phases   ] GC(15)   Evacuate Collection Set: 3.89ms
[2025-01-24T23:39:04.697+0700][gc,phases   ] GC(15)   Post Evacuate Collection Set: 0.31ms
[2025-01-24T23:39:04.697+0700][gc,phases   ] GC(15)   Other: 0.14ms
[2025-01-24T23:39:04.697+0700][gc,heap     ] GC(15) Eden regions: 60->0(59)
[2025-01-24T23:39:04.697+0700][gc,heap     ] GC(15) Survivor regions: 5->5(9)
[2025-01-24T23:39:04.697+0700][gc,heap     ] GC(15) Old regions: 40->41
[2025-01-24T23:39:04.697+0700][gc,heap     ] GC(15) Humongous regions: 129->129
[2025-01-24T23:39:04.697+0700][gc,metaspace] GC(15) Metaspace: 43457K(44032K)->43457K(44032K) NonClass: 38318K(38656K)->38318K(38656K) Class: 5139K(5376K)->5139K(5376K)
[2025-01-24T23:39:04.697+0700][gc          ] GC(15) Pause Young (Normal) (G1 Evacuation Pause) 233M->174M(1024M) 4.993ms
[2025-01-24T23:39:04.697+0700][gc,cpu      ] GC(15) User=0.03s Sys=0.01s Real=0.00s
[2025-01-24T23:43:26.935+0700][gc,start    ] GC(16) Pause Young (Normal) (G1 Evacuation Pause)
[2025-01-24T23:43:26.935+0700][gc,task     ] GC(16) Using 10 workers of 10 for evacuation
[2025-01-24T23:43:26.941+0700][gc,phases   ] GC(16)   Pre Evacuate Collection Set: 0.19ms
[2025-01-24T23:43:26.941+0700][gc,phases   ] GC(16)   Merge Heap Roots: 0.10ms
[2025-01-24T23:43:26.941+0700][gc,phases   ] GC(16)   Evacuate Collection Set: 4.93ms
[2025-01-24T23:43:26.941+0700][gc,phases   ] GC(16)   Post Evacuate Collection Set: 0.38ms
[2025-01-24T23:43:26.941+0700][gc,phases   ] GC(16)   Other: 0.11ms
[2025-01-24T23:43:26.941+0700][gc,heap     ] GC(16) Eden regions: 58->0(63)
[2025-01-24T23:43:26.941+0700][gc,heap     ] GC(16) Survivor regions: 5->7(8)
[2025-01-24T23:43:26.941+0700][gc,heap     ] GC(16) Old regions: 41->46
[2025-01-24T23:43:26.941+0700][gc,heap     ] GC(16) Humongous regions: 129->129
[2025-01-24T23:43:26.941+0700][gc,metaspace] GC(16) Metaspace: 43487K(44032K)->43487K(44032K) NonClass: 38347K(38656K)->38347K(38656K) Class: 5139K(5376K)->5139K(5376K)
[2025-01-24T23:43:26.941+0700][gc          ] GC(16) Pause Young (Normal) (G1 Evacuation Pause) 232M->180M(1024M) 5.968ms
[2025-01-24T23:43:26.941+0700][gc,cpu      ] GC(16) User=0.04s Sys=0.01s Real=0.01s
[2025-01-24T23:48:07.870+0700][gc,start    ] GC(17) Pause Young (Normal) (G1 Evacuation Pause)
[2025-01-24T23:48:07.871+0700][gc,task     ] GC(17) Using 10 workers of 10 for evacuation
[2025-01-24T23:48:07.876+0700][gc,phases   ] GC(17)   Pre Evacuate Collection Set: 0.29ms
[2025-01-24T23:48:07.877+0700][gc,phases   ] GC(17)   Merge Heap Roots: 0.11ms
[2025-01-24T23:48:07.877+0700][gc,phases   ] GC(17)   Evacuate Collection Set: 4.43ms
[2025-01-24T23:48:07.877+0700][gc,phases   ] GC(17)   Post Evacuate Collection Set: 0.35ms
[2025-01-24T23:48:07.877+0700][gc,phases   ] GC(17)   Other: 0.13ms
[2025-01-24T23:48:07.877+0700][gc,heap     ] GC(17) Eden regions: 62->0(70)
[2025-01-24T23:48:07.877+0700][gc,heap     ] GC(17) Survivor regions: 7->6(9)
[2025-01-24T23:48:07.877+0700][gc,heap     ] GC(17) Old regions: 46->48
[2025-01-24T23:48:07.877+0700][gc,heap     ] GC(17) Humongous regions: 129->129
[2025-01-24T23:48:07.877+0700][gc,metaspace] GC(17) Metaspace: 43508K(44096K)->43508K(44096K) NonClass: 38368K(38720K)->38368K(38720K) Class: 5139K(5376K)->5139K(5376K)
[2025-01-24T23:48:07.877+0700][gc          ] GC(17) Pause Young (Normal) (G1 Evacuation Pause) 242M->181M(1024M) 6.364ms
[2025-01-24T23:48:07.877+0700][gc,cpu      ] GC(17) User=0.04s Sys=0.01s Real=0.00s
[2025-01-24T23:53:22.855+0700][gc,start    ] GC(18) Pause Young (Normal) (G1 Evacuation Pause)
[2025-01-24T23:53:22.856+0700][gc,task     ] GC(18) Using 10 workers of 10 for evacuation
[2025-01-24T23:53:22.859+0700][gc,phases   ] GC(18)   Pre Evacuate Collection Set: 0.25ms
[2025-01-24T23:53:22.859+0700][gc,phases   ] GC(18)   Merge Heap Roots: 0.15ms
[2025-01-24T23:53:22.859+0700][gc,phases   ] GC(18)   Evacuate Collection Set: 2.56ms
[2025-01-24T23:53:22.859+0700][gc,phases   ] GC(18)   Post Evacuate Collection Set: 0.29ms
[2025-01-24T23:53:22.859+0700][gc,phases   ] GC(18)   Other: 0.15ms
[2025-01-24T23:53:22.860+0700][gc,heap     ] GC(18) Eden regions: 69->0(79)
[2025-01-24T23:53:22.860+0700][gc,heap     ] GC(18) Survivor regions: 6->4(10)
[2025-01-24T23:53:22.860+0700][gc,heap     ] GC(18) Old regions: 48->48
[2025-01-24T23:53:22.860+0700][gc,heap     ] GC(18) Humongous regions: 129->129
[2025-01-24T23:53:22.860+0700][gc,metaspace] GC(18) Metaspace: 43556K(44096K)->43556K(44096K) NonClass: 38416K(38720K)->38416K(38720K) Class: 5139K(5376K)->5139K(5376K)
[2025-01-24T23:53:22.860+0700][gc          ] GC(18) Pause Young (Normal) (G1 Evacuation Pause) 250M->179M(1024M) 4.556ms
[2025-01-24T23:53:22.860+0700][gc,cpu      ] GC(18) User=0.02s Sys=0.00s Real=0.01s
[2025-01-24T23:57:04.216+0700][gc,heap,exit] Heap
[2025-01-24T23:57:04.216+0700][gc,heap,exit]  garbage-first heap   total reserved 1048576K, committed 1048576K, used 240585K [0x00000007c0000000, 0x0000000800000000)
[2025-01-24T23:57:04.216+0700][gc,heap,exit]   region size 1024K, 60 young (61440K), 4 survivors (4096K)
[2025-01-24T23:57:04.216+0700][gc,heap,exit]  Metaspace       used 44609K, committed 45312K, reserved 1114112K
[2025-01-24T23:57:04.216+0700][gc,heap,exit]   class space    used 5347K, committed 5632K, reserved 1048576K
