[2025-01-18T20:34:04.629+0700][gc,init] CardTable entry size: 512
[2025-01-18T20:34:04.629+0700][gc     ] Using G1
[2025-01-18T20:34:04.634+0700][gc,init] Version: 23.0.1+11 (release)
[2025-01-18T20:34:04.634+0700][gc,init] CPUs: 12 total, 12 available
[2025-01-18T20:34:04.634+0700][gc,init] Memory: 32768M
[2025-01-18T20:34:04.634+0700][gc,init] Large Page Support: Disabled
[2025-01-18T20:34:04.634+0700][gc,init] NUMA Support: Disabled
[2025-01-18T20:34:04.634+0700][gc,init] Compressed Oops: Enabled (Zero based)
[2025-01-18T20:34:04.634+0700][gc,init] Heap Region Size: 1M
[2025-01-18T20:34:04.634+0700][gc,init] Heap Min Capacity: 1G
[2025-01-18T20:34:04.634+0700][gc,init] Heap Initial Capacity: 1G
[2025-01-18T20:34:04.634+0700][gc,init] Heap Max Capacity: 1G
[2025-01-18T20:34:04.634+0700][gc,init] Pre-touch: Disabled
[2025-01-18T20:34:04.634+0700][gc,init] Parallel Workers: 10
[2025-01-18T20:34:04.634+0700][gc,init] Concurrent Workers: 3
[2025-01-18T20:34:04.634+0700][gc,init] Concurrent Refinement Workers: 10
[2025-01-18T20:34:04.634+0700][gc,init] Periodic GC: Disabled
[2025-01-18T20:34:04.641+0700][gc,metaspace] CDS archive(s) mapped at: [0x000000012c000000-0x000000012cd8f000-0x000000012cd8f000), size 14217216, SharedBaseAddress: 0x000000012c000000, ArchiveRelocationMode: 1.
[2025-01-18T20:34:04.641+0700][gc,metaspace] Compressed class space mapped at: 0x000000012d000000-0x000000016d000000, reserved size: 1073741824
[2025-01-18T20:34:04.641+0700][gc,metaspace] Narrow klass base: 0x000000012c000000, Narrow klass shift: 0, Narrow klass range: 0x100000000
[2025-01-18T20:34:10.788+0700][gc,start    ] GC(0) Pause Young (Normal) (G1 Evacuation Pause)
[2025-01-18T20:34:10.788+0700][gc,task     ] GC(0) Using 10 workers of 10 for evacuation
[2025-01-18T20:34:10.794+0700][gc,phases   ] GC(0)   Pre Evacuate Collection Set: 0.15ms
[2025-01-18T20:34:10.794+0700][gc,phases   ] GC(0)   Merge Heap Roots: 0.11ms
[2025-01-18T20:34:10.794+0700][gc,phases   ] GC(0)   Evacuate Collection Set: 4.56ms
[2025-01-18T20:34:10.794+0700][gc,phases   ] GC(0)   Post Evacuate Collection Set: 0.68ms
[2025-01-18T20:34:10.794+0700][gc,phases   ] GC(0)   Other: 0.55ms
[2025-01-18T20:34:10.794+0700][gc,heap     ] GC(0) Eden regions: 51->0(44)
[2025-01-18T20:34:10.794+0700][gc,heap     ] GC(0) Survivor regions: 0->7(7)
[2025-01-18T20:34:10.794+0700][gc,heap     ] GC(0) Old regions: 2->3
[2025-01-18T20:34:10.794+0700][gc,heap     ] GC(0) Humongous regions: 0->0
[2025-01-18T20:34:10.794+0700][gc,metaspace] GC(0) Metaspace: 16880K(17088K)->16880K(17088K) NonClass: 14822K(14912K)->14822K(14912K) Class: 2057K(2176K)->2057K(2176K)
[2025-01-18T20:34:10.794+0700][gc          ] GC(0) Pause Young (Normal) (G1 Evacuation Pause) 52M->9M(1024M) 6.365ms
[2025-01-18T20:34:10.794+0700][gc,cpu      ] GC(0) User=0.02s Sys=0.02s Real=0.01s
[2025-01-18T20:34:11.014+0700][gc,start    ] GC(1) Pause Young (Concurrent Start) (Metadata GC Threshold)
[2025-01-18T20:34:11.014+0700][gc,task     ] GC(1) Using 10 workers of 10 for evacuation
[2025-01-18T20:34:11.018+0700][gc,phases   ] GC(1)   Pre Evacuate Collection Set: 0.20ms
[2025-01-18T20:34:11.018+0700][gc,phases   ] GC(1)   Merge Heap Roots: 0.07ms
[2025-01-18T20:34:11.018+0700][gc,phases   ] GC(1)   Evacuate Collection Set: 3.73ms
[2025-01-18T20:34:11.018+0700][gc,phases   ] GC(1)   Post Evacuate Collection Set: 0.38ms
[2025-01-18T20:34:11.018+0700][gc,phases   ] GC(1)   Other: 0.09ms
[2025-01-18T20:34:11.018+0700][gc,heap     ] GC(1) Eden regions: 18->0(49)
[2025-01-18T20:34:11.018+0700][gc,heap     ] GC(1) Survivor regions: 7->2(7)
[2025-01-18T20:34:11.018+0700][gc,heap     ] GC(1) Old regions: 3->11
[2025-01-18T20:34:11.018+0700][gc,heap     ] GC(1) Humongous regions: 0->0
[2025-01-18T20:34:11.018+0700][gc,metaspace] GC(1) Metaspace: 21315K(21504K)->21315K(21504K) NonClass: 18721K(18816K)->18721K(18816K) Class: 2594K(2688K)->2594K(2688K)
[2025-01-18T20:34:11.018+0700][gc          ] GC(1) Pause Young (Concurrent Start) (Metadata GC Threshold) 26M->10M(1024M) 4.720ms
[2025-01-18T20:34:11.018+0700][gc,cpu      ] GC(1) User=0.02s Sys=0.01s Real=0.00s
[2025-01-18T20:34:11.018+0700][gc          ] GC(2) Concurrent Mark Cycle
[2025-01-18T20:34:11.018+0700][gc,marking  ] GC(2) Concurrent Scan Root Regions
[2025-01-18T20:34:11.020+0700][gc,marking  ] GC(2) Concurrent Scan Root Regions 1.570ms
[2025-01-18T20:34:11.020+0700][gc,marking  ] GC(2) Concurrent Mark
[2025-01-18T20:34:11.020+0700][gc,marking  ] GC(2) Concurrent Mark From Roots
[2025-01-18T20:34:11.020+0700][gc,task     ] GC(2) Using 3 workers of 3 for marking
[2025-01-18T20:34:11.021+0700][gc,marking  ] GC(2) Concurrent Mark From Roots 1.467ms
[2025-01-18T20:34:11.021+0700][gc,marking  ] GC(2) Concurrent Preclean
[2025-01-18T20:34:11.022+0700][gc,marking  ] GC(2) Concurrent Preclean 0.017ms
[2025-01-18T20:34:11.022+0700][gc,start    ] GC(2) Pause Remark
[2025-01-18T20:34:11.023+0700][gc          ] GC(2) Pause Remark 11M->11M(1024M) 1.712ms
[2025-01-18T20:34:11.024+0700][gc,cpu      ] GC(2) User=0.01s Sys=0.00s Real=0.00s
[2025-01-18T20:34:11.024+0700][gc,marking  ] GC(2) Concurrent Mark 3.573ms
[2025-01-18T20:34:11.024+0700][gc,marking  ] GC(2) Concurrent Rebuild Remembered Sets and Scrub Regions
[2025-01-18T20:34:11.025+0700][gc,marking  ] GC(2) Concurrent Rebuild Remembered Sets and Scrub Regions 1.834ms
[2025-01-18T20:34:11.026+0700][gc,start    ] GC(2) Pause Cleanup
[2025-01-18T20:34:11.026+0700][gc          ] GC(2) Pause Cleanup 11M->11M(1024M) 0.049ms
[2025-01-18T20:34:11.026+0700][gc,cpu      ] GC(2) User=0.00s Sys=0.00s Real=0.00s
[2025-01-18T20:34:11.026+0700][gc,marking  ] GC(2) Concurrent Clear Claimed Marks
[2025-01-18T20:34:11.026+0700][gc,marking  ] GC(2) Concurrent Clear Claimed Marks 0.038ms
[2025-01-18T20:34:11.026+0700][gc,marking  ] GC(2) Concurrent Cleanup for Next Mark
[2025-01-18T20:34:11.030+0700][gc,marking  ] GC(2) Concurrent Cleanup for Next Mark 4.566ms
[2025-01-18T20:34:11.030+0700][gc          ] GC(2) Concurrent Mark Cycle 12.021ms
[2025-01-18T20:34:11.615+0700][gc,start    ] GC(3) Pause Young (Prepare Mixed) (G1 Evacuation Pause)
[2025-01-18T20:34:11.615+0700][gc,task     ] GC(3) Using 10 workers of 10 for evacuation
[2025-01-18T20:34:11.618+0700][gc,phases   ] GC(3)   Pre Evacuate Collection Set: 0.17ms
[2025-01-18T20:34:11.618+0700][gc,phases   ] GC(3)   Merge Heap Roots: 0.08ms
[2025-01-18T20:34:11.618+0700][gc,phases   ] GC(3)   Evacuate Collection Set: 2.42ms
[2025-01-18T20:34:11.618+0700][gc,phases   ] GC(3)   Post Evacuate Collection Set: 0.38ms
[2025-01-18T20:34:11.618+0700][gc,phases   ] GC(3)   Other: 0.08ms
[2025-01-18T20:34:11.618+0700][gc,heap     ] GC(3) Eden regions: 49->0(44)
[2025-01-18T20:34:11.618+0700][gc,heap     ] GC(3) Survivor regions: 2->7(7)
[2025-01-18T20:34:11.618+0700][gc,heap     ] GC(3) Old regions: 11->11
[2025-01-18T20:34:11.618+0700][gc,heap     ] GC(3) Humongous regions: 129->129
[2025-01-18T20:34:11.618+0700][gc,metaspace] GC(3) Metaspace: 32650K(32896K)->32650K(32896K) NonClass: 28972K(29120K)->28972K(29120K) Class: 3677K(3776K)->3677K(3776K)
[2025-01-18T20:34:11.618+0700][gc          ] GC(3) Pause Young (Prepare Mixed) (G1 Evacuation Pause) 188M->144M(1024M) 3.338ms
[2025-01-18T20:34:11.618+0700][gc,cpu      ] GC(3) User=0.02s Sys=0.01s Real=0.00s
[2025-01-18T20:34:11.788+0700][gc,start    ] GC(4) Pause Young (Mixed) (Metadata GC Threshold)
[2025-01-18T20:34:11.788+0700][gc,task     ] GC(4) Using 10 workers of 10 for evacuation
[2025-01-18T20:34:11.792+0700][gc,phases   ] GC(4)   Pre Evacuate Collection Set: 0.14ms
[2025-01-18T20:34:11.792+0700][gc,phases   ] GC(4)   Merge Heap Roots: 0.06ms
[2025-01-18T20:34:11.792+0700][gc,phases   ] GC(4)   Evacuate Collection Set: 3.82ms
[2025-01-18T20:34:11.792+0700][gc,phases   ] GC(4)   Post Evacuate Collection Set: 0.43ms
[2025-01-18T20:34:11.792+0700][gc,phases   ] GC(4)   Other: 0.10ms
[2025-01-18T20:34:11.792+0700][gc,heap     ] GC(4) Eden regions: 13->0(49)
[2025-01-18T20:34:11.792+0700][gc,heap     ] GC(4) Survivor regions: 7->2(7)
[2025-01-18T20:34:11.792+0700][gc,heap     ] GC(4) Old regions: 11->16
[2025-01-18T20:34:11.792+0700][gc,heap     ] GC(4) Humongous regions: 129->129
[2025-01-18T20:34:11.792+0700][gc,metaspace] GC(4) Metaspace: 35637K(35968K)->35637K(35968K) NonClass: 31574K(31744K)->31574K(31744K) Class: 4063K(4224K)->4063K(4224K)
[2025-01-18T20:34:11.792+0700][gc          ] GC(4) Pause Young (Mixed) (Metadata GC Threshold) 157M->145M(1024M) 4.826ms
[2025-01-18T20:34:11.792+0700][gc,cpu      ] GC(4) User=0.04s Sys=0.01s Real=0.01s
[2025-01-18T20:34:11.807+0700][gc,start    ] GC(5) Pause Young (Concurrent Start) (Metadata GC Threshold)
[2025-01-18T20:34:11.807+0700][gc,task     ] GC(5) Using 10 workers of 10 for evacuation
[2025-01-18T20:34:11.808+0700][gc,phases   ] GC(5)   Pre Evacuate Collection Set: 0.23ms
[2025-01-18T20:34:11.809+0700][gc,phases   ] GC(5)   Merge Heap Roots: 0.06ms
[2025-01-18T20:34:11.809+0700][gc,phases   ] GC(5)   Evacuate Collection Set: 0.92ms
[2025-01-18T20:34:11.809+0700][gc,phases   ] GC(5)   Post Evacuate Collection Set: 0.28ms
[2025-01-18T20:34:11.809+0700][gc,phases   ] GC(5)   Other: 0.12ms
[2025-01-18T20:34:11.809+0700][gc,heap     ] GC(5) Eden regions: 2->0(50)
[2025-01-18T20:34:11.809+0700][gc,heap     ] GC(5) Survivor regions: 2->1(7)
[2025-01-18T20:34:11.809+0700][gc,heap     ] GC(5) Old regions: 16->16
[2025-01-18T20:34:11.809+0700][gc,heap     ] GC(5) Humongous regions: 129->129
[2025-01-18T20:34:11.809+0700][gc,metaspace] GC(5) Metaspace: 35937K(36288K)->35937K(36288K) NonClass: 31830K(32000K)->31830K(32000K) Class: 4106K(4288K)->4106K(4288K)
[2025-01-18T20:34:11.809+0700][gc          ] GC(5) Pause Young (Concurrent Start) (Metadata GC Threshold) 146M->145M(1024M) 1.864ms
[2025-01-18T20:34:11.809+0700][gc,cpu      ] GC(5) User=0.01s Sys=0.00s Real=0.00s
[2025-01-18T20:34:11.809+0700][gc          ] GC(6) Concurrent Mark Cycle
[2025-01-18T20:34:11.809+0700][gc,marking  ] GC(6) Concurrent Scan Root Regions
[2025-01-18T20:34:11.810+0700][gc,marking  ] GC(6) Concurrent Scan Root Regions 1.369ms
[2025-01-18T20:34:11.810+0700][gc,marking  ] GC(6) Concurrent Mark
[2025-01-18T20:34:11.810+0700][gc,marking  ] GC(6) Concurrent Mark From Roots
[2025-01-18T20:34:11.810+0700][gc,task     ] GC(6) Using 3 workers of 3 for marking
[2025-01-18T20:34:11.820+0700][gc,marking  ] GC(6) Concurrent Mark From Roots 9.362ms
[2025-01-18T20:34:11.820+0700][gc,marking  ] GC(6) Concurrent Preclean
[2025-01-18T20:34:11.820+0700][gc,marking  ] GC(6) Concurrent Preclean 0.058ms
[2025-01-18T20:34:11.820+0700][gc,start    ] GC(6) Pause Remark
[2025-01-18T20:34:11.821+0700][gc          ] GC(6) Pause Remark 145M->145M(1024M) 1.595ms
[2025-01-18T20:34:11.821+0700][gc,cpu      ] GC(6) User=0.01s Sys=0.00s Real=0.00s
[2025-01-18T20:34:11.821+0700][gc,marking  ] GC(6) Concurrent Mark 11.350ms
[2025-01-18T20:34:11.822+0700][gc,marking  ] GC(6) Concurrent Rebuild Remembered Sets and Scrub Regions
[2025-01-18T20:34:11.826+0700][gc,marking  ] GC(6) Concurrent Rebuild Remembered Sets and Scrub Regions 4.488ms
[2025-01-18T20:34:11.826+0700][gc,start    ] GC(6) Pause Cleanup
[2025-01-18T20:34:11.826+0700][gc          ] GC(6) Pause Cleanup 145M->145M(1024M) 0.066ms
[2025-01-18T20:34:11.826+0700][gc,cpu      ] GC(6) User=0.00s Sys=0.00s Real=0.00s
[2025-01-18T20:34:11.827+0700][gc,marking  ] GC(6) Concurrent Clear Claimed Marks
[2025-01-18T20:34:11.827+0700][gc,marking  ] GC(6) Concurrent Clear Claimed Marks 0.042ms
[2025-01-18T20:34:11.827+0700][gc,marking  ] GC(6) Concurrent Cleanup for Next Mark
[2025-01-18T20:34:11.828+0700][gc,marking  ] GC(6) Concurrent Cleanup for Next Mark 1.411ms
[2025-01-18T20:34:11.828+0700][gc          ] GC(6) Concurrent Mark Cycle 19.352ms
[2025-01-18T20:37:02.917+0700][gc,start    ] GC(7) Pause Young (Prepare Mixed) (G1 Evacuation Pause)
[2025-01-18T20:37:02.917+0700][gc,task     ] GC(7) Using 10 workers of 10 for evacuation
[2025-01-18T20:37:02.921+0700][gc,phases   ] GC(7)   Pre Evacuate Collection Set: 0.31ms
[2025-01-18T20:37:02.922+0700][gc,phases   ] GC(7)   Merge Heap Roots: 0.12ms
[2025-01-18T20:37:02.922+0700][gc,phases   ] GC(7)   Evacuate Collection Set: 3.20ms
[2025-01-18T20:37:02.922+0700][gc,phases   ] GC(7)   Post Evacuate Collection Set: 0.71ms
[2025-01-18T20:37:02.922+0700][gc,phases   ] GC(7)   Other: 0.14ms
[2025-01-18T20:37:02.922+0700][gc,heap     ] GC(7) Eden regions: 50->0(46)
[2025-01-18T20:37:02.922+0700][gc,heap     ] GC(7) Survivor regions: 1->5(7)
[2025-01-18T20:37:02.922+0700][gc,heap     ] GC(7) Old regions: 16->16
[2025-01-18T20:37:02.922+0700][gc,heap     ] GC(7) Humongous regions: 129->129
[2025-01-18T20:37:02.922+0700][gc,metaspace] GC(7) Metaspace: 42029K(42688K)->42029K(42688K) NonClass: 36947K(37312K)->36947K(37312K) Class: 5081K(5376K)->5081K(5376K)
[2025-01-18T20:37:02.922+0700][gc          ] GC(7) Pause Young (Prepare Mixed) (G1 Evacuation Pause) 195M->148M(1024M) 4.865ms
[2025-01-18T20:37:02.922+0700][gc,cpu      ] GC(7) User=0.03s Sys=0.00s Real=0.01s
[2025-01-18T20:39:57.550+0700][gc,start    ] GC(8) Pause Young (Mixed) (G1 Evacuation Pause)
[2025-01-18T20:39:57.550+0700][gc,task     ] GC(8) Using 10 workers of 10 for evacuation
[2025-01-18T20:39:57.557+0700][gc,phases   ] GC(8)   Pre Evacuate Collection Set: 0.30ms
[2025-01-18T20:39:57.557+0700][gc,phases   ] GC(8)   Merge Heap Roots: 0.20ms
[2025-01-18T20:39:57.557+0700][gc,phases   ] GC(8)   Evacuate Collection Set: 6.27ms
[2025-01-18T20:39:57.557+0700][gc,phases   ] GC(8)   Post Evacuate Collection Set: 0.47ms
[2025-01-18T20:39:57.557+0700][gc,phases   ] GC(8)   Other: 0.18ms
[2025-01-18T20:39:57.557+0700][gc,heap     ] GC(8) Eden regions: 46->0(46)
[2025-01-18T20:39:57.557+0700][gc,heap     ] GC(8) Survivor regions: 5->5(7)
[2025-01-18T20:39:57.557+0700][gc,heap     ] GC(8) Old regions: 16->20
[2025-01-18T20:39:57.557+0700][gc,heap     ] GC(8) Humongous regions: 129->129
[2025-01-18T20:39:57.558+0700][gc,metaspace] GC(8) Metaspace: 42739K(43392K)->42739K(43392K) NonClass: 37644K(38016K)->37644K(38016K) Class: 5094K(5376K)->5094K(5376K)
[2025-01-18T20:39:57.558+0700][gc          ] GC(8) Pause Young (Mixed) (G1 Evacuation Pause) 194M->152M(1024M) 7.756ms
[2025-01-18T20:39:57.558+0700][gc,cpu      ] GC(8) User=0.05s Sys=0.01s Real=0.00s
[2025-01-18T20:43:12.846+0700][gc,start    ] GC(9) Pause Young (Normal) (G1 Evacuation Pause)
[2025-01-18T20:43:12.847+0700][gc,task     ] GC(9) Using 10 workers of 10 for evacuation
[2025-01-18T20:43:12.852+0700][gc,phases   ] GC(9)   Pre Evacuate Collection Set: 0.21ms
[2025-01-18T20:43:12.852+0700][gc,phases   ] GC(9)   Merge Heap Roots: 0.09ms
[2025-01-18T20:43:12.852+0700][gc,phases   ] GC(9)   Evacuate Collection Set: 4.05ms
[2025-01-18T20:43:12.852+0700][gc,phases   ] GC(9)   Post Evacuate Collection Set: 0.30ms
[2025-01-18T20:43:12.852+0700][gc,phases   ] GC(9)   Other: 0.13ms
[2025-01-18T20:43:12.852+0700][gc,heap     ] GC(9) Eden regions: 46->0(46)
[2025-01-18T20:43:12.852+0700][gc,heap     ] GC(9) Survivor regions: 5->5(7)
[2025-01-18T20:43:12.852+0700][gc,heap     ] GC(9) Old regions: 20->24
[2025-01-18T20:43:12.852+0700][gc,heap     ] GC(9) Humongous regions: 129->129
[2025-01-18T20:43:12.852+0700][gc,metaspace] GC(9) Metaspace: 42866K(43520K)->42866K(43520K) NonClass: 37771K(38144K)->37771K(38144K) Class: 5094K(5376K)->5094K(5376K)
[2025-01-18T20:43:12.852+0700][gc          ] GC(9) Pause Young (Normal) (G1 Evacuation Pause) 198M->157M(1024M) 5.828ms
[2025-01-18T20:43:12.852+0700][gc,cpu      ] GC(9) User=0.04s Sys=0.00s Real=0.01s
[2025-01-18T20:46:27.111+0700][gc,start    ] GC(10) Pause Young (Normal) (G1 Evacuation Pause)
[2025-01-18T20:46:27.111+0700][gc,task     ] GC(10) Using 10 workers of 10 for evacuation
[2025-01-18T20:46:27.115+0700][gc,phases   ] GC(10)   Pre Evacuate Collection Set: 0.24ms
[2025-01-18T20:46:27.115+0700][gc,phases   ] GC(10)   Merge Heap Roots: 0.10ms
[2025-01-18T20:46:27.115+0700][gc,phases   ] GC(10)   Evacuate Collection Set: 2.48ms
[2025-01-18T20:46:27.115+0700][gc,phases   ] GC(10)   Post Evacuate Collection Set: 0.45ms
[2025-01-18T20:46:27.115+0700][gc,phases   ] GC(10)   Other: 0.12ms
[2025-01-18T20:46:27.115+0700][gc,heap     ] GC(10) Eden regions: 46->0(48)
[2025-01-18T20:46:27.115+0700][gc,heap     ] GC(10) Survivor regions: 5->3(7)
[2025-01-18T20:46:27.115+0700][gc,heap     ] GC(10) Old regions: 24->25
[2025-01-18T20:46:27.115+0700][gc,heap     ] GC(10) Humongous regions: 129->129
[2025-01-18T20:46:27.115+0700][gc,metaspace] GC(10) Metaspace: 42964K(43584K)->42964K(43584K) NonClass: 37853K(38208K)->37853K(38208K) Class: 5111K(5376K)->5111K(5376K)
[2025-01-18T20:46:27.115+0700][gc          ] GC(10) Pause Young (Normal) (G1 Evacuation Pause) 203M->156M(1024M) 4.379ms
[2025-01-18T20:46:27.115+0700][gc,cpu      ] GC(10) User=0.02s Sys=0.00s Real=0.00s
[2025-01-18T20:49:54.674+0700][gc,start    ] GC(11) Pause Young (Normal) (G1 Evacuation Pause)
[2025-01-18T20:49:54.674+0700][gc,task     ] GC(11) Using 10 workers of 10 for evacuation
[2025-01-18T20:49:54.678+0700][gc,phases   ] GC(11)   Pre Evacuate Collection Set: 0.14ms
[2025-01-18T20:49:54.678+0700][gc,phases   ] GC(11)   Merge Heap Roots: 0.09ms
[2025-01-18T20:49:54.678+0700][gc,phases   ] GC(11)   Evacuate Collection Set: 3.09ms
[2025-01-18T20:49:54.678+0700][gc,phases   ] GC(11)   Post Evacuate Collection Set: 0.36ms
[2025-01-18T20:49:54.678+0700][gc,phases   ] GC(11)   Other: 0.18ms
[2025-01-18T20:49:54.678+0700][gc,heap     ] GC(11) Eden regions: 48->0(44)
[2025-01-18T20:49:54.678+0700][gc,heap     ] GC(11) Survivor regions: 3->7(7)
[2025-01-18T20:49:54.678+0700][gc,heap     ] GC(11) Old regions: 25->26
[2025-01-18T20:49:54.678+0700][gc,heap     ] GC(11) Humongous regions: 129->129
[2025-01-18T20:49:54.678+0700][gc,metaspace] GC(11) Metaspace: 43093K(43712K)->43093K(43712K) NonClass: 37980K(38336K)->37980K(38336K) Class: 5113K(5376K)->5113K(5376K)
[2025-01-18T20:49:54.678+0700][gc          ] GC(11) Pause Young (Normal) (G1 Evacuation Pause) 204M->161M(1024M) 4.461ms
[2025-01-18T20:49:54.678+0700][gc,cpu      ] GC(11) User=0.03s Sys=0.01s Real=0.00s
[2025-01-18T20:53:07.675+0700][gc,start    ] GC(12) Pause Young (Normal) (G1 Evacuation Pause)
[2025-01-18T20:53:07.675+0700][gc,task     ] GC(12) Using 10 workers of 10 for evacuation
[2025-01-18T20:53:07.682+0700][gc,phases   ] GC(12)   Pre Evacuate Collection Set: 0.28ms
[2025-01-18T20:53:07.682+0700][gc,phases   ] GC(12)   Merge Heap Roots: 0.13ms
[2025-01-18T20:53:07.682+0700][gc,phases   ] GC(12)   Evacuate Collection Set: 5.97ms
[2025-01-18T20:53:07.682+0700][gc,phases   ] GC(12)   Post Evacuate Collection Set: 0.33ms
[2025-01-18T20:53:07.682+0700][gc,phases   ] GC(12)   Other: 0.12ms
[2025-01-18T20:53:07.682+0700][gc,heap     ] GC(12) Eden regions: 44->0(46)
[2025-01-18T20:53:07.682+0700][gc,heap     ] GC(12) Survivor regions: 7->5(7)
[2025-01-18T20:53:07.682+0700][gc,heap     ] GC(12) Old regions: 26->33
[2025-01-18T20:53:07.682+0700][gc,heap     ] GC(12) Humongous regions: 129->129
[2025-01-18T20:53:07.682+0700][gc,metaspace] GC(12) Metaspace: 43141K(43776K)->43141K(43776K) NonClass: 38028K(38400K)->38028K(38400K) Class: 5113K(5376K)->5113K(5376K)
[2025-01-18T20:53:07.682+0700][gc          ] GC(12) Pause Young (Normal) (G1 Evacuation Pause) 205M->166M(1024M) 7.122ms
[2025-01-18T20:53:07.682+0700][gc,cpu      ] GC(12) User=0.05s Sys=0.01s Real=0.01s
[2025-01-18T20:56:30.051+0700][gc,start    ] GC(13) Pause Young (Normal) (G1 Evacuation Pause)
[2025-01-18T20:56:30.053+0700][gc,task     ] GC(13) Using 10 workers of 10 for evacuation
[2025-01-18T20:56:30.056+0700][gc,phases   ] GC(13)   Pre Evacuate Collection Set: 0.19ms
[2025-01-18T20:56:30.056+0700][gc,phases   ] GC(13)   Merge Heap Roots: 0.11ms
[2025-01-18T20:56:30.056+0700][gc,phases   ] GC(13)   Evacuate Collection Set: 2.95ms
[2025-01-18T20:56:30.056+0700][gc,phases   ] GC(13)   Post Evacuate Collection Set: 0.35ms
[2025-01-18T20:56:30.056+0700][gc,phases   ] GC(13)   Other: 0.14ms
[2025-01-18T20:56:30.056+0700][gc,heap     ] GC(13) Eden regions: 46->0(46)
[2025-01-18T20:56:30.056+0700][gc,heap     ] GC(13) Survivor regions: 5->5(7)
[2025-01-18T20:56:30.056+0700][gc,heap     ] GC(13) Old regions: 33->35
[2025-01-18T20:56:30.056+0700][gc,heap     ] GC(13) Humongous regions: 129->129
[2025-01-18T20:56:30.056+0700][gc,metaspace] GC(13) Metaspace: 43178K(43776K)->43178K(43776K) NonClass: 38065K(38400K)->38065K(38400K) Class: 5113K(5376K)->5113K(5376K)
[2025-01-18T20:56:30.056+0700][gc          ] GC(13) Pause Young (Normal) (G1 Evacuation Pause) 212M->168M(1024M) 5.003ms
[2025-01-18T20:56:30.057+0700][gc,cpu      ] GC(13) User=0.03s Sys=0.00s Real=0.00s
[2025-01-18T20:59:51.979+0700][gc,start    ] GC(14) Pause Young (Normal) (G1 Evacuation Pause)
[2025-01-18T20:59:51.979+0700][gc,task     ] GC(14) Using 10 workers of 10 for evacuation
[2025-01-18T20:59:51.984+0700][gc,phases   ] GC(14)   Pre Evacuate Collection Set: 0.16ms
[2025-01-18T20:59:51.984+0700][gc,phases   ] GC(14)   Merge Heap Roots: 0.08ms
[2025-01-18T20:59:51.984+0700][gc,phases   ] GC(14)   Evacuate Collection Set: 4.14ms
[2025-01-18T20:59:51.984+0700][gc,phases   ] GC(14)   Post Evacuate Collection Set: 0.29ms
[2025-01-18T20:59:51.984+0700][gc,phases   ] GC(14)   Other: 0.11ms
[2025-01-18T20:59:51.984+0700][gc,heap     ] GC(14) Eden regions: 46->0(62)
[2025-01-18T20:59:51.984+0700][gc,heap     ] GC(14) Survivor regions: 5->5(7)
[2025-01-18T20:59:51.984+0700][gc,heap     ] GC(14) Old regions: 35->39
[2025-01-18T20:59:51.984+0700][gc,heap     ] GC(14) Humongous regions: 129->129
[2025-01-18T20:59:51.984+0700][gc,metaspace] GC(14) Metaspace: 43253K(43840K)->43253K(43840K) NonClass: 38139K(38464K)->38139K(38464K) Class: 5113K(5376K)->5113K(5376K)
[2025-01-18T20:59:51.984+0700][gc          ] GC(14) Pause Young (Normal) (G1 Evacuation Pause) 214M->172M(1024M) 5.363ms
[2025-01-18T20:59:51.984+0700][gc,cpu      ] GC(14) User=0.04s Sys=0.00s Real=0.01s
[2025-01-18T21:04:23.797+0700][gc,start    ] GC(15) Pause Young (Normal) (G1 Evacuation Pause)
[2025-01-18T21:04:23.797+0700][gc,task     ] GC(15) Using 10 workers of 10 for evacuation
[2025-01-18T21:04:23.803+0700][gc,phases   ] GC(15)   Pre Evacuate Collection Set: 0.20ms
[2025-01-18T21:04:23.803+0700][gc,phases   ] GC(15)   Merge Heap Roots: 0.13ms
[2025-01-18T21:04:23.803+0700][gc,phases   ] GC(15)   Evacuate Collection Set: 4.45ms
[2025-01-18T21:04:23.803+0700][gc,phases   ] GC(15)   Post Evacuate Collection Set: 0.32ms
[2025-01-18T21:04:23.803+0700][gc,phases   ] GC(15)   Other: 0.15ms
[2025-01-18T21:04:23.803+0700][gc,heap     ] GC(15) Eden regions: 61->0(58)
[2025-01-18T21:04:23.803+0700][gc,heap     ] GC(15) Survivor regions: 5->5(9)
[2025-01-18T21:04:23.803+0700][gc,heap     ] GC(15) Old regions: 39->41
[2025-01-18T21:04:23.803+0700][gc,heap     ] GC(15) Humongous regions: 129->129
[2025-01-18T21:04:23.803+0700][gc,metaspace] GC(15) Metaspace: 43311K(43904K)->43311K(43904K) NonClass: 38198K(38528K)->38198K(38528K) Class: 5113K(5376K)->5113K(5376K)
[2025-01-18T21:04:23.803+0700][gc          ] GC(15) Pause Young (Normal) (G1 Evacuation Pause) 233M->174M(1024M) 6.362ms
[2025-01-18T21:04:23.803+0700][gc,cpu      ] GC(15) User=0.03s Sys=0.00s Real=0.01s
[2025-01-18T21:08:43.575+0700][gc,start    ] GC(16) Pause Young (Normal) (G1 Evacuation Pause)
[2025-01-18T21:08:43.576+0700][gc,task     ] GC(16) Using 10 workers of 10 for evacuation
[2025-01-18T21:08:43.581+0700][gc,phases   ] GC(16)   Pre Evacuate Collection Set: 0.20ms
[2025-01-18T21:08:43.581+0700][gc,phases   ] GC(16)   Merge Heap Roots: 0.11ms
[2025-01-18T21:08:43.581+0700][gc,phases   ] GC(16)   Evacuate Collection Set: 4.89ms
[2025-01-18T21:08:43.581+0700][gc,phases   ] GC(16)   Post Evacuate Collection Set: 0.30ms
[2025-01-18T21:08:43.581+0700][gc,phases   ] GC(16)   Other: 0.12ms
[2025-01-18T21:08:43.581+0700][gc,heap     ] GC(16) Eden regions: 58->0(63)
[2025-01-18T21:08:43.581+0700][gc,heap     ] GC(16) Survivor regions: 5->7(8)
[2025-01-18T21:08:43.581+0700][gc,heap     ] GC(16) Old regions: 41->46
[2025-01-18T21:08:43.581+0700][gc,heap     ] GC(16) Humongous regions: 129->129
[2025-01-18T21:08:43.581+0700][gc,metaspace] GC(16) Metaspace: 43333K(43968K)->43333K(43968K) NonClass: 38220K(38592K)->38220K(38592K) Class: 5113K(5376K)->5113K(5376K)
[2025-01-18T21:08:43.581+0700][gc          ] GC(16) Pause Young (Normal) (G1 Evacuation Pause) 232M->180M(1024M) 6.663ms
[2025-01-18T21:08:43.581+0700][gc,cpu      ] GC(16) User=0.05s Sys=0.00s Real=0.01s
[2025-01-18T21:13:18.415+0700][gc,start    ] GC(17) Pause Young (Normal) (G1 Evacuation Pause)
[2025-01-18T21:13:18.415+0700][gc,task     ] GC(17) Using 10 workers of 10 for evacuation
[2025-01-18T21:13:18.421+0700][gc,phases   ] GC(17)   Pre Evacuate Collection Set: 0.33ms
[2025-01-18T21:13:18.421+0700][gc,phases   ] GC(17)   Merge Heap Roots: 0.28ms
[2025-01-18T21:13:18.421+0700][gc,phases   ] GC(17)   Evacuate Collection Set: 4.44ms
[2025-01-18T21:13:18.421+0700][gc,phases   ] GC(17)   Post Evacuate Collection Set: 0.40ms
[2025-01-18T21:13:18.421+0700][gc,phases   ] GC(17)   Other: 0.17ms
[2025-01-18T21:13:18.421+0700][gc,heap     ] GC(17) Eden regions: 61->0(79)
[2025-01-18T21:13:18.421+0700][gc,heap     ] GC(17) Survivor regions: 7->6(9)
[2025-01-18T21:13:18.421+0700][gc,heap     ] GC(17) Old regions: 46->47
[2025-01-18T21:13:18.421+0700][gc,heap     ] GC(17) Humongous regions: 129->129
[2025-01-18T21:13:18.421+0700][gc,metaspace] GC(17) Metaspace: 43358K(44032K)->43358K(44032K) NonClass: 38244K(38656K)->38244K(38656K) Class: 5113K(5376K)->5113K(5376K)
[2025-01-18T21:13:18.421+0700][gc          ] GC(17) Pause Young (Normal) (G1 Evacuation Pause) 241M->181M(1024M) 5.993ms
[2025-01-18T21:13:18.421+0700][gc,cpu      ] GC(17) User=0.04s Sys=0.01s Real=0.01s
[2025-01-18T21:19:12.311+0700][gc,start    ] GC(18) Pause Young (Normal) (G1 Evacuation Pause)
[2025-01-18T21:19:12.312+0700][gc,task     ] GC(18) Using 10 workers of 10 for evacuation
[2025-01-18T21:19:12.317+0700][gc,phases   ] GC(18)   Pre Evacuate Collection Set: 0.34ms
[2025-01-18T21:19:12.317+0700][gc,phases   ] GC(18)   Merge Heap Roots: 0.13ms
[2025-01-18T21:19:12.317+0700][gc,phases   ] GC(18)   Evacuate Collection Set: 3.79ms
[2025-01-18T21:19:12.317+0700][gc,phases   ] GC(18)   Post Evacuate Collection Set: 0.35ms
[2025-01-18T21:19:12.317+0700][gc,phases   ] GC(18)   Other: 0.16ms
[2025-01-18T21:19:12.317+0700][gc,heap     ] GC(18) Eden regions: 78->0(79)
[2025-01-18T21:19:12.317+0700][gc,heap     ] GC(18) Survivor regions: 6->4(11)
[2025-01-18T21:19:12.317+0700][gc,heap     ] GC(18) Old regions: 47->47
[2025-01-18T21:19:12.317+0700][gc,heap     ] GC(18) Humongous regions: 129->129
[2025-01-18T21:19:12.317+0700][gc,metaspace] GC(18) Metaspace: 43417K(44032K)->43417K(44032K) NonClass: 38303K(38656K)->38303K(38656K) Class: 5113K(5376K)->5113K(5376K)
[2025-01-18T21:19:12.317+0700][gc          ] GC(18) Pause Young (Normal) (G1 Evacuation Pause) 259M->179M(1024M) 6.050ms
[2025-01-18T21:19:12.317+0700][gc,cpu      ] GC(18) User=0.02s Sys=0.01s Real=0.00s
[2025-01-18T21:25:16.385+0700][gc,start    ] GC(19) Pause Young (Normal) (G1 Evacuation Pause)
[2025-01-18T21:25:16.386+0700][gc,task     ] GC(19) Using 10 workers of 10 for evacuation
[2025-01-18T21:25:16.395+0700][gc,phases   ] GC(19)   Pre Evacuate Collection Set: 0.39ms
[2025-01-18T21:25:16.395+0700][gc,phases   ] GC(19)   Merge Heap Roots: 0.19ms
[2025-01-18T21:25:16.395+0700][gc,phases   ] GC(19)   Evacuate Collection Set: 7.50ms
[2025-01-18T21:25:16.395+0700][gc,phases   ] GC(19)   Post Evacuate Collection Set: 0.37ms
[2025-01-18T21:25:16.395+0700][gc,phases   ] GC(19)   Other: 0.21ms
[2025-01-18T21:25:16.395+0700][gc,heap     ] GC(19) Eden regions: 80->0(74)
[2025-01-18T21:25:16.395+0700][gc,heap     ] GC(19) Survivor regions: 4->11(11)
[2025-01-18T21:25:16.395+0700][gc,heap     ] GC(19) Old regions: 47->48
[2025-01-18T21:25:16.395+0700][gc,heap     ] GC(19) Humongous regions: 129->129
[2025-01-18T21:25:16.395+0700][gc,metaspace] GC(19) Metaspace: 43451K(44096K)->43451K(44096K) NonClass: 38338K(38720K)->38338K(38720K) Class: 5113K(5376K)->5113K(5376K)
[2025-01-18T21:25:16.395+0700][gc          ] GC(19) Pause Young (Normal) (G1 Evacuation Pause) 259M->187M(1024M) 9.965ms
[2025-01-18T21:25:16.395+0700][gc,cpu      ] GC(19) User=0.05s Sys=0.01s Real=0.01s
[2025-01-18T21:30:50.975+0700][gc,start    ] GC(20) Pause Young (Normal) (G1 Evacuation Pause)
[2025-01-18T21:30:50.976+0700][gc,task     ] GC(20) Using 10 workers of 10 for evacuation
[2025-01-18T21:30:50.982+0700][gc,phases   ] GC(20)   Pre Evacuate Collection Set: 0.25ms
[2025-01-18T21:30:50.982+0700][gc,phases   ] GC(20)   Merge Heap Roots: 0.13ms
[2025-01-18T21:30:50.982+0700][gc,phases   ] GC(20)   Evacuate Collection Set: 5.49ms
[2025-01-18T21:30:50.982+0700][gc,phases   ] GC(20)   Post Evacuate Collection Set: 0.40ms
[2025-01-18T21:30:50.982+0700][gc,phases   ] GC(20)   Other: 0.16ms
[2025-01-18T21:30:50.982+0700][gc,heap     ] GC(20) Eden regions: 74->0(98)
[2025-01-18T21:30:50.982+0700][gc,heap     ] GC(20) Survivor regions: 11->7(11)
[2025-01-18T21:30:50.982+0700][gc,heap     ] GC(20) Old regions: 48->52
[2025-01-18T21:30:50.982+0700][gc,heap     ] GC(20) Humongous regions: 129->129
[2025-01-18T21:30:50.982+0700][gc,metaspace] GC(20) Metaspace: 43464K(44096K)->43464K(44096K) NonClass: 38350K(38720K)->38350K(38720K) Class: 5113K(5376K)->5113K(5376K)
[2025-01-18T21:30:50.982+0700][gc          ] GC(20) Pause Young (Normal) (G1 Evacuation Pause) 261M->187M(1024M) 7.224ms
[2025-01-18T21:30:50.982+0700][gc,cpu      ] GC(20) User=0.05s Sys=0.01s Real=0.01s
[2025-01-18T21:37:41.566+0700][gc,start    ] GC(21) Pause Young (Normal) (G1 Evacuation Pause)
[2025-01-18T21:37:41.567+0700][gc,task     ] GC(21) Using 10 workers of 10 for evacuation
[2025-01-18T21:37:41.572+0700][gc,phases   ] GC(21)   Pre Evacuate Collection Set: 0.15ms
[2025-01-18T21:37:41.572+0700][gc,phases   ] GC(21)   Merge Heap Roots: 0.13ms
[2025-01-18T21:37:41.572+0700][gc,phases   ] GC(21)   Evacuate Collection Set: 4.43ms
[2025-01-18T21:37:41.572+0700][gc,phases   ] GC(21)   Post Evacuate Collection Set: 0.51ms
[2025-01-18T21:37:41.572+0700][gc,phases   ] GC(21)   Other: 0.13ms
[2025-01-18T21:37:41.572+0700][gc,heap     ] GC(21) Eden regions: 95->0(94)
[2025-01-18T21:37:41.572+0700][gc,heap     ] GC(21) Survivor regions: 7->10(13)
[2025-01-18T21:37:41.572+0700][gc,heap     ] GC(21) Old regions: 52->52
[2025-01-18T21:37:41.572+0700][gc,heap     ] GC(21) Humongous regions: 129->129
[2025-01-18T21:37:41.572+0700][gc,metaspace] GC(21) Metaspace: 43500K(44096K)->43500K(44096K) NonClass: 38383K(38720K)->38383K(38720K) Class: 5117K(5376K)->5117K(5376K)
[2025-01-18T21:37:41.572+0700][gc          ] GC(21) Pause Young (Normal) (G1 Evacuation Pause) 282M->189M(1024M) 6.374ms
[2025-01-18T21:37:41.572+0700][gc,cpu      ] GC(21) User=0.04s Sys=0.01s Real=0.01s
[2025-01-18T21:44:44.484+0700][gc,start    ] GC(22) Pause Young (Normal) (G1 Evacuation Pause)
[2025-01-18T21:44:44.485+0700][gc,task     ] GC(22) Using 10 workers of 10 for evacuation
[2025-01-18T21:44:44.491+0700][gc,phases   ] GC(22)   Pre Evacuate Collection Set: 0.26ms
[2025-01-18T21:44:44.491+0700][gc,phases   ] GC(22)   Merge Heap Roots: 0.15ms
[2025-01-18T21:44:44.491+0700][gc,phases   ] GC(22)   Evacuate Collection Set: 4.81ms
[2025-01-18T21:44:44.491+0700][gc,phases   ] GC(22)   Post Evacuate Collection Set: 0.30ms
[2025-01-18T21:44:44.491+0700][gc,phases   ] GC(22)   Other: 0.15ms
[2025-01-18T21:44:44.491+0700][gc,heap     ] GC(22) Eden regions: 93->0(128)
[2025-01-18T21:44:44.491+0700][gc,heap     ] GC(22) Survivor regions: 10->3(13)
[2025-01-18T21:44:44.491+0700][gc,heap     ] GC(22) Old regions: 52->57
[2025-01-18T21:44:44.491+0700][gc,heap     ] GC(22) Humongous regions: 129->129
[2025-01-18T21:44:44.491+0700][gc,metaspace] GC(22) Metaspace: 43523K(44160K)->43523K(44160K) NonClass: 38406K(38784K)->38406K(38784K) Class: 5117K(5376K)->5117K(5376K)
[2025-01-18T21:44:44.491+0700][gc          ] GC(22) Pause Young (Normal) (G1 Evacuation Pause) 282M->188M(1024M) 6.764ms
[2025-01-18T21:44:44.491+0700][gc,cpu      ] GC(22) User=0.04s Sys=0.00s Real=0.01s
[2025-01-18T21:54:57.970+0700][gc,start    ] GC(23) Pause Young (Normal) (G1 Evacuation Pause)
[2025-01-18T21:54:57.971+0700][gc,task     ] GC(23) Using 10 workers of 10 for evacuation
[2025-01-18T21:54:57.978+0700][gc,phases   ] GC(23)   Pre Evacuate Collection Set: 0.32ms
[2025-01-18T21:54:57.978+0700][gc,phases   ] GC(23)   Merge Heap Roots: 0.27ms
[2025-01-18T21:54:57.978+0700][gc,phases   ] GC(23)   Evacuate Collection Set: 6.29ms
[2025-01-18T21:54:57.978+0700][gc,phases   ] GC(23)   Post Evacuate Collection Set: 0.36ms
[2025-01-18T21:54:57.978+0700][gc,phases   ] GC(23)   Other: 0.25ms
[2025-01-18T21:54:57.978+0700][gc,heap     ] GC(23) Eden regions: 134->0(108)
[2025-01-18T21:54:57.978+0700][gc,heap     ] GC(23) Survivor regions: 3->8(18)
[2025-01-18T21:54:57.978+0700][gc,heap     ] GC(23) Old regions: 57->57
[2025-01-18T21:54:57.978+0700][gc,heap     ] GC(23) Humongous regions: 129->129
[2025-01-18T21:54:57.978+0700][gc,metaspace] GC(23) Metaspace: 43534K(44160K)->43534K(44160K) NonClass: 38416K(38784K)->38416K(38784K) Class: 5117K(5376K)->5117K(5376K)
[2025-01-18T21:54:57.978+0700][gc          ] GC(23) Pause Young (Normal) (G1 Evacuation Pause) 322M->192M(1024M) 8.822ms
[2025-01-18T21:54:57.978+0700][gc,cpu      ] GC(23) User=0.04s Sys=0.01s Real=0.00s
[2025-01-18T22:03:19.256+0700][gc,start    ] GC(24) Pause Young (Normal) (G1 Evacuation Pause)
[2025-01-18T22:03:19.257+0700][gc,task     ] GC(24) Using 10 workers of 10 for evacuation
[2025-01-18T22:03:19.261+0700][gc,phases   ] GC(24)   Pre Evacuate Collection Set: 0.17ms
[2025-01-18T22:03:19.261+0700][gc,phases   ] GC(24)   Merge Heap Roots: 0.07ms
[2025-01-18T22:03:19.261+0700][gc,phases   ] GC(24)   Evacuate Collection Set: 3.03ms
[2025-01-18T22:03:19.261+0700][gc,phases   ] GC(24)   Post Evacuate Collection Set: 0.28ms
[2025-01-18T22:03:19.261+0700][gc,phases   ] GC(24)   Other: 0.10ms
[2025-01-18T22:03:19.261+0700][gc,heap     ] GC(24) Eden regions: 110->0(129)
[2025-01-18T22:03:19.261+0700][gc,heap     ] GC(24) Survivor regions: 8->10(15)
[2025-01-18T22:03:19.261+0700][gc,heap     ] GC(24) Old regions: 57->57
[2025-01-18T22:03:19.261+0700][gc,heap     ] GC(24) Humongous regions: 129->129
[2025-01-18T22:03:19.261+0700][gc,metaspace] GC(24) Metaspace: 43545K(44160K)->43545K(44160K) NonClass: 38428K(38784K)->38428K(38784K) Class: 5117K(5376K)->5117K(5376K)
[2025-01-18T22:03:19.261+0700][gc          ] GC(24) Pause Young (Normal) (G1 Evacuation Pause) 302M->194M(1024M) 4.630ms
[2025-01-18T22:03:19.261+0700][gc,cpu      ] GC(24) User=0.02s Sys=0.00s Real=0.01s
[2025-01-18T22:13:16.983+0700][gc,start    ] GC(25) Pause Young (Normal) (G1 Evacuation Pause)
[2025-01-18T22:13:16.984+0700][gc,task     ] GC(25) Using 10 workers of 10 for evacuation
[2025-01-18T22:13:16.993+0700][gc,phases   ] GC(25)   Pre Evacuate Collection Set: 0.24ms
[2025-01-18T22:13:16.993+0700][gc,phases   ] GC(25)   Merge Heap Roots: 0.11ms
[2025-01-18T22:13:16.993+0700][gc,phases   ] GC(25)   Evacuate Collection Set: 8.06ms
[2025-01-18T22:13:16.993+0700][gc,phases   ] GC(25)   Post Evacuate Collection Set: 0.41ms
[2025-01-18T22:13:16.993+0700][gc,phases   ] GC(25)   Other: 0.15ms
[2025-01-18T22:13:16.993+0700][gc,heap     ] GC(25) Eden regions: 131->0(127)
[2025-01-18T22:13:16.993+0700][gc,heap     ] GC(25) Survivor regions: 10->14(18)
[2025-01-18T22:13:16.993+0700][gc,heap     ] GC(25) Old regions: 57->57
[2025-01-18T22:13:16.993+0700][gc,heap     ] GC(25) Humongous regions: 129->129
[2025-01-18T22:13:16.993+0700][gc,metaspace] GC(25) Metaspace: 43559K(44160K)->43559K(44160K) NonClass: 38442K(38784K)->38442K(38784K) Class: 5117K(5376K)->5117K(5376K)
[2025-01-18T22:13:16.993+0700][gc          ] GC(25) Pause Young (Normal) (G1 Evacuation Pause) 325M->199M(1024M) 10.057ms
[2025-01-18T22:13:16.993+0700][gc,cpu      ] GC(25) User=0.06s Sys=0.02s Real=0.01s
[2025-01-18T22:23:01.435+0700][gc,start    ] GC(26) Pause Young (Normal) (G1 Evacuation Pause)
[2025-01-18T22:23:01.436+0700][gc,task     ] GC(26) Using 10 workers of 10 for evacuation
[2025-01-18T22:23:01.445+0700][gc,phases   ] GC(26)   Pre Evacuate Collection Set: 0.30ms
[2025-01-18T22:23:01.445+0700][gc,phases   ] GC(26)   Merge Heap Roots: 0.50ms
[2025-01-18T22:23:01.445+0700][gc,phases   ] GC(26)   Evacuate Collection Set: 8.30ms
[2025-01-18T22:23:01.445+0700][gc,phases   ] GC(26)   Post Evacuate Collection Set: 0.40ms
[2025-01-18T22:23:01.446+0700][gc,phases   ] GC(26)   Other: 0.18ms
[2025-01-18T22:23:01.446+0700][gc,heap     ] GC(26) Eden regions: 128->0(153)
[2025-01-18T22:23:01.446+0700][gc,heap     ] GC(26) Survivor regions: 14->12(18)
[2025-01-18T22:23:01.446+0700][gc,heap     ] GC(26) Old regions: 57->62
[2025-01-18T22:23:01.446+0700][gc,heap     ] GC(26) Humongous regions: 129->129
[2025-01-18T22:23:01.446+0700][gc,metaspace] GC(26) Metaspace: 43561K(44160K)->43561K(44160K) NonClass: 38443K(38784K)->38443K(38784K) Class: 5117K(5376K)->5117K(5376K)
[2025-01-18T22:23:01.446+0700][gc          ] GC(26) Pause Young (Normal) (G1 Evacuation Pause) 327M->202M(1024M) 10.940ms
[2025-01-18T22:23:01.446+0700][gc,cpu      ] GC(26) User=0.07s Sys=0.01s Real=0.01s
[2025-01-18T22:34:12.101+0700][gc,start    ] GC(27) Pause Young (Normal) (G1 Evacuation Pause)
[2025-01-18T22:34:12.102+0700][gc,task     ] GC(27) Using 10 workers of 10 for evacuation
[2025-01-18T22:34:12.108+0700][gc,phases   ] GC(27)   Pre Evacuate Collection Set: 0.33ms
[2025-01-18T22:34:12.108+0700][gc,phases   ] GC(27)   Merge Heap Roots: 0.12ms
[2025-01-18T22:34:12.108+0700][gc,phases   ] GC(27)   Evacuate Collection Set: 5.29ms
[2025-01-18T22:34:12.108+0700][gc,phases   ] GC(27)   Post Evacuate Collection Set: 0.38ms
[2025-01-18T22:34:12.108+0700][gc,phases   ] GC(27)   Other: 0.20ms
[2025-01-18T22:34:12.108+0700][gc,heap     ] GC(27) Eden regions: 151->0(156)
[2025-01-18T22:34:12.108+0700][gc,heap     ] GC(27) Survivor regions: 12->8(21)
[2025-01-18T22:34:12.108+0700][gc,heap     ] GC(27) Old regions: 62->65
[2025-01-18T22:34:12.108+0700][gc,heap     ] GC(27) Humongous regions: 129->129
[2025-01-18T22:34:12.108+0700][gc,metaspace] GC(27) Metaspace: 43721K(44352K)->43721K(44352K) NonClass: 38561K(38912K)->38561K(38912K) Class: 5159K(5440K)->5159K(5440K)
[2025-01-18T22:34:12.108+0700][gc          ] GC(27) Pause Young (Normal) (G1 Evacuation Pause) 353M->200M(1024M) 7.569ms
[2025-01-18T22:34:12.108+0700][gc,cpu      ] GC(27) User=0.04s Sys=0.01s Real=0.00s
[2025-01-18T22:45:45.844+0700][gc,start    ] GC(28) Pause Young (Normal) (G1 Evacuation Pause)
[2025-01-18T22:45:45.845+0700][gc,task     ] GC(28) Using 10 workers of 10 for evacuation
[2025-01-18T22:45:45.851+0700][gc,phases   ] GC(28)   Pre Evacuate Collection Set: 0.18ms
[2025-01-18T22:45:45.851+0700][gc,phases   ] GC(28)   Merge Heap Roots: 0.09ms
[2025-01-18T22:45:45.851+0700][gc,phases   ] GC(28)   Evacuate Collection Set: 5.39ms
[2025-01-18T22:45:45.851+0700][gc,phases   ] GC(28)   Post Evacuate Collection Set: 0.29ms
[2025-01-18T22:45:45.851+0700][gc,phases   ] GC(28)   Other: 0.11ms
[2025-01-18T22:45:45.851+0700][gc,heap     ] GC(28) Eden regions: 155->0(158)
[2025-01-18T22:45:45.851+0700][gc,heap     ] GC(28) Survivor regions: 8->15(21)
[2025-01-18T22:45:45.851+0700][gc,heap     ] GC(28) Old regions: 65->65
[2025-01-18T22:45:45.851+0700][gc,heap     ] GC(28) Humongous regions: 129->129
[2025-01-18T22:45:45.851+0700][gc,metaspace] GC(28) Metaspace: 43740K(44416K)->43740K(44416K) NonClass: 38580K(38976K)->38580K(38976K) Class: 5159K(5440K)->5159K(5440K)
[2025-01-18T22:45:45.851+0700][gc          ] GC(28) Pause Young (Normal) (G1 Evacuation Pause) 355M->207M(1024M) 7.058ms
[2025-01-18T22:45:45.851+0700][gc,cpu      ] GC(28) User=0.05s Sys=0.01s Real=0.01s
[2025-01-18T22:57:28.598+0700][gc,start    ] GC(29) Pause Young (Normal) (G1 Evacuation Pause)
[2025-01-18T22:57:28.598+0700][gc,task     ] GC(29) Using 10 workers of 10 for evacuation
[2025-01-18T22:57:28.608+0700][gc,phases   ] GC(29)   Pre Evacuate Collection Set: 0.21ms
[2025-01-18T22:57:28.608+0700][gc,phases   ] GC(29)   Merge Heap Roots: 0.10ms
[2025-01-18T22:57:28.608+0700][gc,phases   ] GC(29)   Evacuate Collection Set: 9.40ms
[2025-01-18T22:57:28.608+0700][gc,phases   ] GC(29)   Post Evacuate Collection Set: 0.42ms
[2025-01-18T22:57:28.608+0700][gc,phases   ] GC(29)   Other: 0.16ms
[2025-01-18T22:57:28.608+0700][gc,heap     ] GC(29) Eden regions: 157->0(162)
[2025-01-18T22:57:28.608+0700][gc,heap     ] GC(29) Survivor regions: 15->16(22)
[2025-01-18T22:57:28.608+0700][gc,heap     ] GC(29) Old regions: 65->67
[2025-01-18T22:57:28.608+0700][gc,heap     ] GC(29) Humongous regions: 129->129
[2025-01-18T22:57:28.608+0700][gc,metaspace] GC(29) Metaspace: 43991K(44608K)->43991K(44608K) NonClass: 38768K(39104K)->38768K(39104K) Class: 5223K(5504K)->5223K(5504K)
[2025-01-18T22:57:28.608+0700][gc          ] GC(29) Pause Young (Normal) (G1 Evacuation Pause) 364M->211M(1024M) 10.889ms
[2025-01-18T22:57:28.608+0700][gc,cpu      ] GC(29) User=0.07s Sys=0.01s Real=0.01s
[2025-01-18T22:57:31.450+0700][gc,heap,exit] Heap
[2025-01-18T22:57:31.450+0700][gc,heap,exit]  garbage-first heap   total reserved 1048576K, committed 1048576K, used 224304K [0x00000007c0000000, 0x0000000800000000)
[2025-01-18T22:57:31.450+0700][gc,heap,exit]   region size 1024K, 24 young (24576K), 16 survivors (16384K)
[2025-01-18T22:57:31.450+0700][gc,heap,exit]  Metaspace       used 44666K, committed 45312K, reserved 1114112K
[2025-01-18T22:57:31.450+0700][gc,heap,exit]   class space    used 5354K, committed 5632K, reserved 1048576K
