[2025-01-28T10:39:06.050+0700][gc,init] CardTable entry size: 512
[2025-01-28T10:39:06.051+0700][gc     ] Using G1
[2025-01-28T10:39:06.056+0700][gc,init] Version: 23.0.1+11 (release)
[2025-01-28T10:39:06.056+0700][gc,init] CPUs: 12 total, 12 available
[2025-01-28T10:39:06.056+0700][gc,init] Memory: 32768M
[2025-01-28T10:39:06.056+0700][gc,init] Large Page Support: Disabled
[2025-01-28T10:39:06.056+0700][gc,init] NUMA Support: Disabled
[2025-01-28T10:39:06.056+0700][gc,init] Compressed Oops: Enabled (Zero based)
[2025-01-28T10:39:06.056+0700][gc,init] Heap Region Size: 1M
[2025-01-28T10:39:06.056+0700][gc,init] Heap Min Capacity: 1G
[2025-01-28T10:39:06.056+0700][gc,init] Heap Initial Capacity: 1G
[2025-01-28T10:39:06.056+0700][gc,init] Heap Max Capacity: 1G
[2025-01-28T10:39:06.056+0700][gc,init] Pre-touch: Disabled
[2025-01-28T10:39:06.056+0700][gc,init] Parallel Workers: 10
[2025-01-28T10:39:06.056+0700][gc,init] Concurrent Workers: 3
[2025-01-28T10:39:06.056+0700][gc,init] Concurrent Refinement Workers: 10
[2025-01-28T10:39:06.056+0700][gc,init] Periodic GC: Disabled
[2025-01-28T10:39:06.064+0700][gc,metaspace] CDS archive(s) mapped at: [0x000000011e000000-0x000000011ed8f000-0x000000011ed8f000), size 14217216, SharedBaseAddress: 0x000000011e000000, ArchiveRelocationMode: 1.
[2025-01-28T10:39:06.064+0700][gc,metaspace] Compressed class space mapped at: 0x000000011f000000-0x000000015f000000, reserved size: 1073741824
[2025-01-28T10:39:06.064+0700][gc,metaspace] Narrow klass base: 0x000000011e000000, Narrow klass shift: 0, Narrow klass range: 0x100000000
[2025-01-28T10:39:20.712+0700][gc,start    ] GC(0) Pause Young (Normal) (G1 Evacuation Pause)
[2025-01-28T10:39:20.713+0700][gc,task     ] GC(0) Using 10 workers of 10 for evacuation
[2025-01-28T10:39:20.718+0700][gc,phases   ] GC(0)   Pre Evacuate Collection Set: 0.14ms
[2025-01-28T10:39:20.718+0700][gc,phases   ] GC(0)   Merge Heap Roots: 0.12ms
[2025-01-28T10:39:20.718+0700][gc,phases   ] GC(0)   Evacuate Collection Set: 4.22ms
[2025-01-28T10:39:20.718+0700][gc,phases   ] GC(0)   Post Evacuate Collection Set: 0.70ms
[2025-01-28T10:39:20.718+0700][gc,phases   ] GC(0)   Other: 0.57ms
[2025-01-28T10:39:20.718+0700][gc,heap     ] GC(0) Eden regions: 51->0(44)
[2025-01-28T10:39:20.718+0700][gc,heap     ] GC(0) Survivor regions: 0->7(7)
[2025-01-28T10:39:20.718+0700][gc,heap     ] GC(0) Old regions: 2->3
[2025-01-28T10:39:20.718+0700][gc,heap     ] GC(0) Humongous regions: 0->0
[2025-01-28T10:39:20.718+0700][gc,metaspace] GC(0) Metaspace: 16946K(17152K)->16946K(17152K) NonClass: 14884K(14976K)->14884K(14976K) Class: 2061K(2176K)->2061K(2176K)
[2025-01-28T10:39:20.718+0700][gc          ] GC(0) Pause Young (Normal) (G1 Evacuation Pause) 52M->9M(1024M) 6.034ms
[2025-01-28T10:39:20.718+0700][gc,cpu      ] GC(0) User=0.02s Sys=0.02s Real=0.00s
[2025-01-28T10:39:21.150+0700][gc,start    ] GC(1) Pause Young (Concurrent Start) (Metadata GC Threshold)
[2025-01-28T10:39:21.151+0700][gc,task     ] GC(1) Using 10 workers of 10 for evacuation
[2025-01-28T10:39:21.156+0700][gc,phases   ] GC(1)   Pre Evacuate Collection Set: 0.56ms
[2025-01-28T10:39:21.156+0700][gc,phases   ] GC(1)   Merge Heap Roots: 0.08ms
[2025-01-28T10:39:21.156+0700][gc,phases   ] GC(1)   Evacuate Collection Set: 4.56ms
[2025-01-28T10:39:21.156+0700][gc,phases   ] GC(1)   Post Evacuate Collection Set: 0.35ms
[2025-01-28T10:39:21.156+0700][gc,phases   ] GC(1)   Other: 0.12ms
[2025-01-28T10:39:21.156+0700][gc,heap     ] GC(1) Eden regions: 16->0(49)
[2025-01-28T10:39:21.156+0700][gc,heap     ] GC(1) Survivor regions: 7->2(7)
[2025-01-28T10:39:21.156+0700][gc,heap     ] GC(1) Old regions: 3->11
[2025-01-28T10:39:21.156+0700][gc,heap     ] GC(1) Humongous regions: 0->0
[2025-01-28T10:39:21.156+0700][gc,metaspace] GC(1) Metaspace: 21226K(21504K)->21226K(21504K) NonClass: 18629K(18752K)->18629K(18752K) Class: 2597K(2752K)->2597K(2752K)
[2025-01-28T10:39:21.156+0700][gc          ] GC(1) Pause Young (Concurrent Start) (Metadata GC Threshold) 25M->10M(1024M) 5.913ms
[2025-01-28T10:39:21.156+0700][gc,cpu      ] GC(1) User=0.03s Sys=0.01s Real=0.00s
[2025-01-28T10:39:21.156+0700][gc          ] GC(2) Concurrent Mark Cycle
[2025-01-28T10:39:21.156+0700][gc,marking  ] GC(2) Concurrent Scan Root Regions
[2025-01-28T10:39:21.158+0700][gc,marking  ] GC(2) Concurrent Scan Root Regions 1.950ms
[2025-01-28T10:39:21.158+0700][gc,marking  ] GC(2) Concurrent Mark
[2025-01-28T10:39:21.158+0700][gc,marking  ] GC(2) Concurrent Mark From Roots
[2025-01-28T10:39:21.158+0700][gc,task     ] GC(2) Using 3 workers of 3 for marking
[2025-01-28T10:39:21.161+0700][gc,marking  ] GC(2) Concurrent Mark From Roots 2.257ms
[2025-01-28T10:39:21.161+0700][gc,marking  ] GC(2) Concurrent Preclean
[2025-01-28T10:39:21.161+0700][gc,marking  ] GC(2) Concurrent Preclean 0.350ms
[2025-01-28T10:39:21.161+0700][gc,start    ] GC(2) Pause Remark
[2025-01-28T10:39:21.163+0700][gc          ] GC(2) Pause Remark 11M->11M(1024M) 2.219ms
[2025-01-28T10:39:21.164+0700][gc,cpu      ] GC(2) User=0.00s Sys=0.00s Real=0.00s
[2025-01-28T10:39:21.164+0700][gc,marking  ] GC(2) Concurrent Mark 5.071ms
[2025-01-28T10:39:21.164+0700][gc,marking  ] GC(2) Concurrent Rebuild Remembered Sets and Scrub Regions
[2025-01-28T10:39:21.166+0700][gc,marking  ] GC(2) Concurrent Rebuild Remembered Sets and Scrub Regions 2.286ms
[2025-01-28T10:39:21.166+0700][gc,start    ] GC(2) Pause Cleanup
[2025-01-28T10:39:21.167+0700][gc          ] GC(2) Pause Cleanup 11M->11M(1024M) 0.068ms
[2025-01-28T10:39:21.167+0700][gc,cpu      ] GC(2) User=0.00s Sys=0.00s Real=0.00s
[2025-01-28T10:39:21.167+0700][gc,marking  ] GC(2) Concurrent Clear Claimed Marks
[2025-01-28T10:39:21.167+0700][gc,marking  ] GC(2) Concurrent Clear Claimed Marks 0.036ms
[2025-01-28T10:39:21.167+0700][gc,marking  ] GC(2) Concurrent Cleanup for Next Mark
[2025-01-28T10:39:21.172+0700][gc,marking  ] GC(2) Concurrent Cleanup for Next Mark 5.308ms
[2025-01-28T10:39:21.172+0700][gc          ] GC(2) Concurrent Mark Cycle 15.623ms
[2025-01-28T10:39:21.953+0700][gc,start    ] GC(3) Pause Young (Prepare Mixed) (G1 Evacuation Pause)
[2025-01-28T10:39:21.962+0700][gc,task     ] GC(3) Using 10 workers of 10 for evacuation
[2025-01-28T10:39:21.967+0700][gc,phases   ] GC(3)   Pre Evacuate Collection Set: 0.17ms
[2025-01-28T10:39:21.967+0700][gc,phases   ] GC(3)   Merge Heap Roots: 0.06ms
[2025-01-28T10:39:21.967+0700][gc,phases   ] GC(3)   Evacuate Collection Set: 4.08ms
[2025-01-28T10:39:21.967+0700][gc,phases   ] GC(3)   Post Evacuate Collection Set: 0.81ms
[2025-01-28T10:39:21.967+0700][gc,phases   ] GC(3)   Other: 0.16ms
[2025-01-28T10:39:21.967+0700][gc,heap     ] GC(3) Eden regions: 49->0(44)
[2025-01-28T10:39:21.967+0700][gc,heap     ] GC(3) Survivor regions: 2->7(7)
[2025-01-28T10:39:21.967+0700][gc,heap     ] GC(3) Old regions: 11->11
[2025-01-28T10:39:21.968+0700][gc,heap     ] GC(3) Humongous regions: 129->129
[2025-01-28T10:39:21.968+0700][gc,metaspace] GC(3) Metaspace: 32536K(32832K)->32536K(32832K) NonClass: 28882K(29056K)->28882K(29056K) Class: 3653K(3776K)->3653K(3776K)
[2025-01-28T10:39:21.968+0700][gc          ] GC(3) Pause Young (Prepare Mixed) (G1 Evacuation Pause) 188M->144M(1024M) 14.722ms
[2025-01-28T10:39:21.968+0700][gc,cpu      ] GC(3) User=0.04s Sys=0.00s Real=0.01s
[2025-01-28T10:39:22.217+0700][gc,start    ] GC(4) Pause Young (Mixed) (Metadata GC Threshold)
[2025-01-28T10:39:22.217+0700][gc,task     ] GC(4) Using 10 workers of 10 for evacuation
[2025-01-28T10:39:22.222+0700][gc,phases   ] GC(4)   Pre Evacuate Collection Set: 0.15ms
[2025-01-28T10:39:22.222+0700][gc,phases   ] GC(4)   Merge Heap Roots: 0.07ms
[2025-01-28T10:39:22.222+0700][gc,phases   ] GC(4)   Evacuate Collection Set: 3.84ms
[2025-01-28T10:39:22.222+0700][gc,phases   ] GC(4)   Post Evacuate Collection Set: 0.41ms
[2025-01-28T10:39:22.222+0700][gc,phases   ] GC(4)   Other: 0.11ms
[2025-01-28T10:39:22.222+0700][gc,heap     ] GC(4) Eden regions: 15->0(49)
[2025-01-28T10:39:22.222+0700][gc,heap     ] GC(4) Survivor regions: 7->2(7)
[2025-01-28T10:39:22.222+0700][gc,heap     ] GC(4) Old regions: 11->16
[2025-01-28T10:39:22.222+0700][gc,heap     ] GC(4) Humongous regions: 129->129
[2025-01-28T10:39:22.222+0700][gc,metaspace] GC(4) Metaspace: 35774K(36096K)->35774K(36096K) NonClass: 31695K(31872K)->31695K(31872K) Class: 4078K(4224K)->4078K(4224K)
[2025-01-28T10:39:22.222+0700][gc          ] GC(4) Pause Young (Mixed) (Metadata GC Threshold) 159M->145M(1024M) 4.802ms
[2025-01-28T10:39:22.222+0700][gc,cpu      ] GC(4) User=0.03s Sys=0.01s Real=0.01s
[2025-01-28T10:39:22.246+0700][gc,start    ] GC(5) Pause Young (Concurrent Start) (Metadata GC Threshold)
[2025-01-28T10:39:22.246+0700][gc,task     ] GC(5) Using 10 workers of 10 for evacuation
[2025-01-28T10:39:22.248+0700][gc,phases   ] GC(5)   Pre Evacuate Collection Set: 0.21ms
[2025-01-28T10:39:22.248+0700][gc,phases   ] GC(5)   Merge Heap Roots: 0.08ms
[2025-01-28T10:39:22.248+0700][gc,phases   ] GC(5)   Evacuate Collection Set: 0.78ms
[2025-01-28T10:39:22.248+0700][gc,phases   ] GC(5)   Post Evacuate Collection Set: 0.24ms
[2025-01-28T10:39:22.248+0700][gc,phases   ] GC(5)   Other: 0.12ms
[2025-01-28T10:39:22.248+0700][gc,heap     ] GC(5) Eden regions: 2->0(50)
[2025-01-28T10:39:22.248+0700][gc,heap     ] GC(5) Survivor regions: 2->1(7)
[2025-01-28T10:39:22.248+0700][gc,heap     ] GC(5) Old regions: 16->16
[2025-01-28T10:39:22.248+0700][gc,heap     ] GC(5) Humongous regions: 129->129
[2025-01-28T10:39:22.248+0700][gc,metaspace] GC(5) Metaspace: 36144K(36416K)->36144K(36416K) NonClass: 32014K(32192K)->32014K(32192K) Class: 4129K(4224K)->4129K(4224K)
[2025-01-28T10:39:22.248+0700][gc          ] GC(5) Pause Young (Concurrent Start) (Metadata GC Threshold) 147M->145M(1024M) 1.610ms
[2025-01-28T10:39:22.248+0700][gc,cpu      ] GC(5) User=0.01s Sys=0.00s Real=0.00s
[2025-01-28T10:39:22.248+0700][gc          ] GC(6) Concurrent Mark Cycle
[2025-01-28T10:39:22.248+0700][gc,marking  ] GC(6) Concurrent Scan Root Regions
[2025-01-28T10:39:22.249+0700][gc,marking  ] GC(6) Concurrent Scan Root Regions 1.363ms
[2025-01-28T10:39:22.250+0700][gc,marking  ] GC(6) Concurrent Mark
[2025-01-28T10:39:22.250+0700][gc,marking  ] GC(6) Concurrent Mark From Roots
[2025-01-28T10:39:22.250+0700][gc,task     ] GC(6) Using 3 workers of 3 for marking
[2025-01-28T10:39:22.259+0700][gc,marking  ] GC(6) Concurrent Mark From Roots 9.401ms
[2025-01-28T10:39:22.259+0700][gc,marking  ] GC(6) Concurrent Preclean
[2025-01-28T10:39:22.259+0700][gc,marking  ] GC(6) Concurrent Preclean 0.048ms
[2025-01-28T10:39:22.260+0700][gc,start    ] GC(6) Pause Remark
[2025-01-28T10:39:22.261+0700][gc          ] GC(6) Pause Remark 146M->146M(1024M) 1.609ms
[2025-01-28T10:39:22.261+0700][gc,cpu      ] GC(6) User=0.01s Sys=0.00s Real=0.00s
[2025-01-28T10:39:22.261+0700][gc,marking  ] GC(6) Concurrent Mark 11.773ms
[2025-01-28T10:39:22.261+0700][gc,marking  ] GC(6) Concurrent Rebuild Remembered Sets and Scrub Regions
[2025-01-28T10:39:22.264+0700][gc,marking  ] GC(6) Concurrent Rebuild Remembered Sets and Scrub Regions 3.003ms
[2025-01-28T10:39:22.264+0700][gc,start    ] GC(6) Pause Cleanup
[2025-01-28T10:39:22.264+0700][gc          ] GC(6) Pause Cleanup 146M->146M(1024M) 0.043ms
[2025-01-28T10:39:22.264+0700][gc,cpu      ] GC(6) User=0.00s Sys=0.00s Real=0.00s
[2025-01-28T10:39:22.265+0700][gc,marking  ] GC(6) Concurrent Clear Claimed Marks
[2025-01-28T10:39:22.265+0700][gc,marking  ] GC(6) Concurrent Clear Claimed Marks 0.037ms
[2025-01-28T10:39:22.265+0700][gc,marking  ] GC(6) Concurrent Cleanup for Next Mark
[2025-01-28T10:39:22.266+0700][gc,marking  ] GC(6) Concurrent Cleanup for Next Mark 1.420ms
[2025-01-28T10:39:22.266+0700][gc          ] GC(6) Concurrent Mark Cycle 17.967ms
[2025-01-28T10:53:00.821+0700][gc,start    ] GC(7) Pause Young (Prepare Mixed) (G1 Evacuation Pause)
[2025-01-28T10:53:00.822+0700][gc,task     ] GC(7) Using 10 workers of 10 for evacuation
[2025-01-28T10:53:00.825+0700][gc,phases   ] GC(7)   Pre Evacuate Collection Set: 0.22ms
[2025-01-28T10:53:00.826+0700][gc,phases   ] GC(7)   Merge Heap Roots: 0.12ms
[2025-01-28T10:53:00.826+0700][gc,phases   ] GC(7)   Evacuate Collection Set: 2.80ms
[2025-01-28T10:53:00.826+0700][gc,phases   ] GC(7)   Post Evacuate Collection Set: 0.60ms
[2025-01-28T10:53:00.826+0700][gc,phases   ] GC(7)   Other: 0.13ms
[2025-01-28T10:53:00.826+0700][gc,heap     ] GC(7) Eden regions: 50->0(47)
[2025-01-28T10:53:00.826+0700][gc,heap     ] GC(7) Survivor regions: 1->4(7)
[2025-01-28T10:53:00.826+0700][gc,heap     ] GC(7) Old regions: 16->16
[2025-01-28T10:53:00.826+0700][gc,heap     ] GC(7) Humongous regions: 129->129
[2025-01-28T10:53:00.826+0700][gc,metaspace] GC(7) Metaspace: 41986K(42560K)->41986K(42560K) NonClass: 36919K(37248K)->36919K(37248K) Class: 5066K(5312K)->5066K(5312K)
[2025-01-28T10:53:00.826+0700][gc          ] GC(7) Pause Young (Prepare Mixed) (G1 Evacuation Pause) 195M->148M(1024M) 4.216ms
[2025-01-28T10:53:00.826+0700][gc,cpu      ] GC(7) User=0.03s Sys=0.00s Real=0.00s
[2025-01-28T10:55:47.709+0700][gc,start    ] GC(8) Pause Young (Mixed) (G1 Evacuation Pause)
[2025-01-28T10:55:47.709+0700][gc,task     ] GC(8) Using 10 workers of 10 for evacuation
[2025-01-28T10:55:47.715+0700][gc,phases   ] GC(8)   Pre Evacuate Collection Set: 0.28ms
[2025-01-28T10:55:47.715+0700][gc,phases   ] GC(8)   Merge Heap Roots: 0.16ms
[2025-01-28T10:55:47.715+0700][gc,phases   ] GC(8)   Evacuate Collection Set: 4.18ms
[2025-01-28T10:55:47.715+0700][gc,phases   ] GC(8)   Post Evacuate Collection Set: 0.60ms
[2025-01-28T10:55:47.715+0700][gc,phases   ] GC(8)   Other: 0.15ms
[2025-01-28T10:55:47.715+0700][gc,heap     ] GC(8) Eden regions: 47->0(44)
[2025-01-28T10:55:47.715+0700][gc,heap     ] GC(8) Survivor regions: 4->7(7)
[2025-01-28T10:55:47.715+0700][gc,heap     ] GC(8) Old regions: 16->17
[2025-01-28T10:55:47.715+0700][gc,heap     ] GC(8) Humongous regions: 129->129
[2025-01-28T10:55:47.715+0700][gc,metaspace] GC(8) Metaspace: 43306K(43968K)->43306K(43968K) NonClass: 38085K(38464K)->38085K(38464K) Class: 5220K(5504K)->5220K(5504K)
[2025-01-28T10:55:47.715+0700][gc          ] GC(8) Pause Young (Mixed) (G1 Evacuation Pause) 195M->151M(1024M) 5.762ms
[2025-01-28T10:55:47.715+0700][gc,cpu      ] GC(8) User=0.04s Sys=0.01s Real=0.01s
[2025-01-28T10:58:07.105+0700][gc,start    ] GC(9) Pause Young (Normal) (G1 Evacuation Pause)
[2025-01-28T10:58:07.105+0700][gc,task     ] GC(9) Using 10 workers of 10 for evacuation
[2025-01-28T10:58:07.111+0700][gc,phases   ] GC(9)   Pre Evacuate Collection Set: 0.25ms
[2025-01-28T10:58:07.111+0700][gc,phases   ] GC(9)   Merge Heap Roots: 0.11ms
[2025-01-28T10:58:07.111+0700][gc,phases   ] GC(9)   Evacuate Collection Set: 5.04ms
[2025-01-28T10:58:07.111+0700][gc,phases   ] GC(9)   Post Evacuate Collection Set: 0.46ms
[2025-01-28T10:58:07.111+0700][gc,phases   ] GC(9)   Other: 0.12ms
[2025-01-28T10:58:07.111+0700][gc,heap     ] GC(9) Eden regions: 44->0(46)
[2025-01-28T10:58:07.111+0700][gc,heap     ] GC(9) Survivor regions: 7->5(7)
[2025-01-28T10:58:07.111+0700][gc,heap     ] GC(9) Old regions: 17->21
[2025-01-28T10:58:07.111+0700][gc,heap     ] GC(9) Humongous regions: 129->129
[2025-01-28T10:58:07.111+0700][gc,metaspace] GC(9) Metaspace: 43582K(44224K)->43582K(44224K) NonClass: 38334K(38720K)->38334K(38720K) Class: 5247K(5504K)->5247K(5504K)
[2025-01-28T10:58:07.111+0700][gc          ] GC(9) Pause Young (Normal) (G1 Evacuation Pause) 195M->154M(1024M) 6.270ms
[2025-01-28T10:58:07.111+0700][gc,cpu      ] GC(9) User=0.04s Sys=0.01s Real=0.01s
[2025-01-28T10:59:40.603+0700][gc,start    ] GC(10) Pause Young (Normal) (G1 Evacuation Pause)
[2025-01-28T10:59:40.603+0700][gc,task     ] GC(10) Using 10 workers of 10 for evacuation
[2025-01-28T10:59:40.608+0700][gc,phases   ] GC(10)   Pre Evacuate Collection Set: 0.19ms
[2025-01-28T10:59:40.608+0700][gc,phases   ] GC(10)   Merge Heap Roots: 0.09ms
[2025-01-28T10:59:40.608+0700][gc,phases   ] GC(10)   Evacuate Collection Set: 4.47ms
[2025-01-28T10:59:40.608+0700][gc,phases   ] GC(10)   Post Evacuate Collection Set: 0.40ms
[2025-01-28T10:59:40.608+0700][gc,phases   ] GC(10)   Other: 0.10ms
[2025-01-28T10:59:40.608+0700][gc,heap     ] GC(10) Eden regions: 46->0(45)
[2025-01-28T10:59:40.608+0700][gc,heap     ] GC(10) Survivor regions: 5->6(7)
[2025-01-28T10:59:40.608+0700][gc,heap     ] GC(10) Old regions: 21->22
[2025-01-28T10:59:40.608+0700][gc,heap     ] GC(10) Humongous regions: 129->129
[2025-01-28T10:59:40.608+0700][gc,metaspace] GC(10) Metaspace: 43697K(44288K)->43697K(44288K) NonClass: 38436K(38784K)->38436K(38784K) Class: 5261K(5504K)->5261K(5504K)
[2025-01-28T10:59:40.609+0700][gc          ] GC(10) Pause Young (Normal) (G1 Evacuation Pause) 200M->156M(1024M) 5.549ms
[2025-01-28T10:59:40.609+0700][gc,cpu      ] GC(10) User=0.04s Sys=0.00s Real=0.00s
[2025-01-28T11:01:12.722+0700][gc,start    ] GC(11) Pause Young (Normal) (G1 Evacuation Pause)
[2025-01-28T11:01:12.723+0700][gc,task     ] GC(11) Using 10 workers of 10 for evacuation
[2025-01-28T11:01:12.728+0700][gc,phases   ] GC(11)   Pre Evacuate Collection Set: 0.21ms
[2025-01-28T11:01:12.728+0700][gc,phases   ] GC(11)   Merge Heap Roots: 0.13ms
[2025-01-28T11:01:12.728+0700][gc,phases   ] GC(11)   Evacuate Collection Set: 3.82ms
[2025-01-28T11:01:12.728+0700][gc,phases   ] GC(11)   Post Evacuate Collection Set: 0.39ms
[2025-01-28T11:01:12.728+0700][gc,phases   ] GC(11)   Other: 0.16ms
[2025-01-28T11:01:12.728+0700][gc,heap     ] GC(11) Eden regions: 45->0(45)
[2025-01-28T11:01:12.728+0700][gc,heap     ] GC(11) Survivor regions: 6->6(7)
[2025-01-28T11:01:12.728+0700][gc,heap     ] GC(11) Old regions: 22->24
[2025-01-28T11:01:12.728+0700][gc,heap     ] GC(11) Humongous regions: 129->129
[2025-01-28T11:01:12.728+0700][gc,metaspace] GC(11) Metaspace: 43751K(44352K)->43751K(44352K) NonClass: 38489K(38848K)->38489K(38848K) Class: 5261K(5504K)->5261K(5504K)
[2025-01-28T11:01:12.728+0700][gc          ] GC(11) Pause Young (Normal) (G1 Evacuation Pause) 201M->157M(1024M) 5.870ms
[2025-01-28T11:01:12.728+0700][gc,cpu      ] GC(11) User=0.03s Sys=0.00s Real=0.00s
[2025-01-28T11:02:48.771+0700][gc,start    ] GC(12) Pause Young (Normal) (G1 Evacuation Pause)
[2025-01-28T11:02:48.771+0700][gc,task     ] GC(12) Using 10 workers of 10 for evacuation
[2025-01-28T11:02:48.776+0700][gc,phases   ] GC(12)   Pre Evacuate Collection Set: 0.13ms
[2025-01-28T11:02:48.776+0700][gc,phases   ] GC(12)   Merge Heap Roots: 0.10ms
[2025-01-28T11:02:48.776+0700][gc,phases   ] GC(12)   Evacuate Collection Set: 3.69ms
[2025-01-28T11:02:48.776+0700][gc,phases   ] GC(12)   Post Evacuate Collection Set: 0.33ms
[2025-01-28T11:02:48.776+0700][gc,phases   ] GC(12)   Other: 0.11ms
[2025-01-28T11:02:48.776+0700][gc,heap     ] GC(12) Eden regions: 45->0(46)
[2025-01-28T11:02:48.776+0700][gc,heap     ] GC(12) Survivor regions: 6->5(7)
[2025-01-28T11:02:48.776+0700][gc,heap     ] GC(12) Old regions: 24->26
[2025-01-28T11:02:48.776+0700][gc,heap     ] GC(12) Humongous regions: 129->129
[2025-01-28T11:02:48.776+0700][gc,metaspace] GC(12) Metaspace: 43795K(44352K)->43795K(44352K) NonClass: 38533K(38848K)->38533K(38848K) Class: 5261K(5504K)->5261K(5504K)
[2025-01-28T11:02:48.776+0700][gc          ] GC(12) Pause Young (Normal) (G1 Evacuation Pause) 202M->159M(1024M) 5.508ms
[2025-01-28T11:02:48.776+0700][gc,cpu      ] GC(12) User=0.03s Sys=0.00s Real=0.00s
<<<<<<< Updated upstream
=======
[2025-01-28T11:04:27.201+0700][gc,start    ] GC(13) Pause Young (Normal) (G1 Evacuation Pause)
[2025-01-28T11:04:27.201+0700][gc,task     ] GC(13) Using 10 workers of 10 for evacuation
[2025-01-28T11:04:27.205+0700][gc,phases   ] GC(13)   Pre Evacuate Collection Set: 0.14ms
[2025-01-28T11:04:27.205+0700][gc,phases   ] GC(13)   Merge Heap Roots: 0.07ms
[2025-01-28T11:04:27.205+0700][gc,phases   ] GC(13)   Evacuate Collection Set: 2.70ms
[2025-01-28T11:04:27.205+0700][gc,phases   ] GC(13)   Post Evacuate Collection Set: 0.38ms
[2025-01-28T11:04:27.205+0700][gc,phases   ] GC(13)   Other: 0.12ms
[2025-01-28T11:04:27.205+0700][gc,heap     ] GC(13) Eden regions: 46->0(46)
[2025-01-28T11:04:27.205+0700][gc,heap     ] GC(13) Survivor regions: 5->5(7)
[2025-01-28T11:04:27.205+0700][gc,heap     ] GC(13) Old regions: 26->27
[2025-01-28T11:04:27.205+0700][gc,heap     ] GC(13) Humongous regions: 129->129
[2025-01-28T11:04:27.205+0700][gc,metaspace] GC(13) Metaspace: 43834K(44480K)->43834K(44480K) NonClass: 38572K(38976K)->38572K(38976K) Class: 5261K(5504K)->5261K(5504K)
[2025-01-28T11:04:27.205+0700][gc          ] GC(13) Pause Young (Normal) (G1 Evacuation Pause) 205M->160M(1024M) 3.599ms
[2025-01-28T11:04:27.205+0700][gc,cpu      ] GC(13) User=0.02s Sys=0.00s Real=0.00s
>>>>>>> Stashed changes
