[2025-01-18T20:32:01.527+0700][gc,init] CardTable entry size: 512
[2025-01-18T20:32:01.528+0700][gc     ] Using G1
[2025-01-18T20:32:01.533+0700][gc,init] Version: 23.0.1+11 (release)
[2025-01-18T20:32:01.533+0700][gc,init] CPUs: 12 total, 12 available
[2025-01-18T20:32:01.533+0700][gc,init] Memory: 32768M
[2025-01-18T20:32:01.533+0700][gc,init] Large Page Support: Disabled
[2025-01-18T20:32:01.533+0700][gc,init] NUMA Support: Disabled
[2025-01-18T20:32:01.533+0700][gc,init] Compressed Oops: Enabled (Zero based)
[2025-01-18T20:32:01.533+0700][gc,init] Heap Region Size: 1M
[2025-01-18T20:32:01.533+0700][gc,init] Heap Min Capacity: 1G
[2025-01-18T20:32:01.533+0700][gc,init] Heap Initial Capacity: 1G
[2025-01-18T20:32:01.533+0700][gc,init] Heap Max Capacity: 1G
[2025-01-18T20:32:01.533+0700][gc,init] Pre-touch: Disabled
[2025-01-18T20:32:01.533+0700][gc,init] Parallel Workers: 10
[2025-01-18T20:32:01.533+0700][gc,init] Concurrent Workers: 3
[2025-01-18T20:32:01.533+0700][gc,init] Concurrent Refinement Workers: 10
[2025-01-18T20:32:01.533+0700][gc,init] Periodic GC: Disabled
[2025-01-18T20:32:01.540+0700][gc,metaspace] CDS archive(s) mapped at: [0x0000000127000000-0x0000000127d8f000-0x0000000127d8f000), size 14217216, SharedBaseAddress: 0x0000000127000000, ArchiveRelocationMode: 1.
[2025-01-18T20:32:01.540+0700][gc,metaspace] Compressed class space mapped at: 0x0000000128000000-0x0000000168000000, reserved size: 1073741824
[2025-01-18T20:32:01.540+0700][gc,metaspace] Narrow klass base: 0x0000000127000000, Narrow klass shift: 0, Narrow klass range: 0x100000000
[2025-01-18T20:32:07.886+0700][gc,start    ] GC(0) Pause Young (Normal) (G1 Evacuation Pause)
[2025-01-18T20:32:07.887+0700][gc,task     ] GC(0) Using 10 workers of 10 for evacuation
[2025-01-18T20:32:07.892+0700][gc,phases   ] GC(0)   Pre Evacuate Collection Set: 0.15ms
[2025-01-18T20:32:07.892+0700][gc,phases   ] GC(0)   Merge Heap Roots: 0.09ms
[2025-01-18T20:32:07.892+0700][gc,phases   ] GC(0)   Evacuate Collection Set: 4.11ms
[2025-01-18T20:32:07.892+0700][gc,phases   ] GC(0)   Post Evacuate Collection Set: 0.65ms
[2025-01-18T20:32:07.892+0700][gc,phases   ] GC(0)   Other: 0.56ms
[2025-01-18T20:32:07.892+0700][gc,heap     ] GC(0) Eden regions: 51->0(44)
[2025-01-18T20:32:07.892+0700][gc,heap     ] GC(0) Survivor regions: 0->7(7)
[2025-01-18T20:32:07.892+0700][gc,heap     ] GC(0) Old regions: 2->4
[2025-01-18T20:32:07.892+0700][gc,heap     ] GC(0) Humongous regions: 0->0
[2025-01-18T20:32:07.892+0700][gc,metaspace] GC(0) Metaspace: 16903K(17152K)->16903K(17152K) NonClass: 14843K(14976K)->14843K(14976K) Class: 2059K(2176K)->2059K(2176K)
[2025-01-18T20:32:07.892+0700][gc          ] GC(0) Pause Young (Normal) (G1 Evacuation Pause) 52M->9M(1024M) 5.864ms
[2025-01-18T20:32:07.892+0700][gc,cpu      ] GC(0) User=0.03s Sys=0.02s Real=0.01s
[2025-01-18T20:32:08.206+0700][gc,start    ] GC(1) Pause Young (Concurrent Start) (Metadata GC Threshold)
[2025-01-18T20:32:08.206+0700][gc,task     ] GC(1) Using 10 workers of 10 for evacuation
[2025-01-18T20:32:08.211+0700][gc,phases   ] GC(1)   Pre Evacuate Collection Set: 0.25ms
[2025-01-18T20:32:08.211+0700][gc,phases   ] GC(1)   Merge Heap Roots: 0.07ms
[2025-01-18T20:32:08.211+0700][gc,phases   ] GC(1)   Evacuate Collection Set: 4.16ms
[2025-01-18T20:32:08.211+0700][gc,phases   ] GC(1)   Post Evacuate Collection Set: 0.43ms
[2025-01-18T20:32:08.211+0700][gc,phases   ] GC(1)   Other: 0.11ms
[2025-01-18T20:32:08.211+0700][gc,heap     ] GC(1) Eden regions: 17->0(49)
[2025-01-18T20:32:08.211+0700][gc,heap     ] GC(1) Survivor regions: 7->2(7)
[2025-01-18T20:32:08.211+0700][gc,heap     ] GC(1) Old regions: 4->11
[2025-01-18T20:32:08.211+0700][gc,heap     ] GC(1) Humongous regions: 0->0
[2025-01-18T20:32:08.211+0700][gc,metaspace] GC(1) Metaspace: 21265K(21504K)->21265K(21504K) NonClass: 18669K(18752K)->18669K(18752K) Class: 2595K(2752K)->2595K(2752K)
[2025-01-18T20:32:08.211+0700][gc          ] GC(1) Pause Young (Concurrent Start) (Metadata GC Threshold) 25M->10M(1024M) 5.296ms
[2025-01-18T20:32:08.211+0700][gc,cpu      ] GC(1) User=0.03s Sys=0.01s Real=0.01s
[2025-01-18T20:32:08.211+0700][gc          ] GC(2) Concurrent Mark Cycle
[2025-01-18T20:32:08.211+0700][gc,marking  ] GC(2) Concurrent Scan Root Regions
[2025-01-18T20:32:08.213+0700][gc,marking  ] GC(2) Concurrent Scan Root Regions 1.781ms
[2025-01-18T20:32:08.213+0700][gc,marking  ] GC(2) Concurrent Mark
[2025-01-18T20:32:08.213+0700][gc,marking  ] GC(2) Concurrent Mark From Roots
[2025-01-18T20:32:08.213+0700][gc,task     ] GC(2) Using 3 workers of 3 for marking
[2025-01-18T20:32:08.215+0700][gc,marking  ] GC(2) Concurrent Mark From Roots 1.652ms
[2025-01-18T20:32:08.215+0700][gc,marking  ] GC(2) Concurrent Preclean
[2025-01-18T20:32:08.215+0700][gc,marking  ] GC(2) Concurrent Preclean 0.036ms
[2025-01-18T20:32:08.215+0700][gc,start    ] GC(2) Pause Remark
[2025-01-18T20:32:08.217+0700][gc          ] GC(2) Pause Remark 11M->11M(1024M) 1.647ms
[2025-01-18T20:32:08.217+0700][gc,cpu      ] GC(2) User=0.01s Sys=0.00s Real=0.00s
[2025-01-18T20:32:08.217+0700][gc,marking  ] GC(2) Concurrent Mark 3.616ms
[2025-01-18T20:32:08.217+0700][gc,marking  ] GC(2) Concurrent Rebuild Remembered Sets and Scrub Regions
[2025-01-18T20:32:08.219+0700][gc,marking  ] GC(2) Concurrent Rebuild Remembered Sets and Scrub Regions 1.619ms
[2025-01-18T20:32:08.219+0700][gc,start    ] GC(2) Pause Cleanup
[2025-01-18T20:32:08.219+0700][gc          ] GC(2) Pause Cleanup 11M->11M(1024M) 0.034ms
[2025-01-18T20:32:08.219+0700][gc,cpu      ] GC(2) User=0.00s Sys=0.00s Real=0.00s
[2025-01-18T20:32:08.219+0700][gc,marking  ] GC(2) Concurrent Clear Claimed Marks
[2025-01-18T20:32:08.219+0700][gc,marking  ] GC(2) Concurrent Clear Claimed Marks 0.033ms
[2025-01-18T20:32:08.219+0700][gc,marking  ] GC(2) Concurrent Cleanup for Next Mark
[2025-01-18T20:32:08.224+0700][gc,marking  ] GC(2) Concurrent Cleanup for Next Mark 5.516ms
[2025-01-18T20:32:08.224+0700][gc          ] GC(2) Concurrent Mark Cycle 12.880ms
[2025-01-18T20:32:08.832+0700][gc,start    ] GC(3) Pause Young (Prepare Mixed) (G1 Evacuation Pause)
[2025-01-18T20:32:08.848+0700][gc,task     ] GC(3) Using 10 workers of 10 for evacuation
[2025-01-18T20:32:08.852+0700][gc,phases   ] GC(3)   Pre Evacuate Collection Set: 0.28ms
[2025-01-18T20:32:08.852+0700][gc,phases   ] GC(3)   Merge Heap Roots: 0.07ms
[2025-01-18T20:32:08.852+0700][gc,phases   ] GC(3)   Evacuate Collection Set: 3.26ms
[2025-01-18T20:32:08.852+0700][gc,phases   ] GC(3)   Post Evacuate Collection Set: 0.60ms
[2025-01-18T20:32:08.852+0700][gc,phases   ] GC(3)   Other: 0.14ms
[2025-01-18T20:32:08.852+0700][gc,heap     ] GC(3) Eden regions: 49->0(44)
[2025-01-18T20:32:08.852+0700][gc,heap     ] GC(3) Survivor regions: 2->7(7)
[2025-01-18T20:32:08.852+0700][gc,heap     ] GC(3) Old regions: 11->11
[2025-01-18T20:32:08.852+0700][gc,heap     ] GC(3) Humongous regions: 129->129
[2025-01-18T20:32:08.852+0700][gc,metaspace] GC(3) Metaspace: 32479K(32768K)->32479K(32768K) NonClass: 28832K(28992K)->28832K(28992K) Class: 3647K(3776K)->3647K(3776K)
[2025-01-18T20:32:08.852+0700][gc          ] GC(3) Pause Young (Prepare Mixed) (G1 Evacuation Pause) 188M->144M(1024M) 19.702ms
[2025-01-18T20:32:08.852+0700][gc,cpu      ] GC(3) User=0.04s Sys=0.01s Real=0.02s
[2025-01-18T20:32:09.017+0700][gc,start    ] GC(4) Pause Young (Mixed) (Metadata GC Threshold)
[2025-01-18T20:32:09.017+0700][gc,task     ] GC(4) Using 10 workers of 10 for evacuation
[2025-01-18T20:32:09.022+0700][gc,phases   ] GC(4)   Pre Evacuate Collection Set: 0.19ms
[2025-01-18T20:32:09.022+0700][gc,phases   ] GC(4)   Merge Heap Roots: 0.08ms
[2025-01-18T20:32:09.022+0700][gc,phases   ] GC(4)   Evacuate Collection Set: 4.06ms
[2025-01-18T20:32:09.022+0700][gc,phases   ] GC(4)   Post Evacuate Collection Set: 0.46ms
[2025-01-18T20:32:09.022+0700][gc,phases   ] GC(4)   Other: 0.09ms
[2025-01-18T20:32:09.022+0700][gc,heap     ] GC(4) Eden regions: 14->0(49)
[2025-01-18T20:32:09.022+0700][gc,heap     ] GC(4) Survivor regions: 7->2(7)
[2025-01-18T20:32:09.022+0700][gc,heap     ] GC(4) Old regions: 11->16
[2025-01-18T20:32:09.022+0700][gc,heap     ] GC(4) Humongous regions: 129->129
[2025-01-18T20:32:09.022+0700][gc,metaspace] GC(4) Metaspace: 35682K(35968K)->35682K(35968K) NonClass: 31616K(31808K)->31616K(31808K) Class: 4066K(4160K)->4066K(4160K)
[2025-01-18T20:32:09.022+0700][gc          ] GC(4) Pause Young (Mixed) (Metadata GC Threshold) 158M->145M(1024M) 5.138ms
[2025-01-18T20:32:09.022+0700][gc,cpu      ] GC(4) User=0.03s Sys=0.01s Real=0.01s
[2025-01-18T20:32:09.095+0700][gc,start    ] GC(5) Pause Young (Concurrent Start) (Metadata GC Threshold)
[2025-01-18T20:32:09.095+0700][gc,task     ] GC(5) Using 10 workers of 10 for evacuation
[2025-01-18T20:32:09.096+0700][gc,phases   ] GC(5)   Pre Evacuate Collection Set: 0.22ms
[2025-01-18T20:32:09.096+0700][gc,phases   ] GC(5)   Merge Heap Roots: 0.07ms
[2025-01-18T20:32:09.096+0700][gc,phases   ] GC(5)   Evacuate Collection Set: 0.86ms
[2025-01-18T20:32:09.096+0700][gc,phases   ] GC(5)   Post Evacuate Collection Set: 0.30ms
[2025-01-18T20:32:09.096+0700][gc,phases   ] GC(5)   Other: 0.12ms
[2025-01-18T20:32:09.096+0700][gc,heap     ] GC(5) Eden regions: 3->0(50)
[2025-01-18T20:32:09.096+0700][gc,heap     ] GC(5) Survivor regions: 2->1(7)
[2025-01-18T20:32:09.096+0700][gc,heap     ] GC(5) Old regions: 16->16
[2025-01-18T20:32:09.096+0700][gc,heap     ] GC(5) Humongous regions: 129->129
[2025-01-18T20:32:09.096+0700][gc,metaspace] GC(5) Metaspace: 36050K(36288K)->36050K(36288K) NonClass: 31929K(32064K)->31929K(32064K) Class: 4120K(4224K)->4120K(4224K)
[2025-01-18T20:32:09.097+0700][gc          ] GC(5) Pause Young (Concurrent Start) (Metadata GC Threshold) 148M->145M(1024M) 1.762ms
[2025-01-18T20:32:09.097+0700][gc,cpu      ] GC(5) User=0.01s Sys=0.00s Real=0.00s
[2025-01-18T20:32:09.097+0700][gc          ] GC(6) Concurrent Mark Cycle
[2025-01-18T20:32:09.097+0700][gc,marking  ] GC(6) Concurrent Scan Root Regions
[2025-01-18T20:32:09.098+0700][gc,marking  ] GC(6) Concurrent Scan Root Regions 1.153ms
[2025-01-18T20:32:09.098+0700][gc,marking  ] GC(6) Concurrent Mark
[2025-01-18T20:32:09.098+0700][gc,marking  ] GC(6) Concurrent Mark From Roots
[2025-01-18T20:32:09.098+0700][gc,task     ] GC(6) Using 3 workers of 3 for marking
[2025-01-18T20:32:09.108+0700][gc,marking  ] GC(6) Concurrent Mark From Roots 10.319ms
[2025-01-18T20:32:09.108+0700][gc,marking  ] GC(6) Concurrent Preclean
[2025-01-18T20:32:09.108+0700][gc,marking  ] GC(6) Concurrent Preclean 0.144ms
[2025-01-18T20:32:09.108+0700][gc,start    ] GC(6) Pause Remark
[2025-01-18T20:32:09.110+0700][gc          ] GC(6) Pause Remark 146M->146M(1024M) 1.928ms
[2025-01-18T20:32:09.110+0700][gc,cpu      ] GC(6) User=0.01s Sys=0.00s Real=0.01s
[2025-01-18T20:32:09.111+0700][gc,marking  ] GC(6) Concurrent Mark 12.770ms
[2025-01-18T20:32:09.111+0700][gc,marking  ] GC(6) Concurrent Rebuild Remembered Sets and Scrub Regions
[2025-01-18T20:32:09.114+0700][gc,marking  ] GC(6) Concurrent Rebuild Remembered Sets and Scrub Regions 3.368ms
[2025-01-18T20:32:09.114+0700][gc,start    ] GC(6) Pause Cleanup
[2025-01-18T20:32:09.114+0700][gc          ] GC(6) Pause Cleanup 146M->146M(1024M) 0.046ms
[2025-01-18T20:32:09.114+0700][gc,cpu      ] GC(6) User=0.00s Sys=0.00s Real=0.00s
[2025-01-18T20:32:09.114+0700][gc,marking  ] GC(6) Concurrent Clear Claimed Marks
[2025-01-18T20:32:09.114+0700][gc,marking  ] GC(6) Concurrent Clear Claimed Marks 0.040ms
[2025-01-18T20:32:09.114+0700][gc,marking  ] GC(6) Concurrent Cleanup for Next Mark
[2025-01-18T20:32:09.116+0700][gc,marking  ] GC(6) Concurrent Cleanup for Next Mark 1.277ms
[2025-01-18T20:32:09.116+0700][gc          ] GC(6) Concurrent Mark Cycle 18.977ms
[2025-01-18T20:34:00.520+0700][gc,heap,exit] Heap
[2025-01-18T20:34:00.520+0700][gc,heap,exit]  garbage-first heap   total reserved 1048576K, committed 1048576K, used 166784K [0x00000007c0000000, 0x0000000800000000)
[2025-01-18T20:34:00.520+0700][gc,heap,exit]   region size 1024K, 19 young (19456K), 1 survivors (1024K)
[2025-01-18T20:34:00.520+0700][gc,heap,exit]  Metaspace       used 38261K, committed 38592K, reserved 1114112K
[2025-01-18T20:34:00.520+0700][gc,heap,exit]   class space    used 4497K, committed 4608K, reserved 1048576K
