[2025-01-22T10:41:25.579+0700][gc,init] CardTable entry size: 512
[2025-01-22T10:41:25.579+0700][gc     ] Using G1
[2025-01-22T10:41:25.584+0700][gc,init] Version: 23.0.1+11 (release)
[2025-01-22T10:41:25.584+0700][gc,init] CPUs: 12 total, 12 available
[2025-01-22T10:41:25.584+0700][gc,init] Memory: 32768M
[2025-01-22T10:41:25.584+0700][gc,init] Large Page Support: Disabled
[2025-01-22T10:41:25.584+0700][gc,init] NUMA Support: Disabled
[2025-01-22T10:41:25.584+0700][gc,init] Compressed Oops: Enabled (Zero based)
[2025-01-22T10:41:25.584+0700][gc,init] Heap Region Size: 1M
[2025-01-22T10:41:25.584+0700][gc,init] Heap Min Capacity: 1G
[2025-01-22T10:41:25.584+0700][gc,init] Heap Initial Capacity: 1G
[2025-01-22T10:41:25.584+0700][gc,init] Heap Max Capacity: 1G
[2025-01-22T10:41:25.584+0700][gc,init] Pre-touch: Disabled
[2025-01-22T10:41:25.584+0700][gc,init] Parallel Workers: 10
[2025-01-22T10:41:25.584+0700][gc,init] Concurrent Workers: 3
[2025-01-22T10:41:25.584+0700][gc,init] Concurrent Refinement Workers: 10
[2025-01-22T10:41:25.584+0700][gc,init] Periodic GC: Disabled
[2025-01-22T10:41:25.591+0700][gc,metaspace] CDS archive(s) mapped at: [0x0000000127000000-0x0000000127d8f000-0x0000000127d8f000), size 14217216, SharedBaseAddress: 0x0000000127000000, ArchiveRelocationMode: 1.
[2025-01-22T10:41:25.591+0700][gc,metaspace] Compressed class space mapped at: 0x0000000128000000-0x0000000168000000, reserved size: 1073741824
[2025-01-22T10:41:25.591+0700][gc,metaspace] Narrow klass base: 0x0000000127000000, Narrow klass shift: 0, Narrow klass range: 0x100000000
[2025-01-22T10:41:32.199+0700][gc,start    ] GC(0) Pause Young (Normal) (G1 Evacuation Pause)
[2025-01-22T10:41:32.199+0700][gc,task     ] GC(0) Using 10 workers of 10 for evacuation
[2025-01-22T10:41:32.205+0700][gc,phases   ] GC(0)   Pre Evacuate Collection Set: 0.12ms
[2025-01-22T10:41:32.205+0700][gc,phases   ] GC(0)   Merge Heap Roots: 0.08ms
[2025-01-22T10:41:32.205+0700][gc,phases   ] GC(0)   Evacuate Collection Set: 4.28ms
[2025-01-22T10:41:32.205+0700][gc,phases   ] GC(0)   Post Evacuate Collection Set: 0.91ms
[2025-01-22T10:41:32.205+0700][gc,phases   ] GC(0)   Other: 0.48ms
[2025-01-22T10:41:32.205+0700][gc,heap     ] GC(0) Eden regions: 51->0(44)
[2025-01-22T10:41:32.205+0700][gc,heap     ] GC(0) Survivor regions: 0->7(7)
[2025-01-22T10:41:32.205+0700][gc,heap     ] GC(0) Old regions: 2->4
[2025-01-22T10:41:32.205+0700][gc,heap     ] GC(0) Humongous regions: 0->0
[2025-01-22T10:41:32.205+0700][gc,metaspace] GC(0) Metaspace: 16907K(17152K)->16907K(17152K) NonClass: 14847K(14976K)->14847K(14976K) Class: 2059K(2176K)->2059K(2176K)
[2025-01-22T10:41:32.205+0700][gc          ] GC(0) Pause Young (Normal) (G1 Evacuation Pause) 52M->9M(1024M) 6.108ms
[2025-01-22T10:41:32.205+0700][gc,cpu      ] GC(0) User=0.02s Sys=0.01s Real=0.01s
[2025-01-22T10:41:32.669+0700][gc,start    ] GC(1) Pause Young (Concurrent Start) (Metadata GC Threshold)
[2025-01-22T10:41:32.669+0700][gc,task     ] GC(1) Using 10 workers of 10 for evacuation
[2025-01-22T10:41:32.673+0700][gc,phases   ] GC(1)   Pre Evacuate Collection Set: 0.18ms
[2025-01-22T10:41:32.673+0700][gc,phases   ] GC(1)   Merge Heap Roots: 0.10ms
[2025-01-22T10:41:32.674+0700][gc,phases   ] GC(1)   Evacuate Collection Set: 4.01ms
[2025-01-22T10:41:32.674+0700][gc,phases   ] GC(1)   Post Evacuate Collection Set: 0.40ms
[2025-01-22T10:41:32.674+0700][gc,phases   ] GC(1)   Other: 0.11ms
[2025-01-22T10:41:32.674+0700][gc,heap     ] GC(1) Eden regions: 17->0(49)
[2025-01-22T10:41:32.674+0700][gc,heap     ] GC(1) Survivor regions: 7->2(7)
[2025-01-22T10:41:32.674+0700][gc,heap     ] GC(1) Old regions: 4->11
[2025-01-22T10:41:32.674+0700][gc,heap     ] GC(1) Humongous regions: 0->0
[2025-01-22T10:41:32.674+0700][gc,metaspace] GC(1) Metaspace: 21213K(21504K)->21213K(21504K) NonClass: 18622K(18752K)->18622K(18752K) Class: 2591K(2752K)->2591K(2752K)
[2025-01-22T10:41:32.674+0700][gc          ] GC(1) Pause Young (Concurrent Start) (Metadata GC Threshold) 25M->11M(1024M) 5.067ms
[2025-01-22T10:41:32.674+0700][gc,cpu      ] GC(1) User=0.03s Sys=0.02s Real=0.01s
[2025-01-22T10:41:32.674+0700][gc          ] GC(2) Concurrent Mark Cycle
[2025-01-22T10:41:32.674+0700][gc,marking  ] GC(2) Concurrent Scan Root Regions
[2025-01-22T10:41:32.675+0700][gc,marking  ] GC(2) Concurrent Scan Root Regions 1.533ms
[2025-01-22T10:41:32.675+0700][gc,marking  ] GC(2) Concurrent Mark
[2025-01-22T10:41:32.675+0700][gc,marking  ] GC(2) Concurrent Mark From Roots
[2025-01-22T10:41:32.675+0700][gc,task     ] GC(2) Using 3 workers of 3 for marking
[2025-01-22T10:41:32.677+0700][gc,marking  ] GC(2) Concurrent Mark From Roots 1.579ms
[2025-01-22T10:41:32.677+0700][gc,marking  ] GC(2) Concurrent Preclean
[2025-01-22T10:41:32.677+0700][gc,marking  ] GC(2) Concurrent Preclean 0.031ms
[2025-01-22T10:41:32.677+0700][gc,start    ] GC(2) Pause Remark
[2025-01-22T10:41:32.679+0700][gc          ] GC(2) Pause Remark 11M->11M(1024M) 1.514ms
[2025-01-22T10:41:32.679+0700][gc,cpu      ] GC(2) User=0.01s Sys=0.00s Real=0.00s
[2025-01-22T10:41:32.679+0700][gc,marking  ] GC(2) Concurrent Mark 3.704ms
[2025-01-22T10:41:32.679+0700][gc,marking  ] GC(2) Concurrent Rebuild Remembered Sets and Scrub Regions
[2025-01-22T10:41:32.681+0700][gc,marking  ] GC(2) Concurrent Rebuild Remembered Sets and Scrub Regions 1.504ms
[2025-01-22T10:41:32.681+0700][gc,start    ] GC(2) Pause Cleanup
[2025-01-22T10:41:32.681+0700][gc          ] GC(2) Pause Cleanup 11M->11M(1024M) 0.034ms
[2025-01-22T10:41:32.681+0700][gc,cpu      ] GC(2) User=0.00s Sys=0.00s Real=0.00s
[2025-01-22T10:41:32.681+0700][gc,marking  ] GC(2) Concurrent Clear Claimed Marks
[2025-01-22T10:41:32.681+0700][gc,marking  ] GC(2) Concurrent Clear Claimed Marks 0.033ms
[2025-01-22T10:41:32.681+0700][gc,marking  ] GC(2) Concurrent Cleanup for Next Mark
[2025-01-22T10:41:32.685+0700][gc,marking  ] GC(2) Concurrent Cleanup for Next Mark 4.612ms
[2025-01-22T10:41:32.685+0700][gc          ] GC(2) Concurrent Mark Cycle 11.755ms
[2025-01-22T10:41:33.432+0700][gc,start    ] GC(3) Pause Young (Prepare Mixed) (G1 Evacuation Pause)
[2025-01-22T10:41:33.450+0700][gc,task     ] GC(3) Using 10 workers of 10 for evacuation
[2025-01-22T10:41:33.454+0700][gc,phases   ] GC(3)   Pre Evacuate Collection Set: 0.29ms
[2025-01-22T10:41:33.454+0700][gc,phases   ] GC(3)   Merge Heap Roots: 0.07ms
[2025-01-22T10:41:33.454+0700][gc,phases   ] GC(3)   Evacuate Collection Set: 3.20ms
[2025-01-22T10:41:33.454+0700][gc,phases   ] GC(3)   Post Evacuate Collection Set: 0.47ms
[2025-01-22T10:41:33.454+0700][gc,phases   ] GC(3)   Other: 0.14ms
[2025-01-22T10:41:33.454+0700][gc,heap     ] GC(3) Eden regions: 49->0(44)
[2025-01-22T10:41:33.454+0700][gc,heap     ] GC(3) Survivor regions: 2->7(7)
[2025-01-22T10:41:33.454+0700][gc,heap     ] GC(3) Old regions: 11->11
[2025-01-22T10:41:33.454+0700][gc,heap     ] GC(3) Humongous regions: 129->129
[2025-01-22T10:41:33.454+0700][gc,metaspace] GC(3) Metaspace: 32597K(32832K)->32597K(32832K) NonClass: 28932K(29056K)->28932K(29056K) Class: 3664K(3776K)->3664K(3776K)
[2025-01-22T10:41:33.454+0700][gc          ] GC(3) Pause Young (Prepare Mixed) (G1 Evacuation Pause) 189M->145M(1024M) 22.685ms
[2025-01-22T10:41:33.454+0700][gc,cpu      ] GC(3) User=0.03s Sys=0.00s Real=0.02s
[2025-01-22T10:41:33.663+0700][gc,start    ] GC(4) Pause Young (Mixed) (Metadata GC Threshold)
[2025-01-22T10:41:33.663+0700][gc,task     ] GC(4) Using 10 workers of 10 for evacuation
[2025-01-22T10:41:33.668+0700][gc,phases   ] GC(4)   Pre Evacuate Collection Set: 0.20ms
[2025-01-22T10:41:33.668+0700][gc,phases   ] GC(4)   Merge Heap Roots: 0.08ms
[2025-01-22T10:41:33.668+0700][gc,phases   ] GC(4)   Evacuate Collection Set: 3.80ms
[2025-01-22T10:41:33.668+0700][gc,phases   ] GC(4)   Post Evacuate Collection Set: 0.43ms
[2025-01-22T10:41:33.668+0700][gc,phases   ] GC(4)   Other: 0.10ms
[2025-01-22T10:41:33.668+0700][gc,heap     ] GC(4) Eden regions: 15->0(49)
[2025-01-22T10:41:33.668+0700][gc,heap     ] GC(4) Survivor regions: 7->2(7)
[2025-01-22T10:41:33.668+0700][gc,heap     ] GC(4) Old regions: 11->16
[2025-01-22T10:41:33.668+0700][gc,heap     ] GC(4) Humongous regions: 129->129
[2025-01-22T10:41:33.668+0700][gc,metaspace] GC(4) Metaspace: 35820K(36096K)->35820K(36096K) NonClass: 31728K(31872K)->31728K(31872K) Class: 4092K(4224K)->4092K(4224K)
[2025-01-22T10:41:33.668+0700][gc          ] GC(4) Pause Young (Mixed) (Metadata GC Threshold) 159M->146M(1024M) 4.851ms
[2025-01-22T10:41:33.668+0700][gc,cpu      ] GC(4) User=0.03s Sys=0.00s Real=0.00s
[2025-01-22T10:41:33.691+0700][gc,start    ] GC(5) Pause Young (Concurrent Start) (Metadata GC Threshold)
[2025-01-22T10:41:33.691+0700][gc,task     ] GC(5) Using 10 workers of 10 for evacuation
[2025-01-22T10:41:33.693+0700][gc,phases   ] GC(5)   Pre Evacuate Collection Set: 0.18ms
[2025-01-22T10:41:33.693+0700][gc,phases   ] GC(5)   Merge Heap Roots: 0.07ms
[2025-01-22T10:41:33.693+0700][gc,phases   ] GC(5)   Evacuate Collection Set: 0.86ms
[2025-01-22T10:41:33.693+0700][gc,phases   ] GC(5)   Post Evacuate Collection Set: 0.29ms
[2025-01-22T10:41:33.693+0700][gc,phases   ] GC(5)   Other: 0.12ms
[2025-01-22T10:41:33.693+0700][gc,heap     ] GC(5) Eden regions: 2->0(50)
[2025-01-22T10:41:33.693+0700][gc,heap     ] GC(5) Survivor regions: 2->1(7)
[2025-01-22T10:41:33.693+0700][gc,heap     ] GC(5) Old regions: 16->16
[2025-01-22T10:41:33.693+0700][gc,heap     ] GC(5) Humongous regions: 129->129
[2025-01-22T10:41:33.693+0700][gc,metaspace] GC(5) Metaspace: 36120K(36416K)->36120K(36416K) NonClass: 31984K(32128K)->31984K(32128K) Class: 4135K(4288K)->4135K(4288K)
[2025-01-22T10:41:33.693+0700][gc          ] GC(5) Pause Young (Concurrent Start) (Metadata GC Threshold) 147M->145M(1024M) 1.708ms
[2025-01-22T10:41:33.693+0700][gc,cpu      ] GC(5) User=0.00s Sys=0.00s Real=0.00s
[2025-01-22T10:41:33.693+0700][gc          ] GC(6) Concurrent Mark Cycle
[2025-01-22T10:41:33.693+0700][gc,marking  ] GC(6) Concurrent Scan Root Regions
[2025-01-22T10:41:33.694+0700][gc,marking  ] GC(6) Concurrent Scan Root Regions 1.164ms
[2025-01-22T10:41:33.694+0700][gc,marking  ] GC(6) Concurrent Mark
[2025-01-22T10:41:33.694+0700][gc,marking  ] GC(6) Concurrent Mark From Roots
[2025-01-22T10:41:33.694+0700][gc,task     ] GC(6) Using 3 workers of 3 for marking
[2025-01-22T10:41:33.704+0700][gc,marking  ] GC(6) Concurrent Mark From Roots 9.567ms
[2025-01-22T10:41:33.704+0700][gc,marking  ] GC(6) Concurrent Preclean
[2025-01-22T10:41:33.704+0700][gc,marking  ] GC(6) Concurrent Preclean 0.059ms
[2025-01-22T10:41:33.704+0700][gc,start    ] GC(6) Pause Remark
[2025-01-22T10:41:33.706+0700][gc          ] GC(6) Pause Remark 146M->146M(1024M) 1.813ms
[2025-01-22T10:41:33.706+0700][gc,cpu      ] GC(6) User=0.01s Sys=0.00s Real=0.00s
[2025-01-22T10:41:33.706+0700][gc,marking  ] GC(6) Concurrent Mark 11.653ms
[2025-01-22T10:41:33.706+0700][gc,marking  ] GC(6) Concurrent Rebuild Remembered Sets and Scrub Regions
[2025-01-22T10:41:33.710+0700][gc,marking  ] GC(6) Concurrent Rebuild Remembered Sets and Scrub Regions 3.934ms
[2025-01-22T10:41:33.710+0700][gc,start    ] GC(6) Pause Cleanup
[2025-01-22T10:41:33.710+0700][gc          ] GC(6) Pause Cleanup 146M->146M(1024M) 0.048ms
[2025-01-22T10:41:33.710+0700][gc,cpu      ] GC(6) User=0.00s Sys=0.00s Real=0.00s
[2025-01-22T10:41:33.710+0700][gc,marking  ] GC(6) Concurrent Clear Claimed Marks
[2025-01-22T10:41:33.710+0700][gc,marking  ] GC(6) Concurrent Clear Claimed Marks 0.042ms
[2025-01-22T10:41:33.710+0700][gc,marking  ] GC(6) Concurrent Cleanup for Next Mark
[2025-01-22T10:41:33.712+0700][gc,marking  ] GC(6) Concurrent Cleanup for Next Mark 1.446ms
[2025-01-22T10:41:33.712+0700][gc          ] GC(6) Concurrent Mark Cycle 18.885ms
[2025-01-22T10:46:17.630+0700][gc,start    ] GC(7) Pause Young (Prepare Mixed) (G1 Evacuation Pause)
[2025-01-22T10:46:17.631+0700][gc,task     ] GC(7) Using 10 workers of 10 for evacuation
[2025-01-22T10:46:17.635+0700][gc,phases   ] GC(7)   Pre Evacuate Collection Set: 0.22ms
[2025-01-22T10:46:17.635+0700][gc,phases   ] GC(7)   Merge Heap Roots: 0.12ms
[2025-01-22T10:46:17.635+0700][gc,phases   ] GC(7)   Evacuate Collection Set: 2.83ms
[2025-01-22T10:46:17.635+0700][gc,phases   ] GC(7)   Post Evacuate Collection Set: 0.53ms
[2025-01-22T10:46:17.635+0700][gc,phases   ] GC(7)   Other: 0.16ms
[2025-01-22T10:46:17.635+0700][gc,heap     ] GC(7) Eden regions: 50->0(46)
[2025-01-22T10:46:17.635+0700][gc,heap     ] GC(7) Survivor regions: 1->5(7)
[2025-01-22T10:46:17.635+0700][gc,heap     ] GC(7) Old regions: 16->16
[2025-01-22T10:46:17.635+0700][gc,heap     ] GC(7) Humongous regions: 129->129
[2025-01-22T10:46:17.635+0700][gc,metaspace] GC(7) Metaspace: 42371K(43008K)->42371K(43008K) NonClass: 37227K(37632K)->37227K(37632K) Class: 5144K(5376K)->5144K(5376K)
[2025-01-22T10:46:17.635+0700][gc          ] GC(7) Pause Young (Prepare Mixed) (G1 Evacuation Pause) 195M->149M(1024M) 5.179ms
[2025-01-22T10:46:17.635+0700][gc,cpu      ] GC(7) User=0.02s Sys=0.00s Real=0.00s
[2025-01-22T10:48:57.552+0700][gc,start    ] GC(8) Pause Young (Mixed) (G1 Evacuation Pause)
[2025-01-22T10:48:57.552+0700][gc,task     ] GC(8) Using 10 workers of 10 for evacuation
[2025-01-22T10:48:57.558+0700][gc,phases   ] GC(8)   Pre Evacuate Collection Set: 0.22ms
[2025-01-22T10:48:57.558+0700][gc,phases   ] GC(8)   Merge Heap Roots: 0.09ms
[2025-01-22T10:48:57.558+0700][gc,phases   ] GC(8)   Evacuate Collection Set: 4.49ms
[2025-01-22T10:48:57.558+0700][gc,phases   ] GC(8)   Post Evacuate Collection Set: 0.46ms
[2025-01-22T10:48:57.558+0700][gc,phases   ] GC(8)   Other: 0.15ms
[2025-01-22T10:48:57.558+0700][gc,heap     ] GC(8) Eden regions: 46->0(44)
[2025-01-22T10:48:57.558+0700][gc,heap     ] GC(8) Survivor regions: 5->7(7)
[2025-01-22T10:48:57.558+0700][gc,heap     ] GC(8) Old regions: 16->17
[2025-01-22T10:48:57.558+0700][gc,heap     ] GC(8) Humongous regions: 129->129
[2025-01-22T10:48:57.558+0700][gc,metaspace] GC(8) Metaspace: 43034K(43648K)->43034K(43648K) NonClass: 37872K(38208K)->37872K(38208K) Class: 5162K(5440K)->5162K(5440K)
[2025-01-22T10:48:57.558+0700][gc          ] GC(8) Pause Young (Mixed) (G1 Evacuation Pause) 195M->152M(1024M) 5.763ms
[2025-01-22T10:48:57.558+0700][gc,cpu      ] GC(8) User=0.04s Sys=0.00s Real=0.00s
[2025-01-22T10:51:47.146+0700][gc,start    ] GC(9) Pause Young (Normal) (G1 Evacuation Pause)
[2025-01-22T10:51:47.147+0700][gc,task     ] GC(9) Using 10 workers of 10 for evacuation
[2025-01-22T10:51:47.154+0700][gc,phases   ] GC(9)   Pre Evacuate Collection Set: 0.29ms
[2025-01-22T10:51:47.154+0700][gc,phases   ] GC(9)   Merge Heap Roots: 0.19ms
[2025-01-22T10:51:47.154+0700][gc,phases   ] GC(9)   Evacuate Collection Set: 6.26ms
[2025-01-22T10:51:47.154+0700][gc,phases   ] GC(9)   Post Evacuate Collection Set: 0.41ms
[2025-01-22T10:51:47.154+0700][gc,phases   ] GC(9)   Other: 0.19ms
[2025-01-22T10:51:47.154+0700][gc,heap     ] GC(9) Eden regions: 44->0(44)
[2025-01-22T10:51:47.154+0700][gc,heap     ] GC(9) Survivor regions: 7->7(7)
[2025-01-22T10:51:47.154+0700][gc,heap     ] GC(9) Old regions: 17->21
[2025-01-22T10:51:47.154+0700][gc,heap     ] GC(9) Humongous regions: 129->129
[2025-01-22T10:51:47.154+0700][gc,metaspace] GC(9) Metaspace: 43276K(43904K)->43276K(43904K) NonClass: 38099K(38464K)->38099K(38464K) Class: 5176K(5440K)->5176K(5440K)
[2025-01-22T10:51:47.154+0700][gc          ] GC(9) Pause Young (Normal) (G1 Evacuation Pause) 196M->156M(1024M) 8.584ms
[2025-01-22T10:51:47.154+0700][gc,cpu      ] GC(9) User=0.06s Sys=0.00s Real=0.01s
[2025-01-22T10:54:39.062+0700][gc,start    ] GC(10) Pause Young (Normal) (G1 Evacuation Pause)
[2025-01-22T10:54:39.063+0700][gc,task     ] GC(10) Using 10 workers of 10 for evacuation
[2025-01-22T10:54:39.066+0700][gc,phases   ] GC(10)   Pre Evacuate Collection Set: 0.18ms
[2025-01-22T10:54:39.066+0700][gc,phases   ] GC(10)   Merge Heap Roots: 0.11ms
[2025-01-22T10:54:39.066+0700][gc,phases   ] GC(10)   Evacuate Collection Set: 2.24ms
[2025-01-22T10:54:39.066+0700][gc,phases   ] GC(10)   Post Evacuate Collection Set: 0.30ms
[2025-01-22T10:54:39.066+0700][gc,phases   ] GC(10)   Other: 0.15ms
[2025-01-22T10:54:39.066+0700][gc,heap     ] GC(10) Eden regions: 44->0(49)
[2025-01-22T10:54:39.066+0700][gc,heap     ] GC(10) Survivor regions: 7->2(7)
[2025-01-22T10:54:39.066+0700][gc,heap     ] GC(10) Old regions: 21->22
[2025-01-22T10:54:39.067+0700][gc,heap     ] GC(10) Humongous regions: 129->129
[2025-01-22T10:54:39.067+0700][gc,metaspace] GC(10) Metaspace: 43340K(43968K)->43340K(43968K) NonClass: 38159K(38528K)->38159K(38528K) Class: 5180K(5440K)->5180K(5440K)
[2025-01-22T10:54:39.067+0700][gc          ] GC(10) Pause Young (Normal) (G1 Evacuation Pause) 200M->152M(1024M) 4.121ms
[2025-01-22T10:54:39.067+0700][gc,cpu      ] GC(10) User=0.02s Sys=0.00s Real=0.00s
[2025-01-22T10:57:53.558+0700][gc,start    ] GC(11) Pause Young (Normal) (G1 Evacuation Pause)
[2025-01-22T10:57:53.560+0700][gc,task     ] GC(11) Using 10 workers of 10 for evacuation
[2025-01-22T10:57:53.564+0700][gc,phases   ] GC(11)   Pre Evacuate Collection Set: 0.28ms
[2025-01-22T10:57:53.564+0700][gc,phases   ] GC(11)   Merge Heap Roots: 0.19ms
[2025-01-22T10:57:53.564+0700][gc,phases   ] GC(11)   Evacuate Collection Set: 3.67ms
[2025-01-22T10:57:53.564+0700][gc,phases   ] GC(11)   Post Evacuate Collection Set: 0.36ms
[2025-01-22T10:57:53.564+0700][gc,phases   ] GC(11)   Other: 0.21ms
[2025-01-22T10:57:53.564+0700][gc,heap     ] GC(11) Eden regions: 49->0(45)
[2025-01-22T10:57:53.564+0700][gc,heap     ] GC(11) Survivor regions: 2->6(7)
[2025-01-22T10:57:53.564+0700][gc,heap     ] GC(11) Old regions: 22->22
[2025-01-22T10:57:53.564+0700][gc,heap     ] GC(11) Humongous regions: 129->129
[2025-01-22T10:57:53.564+0700][gc,metaspace] GC(11) Metaspace: 43426K(44032K)->43426K(44032K) NonClass: 38246K(38592K)->38246K(38592K) Class: 5180K(5440K)->5180K(5440K)
[2025-01-22T10:57:53.565+0700][gc          ] GC(11) Pause Young (Normal) (G1 Evacuation Pause) 201M->156M(1024M) 6.020ms
[2025-01-22T10:57:53.565+0700][gc,cpu      ] GC(11) User=0.04s Sys=0.00s Real=0.01s
[2025-01-22T11:00:54.579+0700][gc,start    ] GC(12) Pause Young (Normal) (G1 Evacuation Pause)
[2025-01-22T11:00:54.580+0700][gc,task     ] GC(12) Using 10 workers of 10 for evacuation
[2025-01-22T11:00:54.586+0700][gc,phases   ] GC(12)   Pre Evacuate Collection Set: 0.22ms
[2025-01-22T11:00:54.586+0700][gc,phases   ] GC(12)   Merge Heap Roots: 0.12ms
[2025-01-22T11:00:54.586+0700][gc,phases   ] GC(12)   Evacuate Collection Set: 5.33ms
[2025-01-22T11:00:54.586+0700][gc,phases   ] GC(12)   Post Evacuate Collection Set: 0.34ms
[2025-01-22T11:00:54.586+0700][gc,phases   ] GC(12)   Other: 0.15ms
[2025-01-22T11:00:54.586+0700][gc,heap     ] GC(12) Eden regions: 45->0(46)
[2025-01-22T11:00:54.586+0700][gc,heap     ] GC(12) Survivor regions: 6->5(7)
[2025-01-22T11:00:54.586+0700][gc,heap     ] GC(12) Old regions: 22->28
[2025-01-22T11:00:54.586+0700][gc,heap     ] GC(12) Humongous regions: 129->129
[2025-01-22T11:00:54.586+0700][gc,metaspace] GC(12) Metaspace: 43464K(44096K)->43464K(44096K) NonClass: 38284K(38656K)->38284K(38656K) Class: 5180K(5440K)->5180K(5440K)
[2025-01-22T11:00:54.586+0700][gc          ] GC(12) Pause Young (Normal) (G1 Evacuation Pause) 201M->161M(1024M) 7.395ms
[2025-01-22T11:00:54.586+0700][gc,cpu      ] GC(12) User=0.05s Sys=0.01s Real=0.01s
[2025-01-22T11:04:02.039+0700][gc,start    ] GC(13) Pause Young (Normal) (G1 Evacuation Pause)
[2025-01-22T11:04:02.039+0700][gc,task     ] GC(13) Using 10 workers of 10 for evacuation
[2025-01-22T11:04:02.043+0700][gc,phases   ] GC(13)   Pre Evacuate Collection Set: 0.30ms
[2025-01-22T11:04:02.043+0700][gc,phases   ] GC(13)   Merge Heap Roots: 0.18ms
[2025-01-22T11:04:02.043+0700][gc,phases   ] GC(13)   Evacuate Collection Set: 3.01ms
[2025-01-22T11:04:02.043+0700][gc,phases   ] GC(13)   Post Evacuate Collection Set: 0.49ms
[2025-01-22T11:04:02.043+0700][gc,phases   ] GC(13)   Other: 0.17ms
[2025-01-22T11:04:02.044+0700][gc,heap     ] GC(13) Eden regions: 46->0(79)
[2025-01-22T11:04:02.044+0700][gc,heap     ] GC(13) Survivor regions: 5->3(7)
[2025-01-22T11:04:02.044+0700][gc,heap     ] GC(13) Old regions: 28->30
[2025-01-22T11:04:02.044+0700][gc,heap     ] GC(13) Humongous regions: 129->129
[2025-01-22T11:04:02.044+0700][gc,metaspace] GC(13) Metaspace: 43526K(44160K)->43526K(44160K) NonClass: 38345K(38720K)->38345K(38720K) Class: 5180K(5440K)->5180K(5440K)
[2025-01-22T11:04:02.044+0700][gc          ] GC(13) Pause Young (Normal) (G1 Evacuation Pause) 207M->160M(1024M) 4.544ms
[2025-01-22T11:04:02.044+0700][gc,cpu      ] GC(13) User=0.02s Sys=0.01s Real=0.01s
[2025-01-22T11:09:16.089+0700][gc,start    ] GC(14) Pause Young (Normal) (G1 Evacuation Pause)
[2025-01-22T11:09:16.089+0700][gc,task     ] GC(14) Using 10 workers of 10 for evacuation
[2025-01-22T11:09:16.095+0700][gc,phases   ] GC(14)   Pre Evacuate Collection Set: 0.15ms
[2025-01-22T11:09:16.095+0700][gc,phases   ] GC(14)   Merge Heap Roots: 0.12ms
[2025-01-22T11:09:16.095+0700][gc,phases   ] GC(14)   Evacuate Collection Set: 5.33ms
[2025-01-22T11:09:16.095+0700][gc,phases   ] GC(14)   Post Evacuate Collection Set: 0.32ms
[2025-01-22T11:09:16.095+0700][gc,phases   ] GC(14)   Other: 0.11ms
[2025-01-22T11:09:16.095+0700][gc,heap     ] GC(14) Eden regions: 77->0(41)
[2025-01-22T11:09:16.095+0700][gc,heap     ] GC(14) Survivor regions: 3->10(10)
[2025-01-22T11:09:16.095+0700][gc,heap     ] GC(14) Old regions: 30->30
[2025-01-22T11:09:16.095+0700][gc,heap     ] GC(14) Humongous regions: 129->129
[2025-01-22T11:09:16.095+0700][gc,metaspace] GC(14) Metaspace: 43629K(44224K)->43629K(44224K) NonClass: 38449K(38784K)->38449K(38784K) Class: 5180K(5440K)->5180K(5440K)
[2025-01-22T11:09:16.095+0700][gc          ] GC(14) Pause Young (Normal) (G1 Evacuation Pause) 237M->167M(1024M) 6.316ms
[2025-01-22T11:09:16.095+0700][gc,cpu      ] GC(14) User=0.04s Sys=0.01s Real=0.01s
[2025-01-22T11:12:01.908+0700][gc,start    ] GC(15) Pause Young (Normal) (G1 Evacuation Pause)
[2025-01-22T11:12:01.908+0700][gc,task     ] GC(15) Using 10 workers of 10 for evacuation
[2025-01-22T11:12:01.912+0700][gc,phases   ] GC(15)   Pre Evacuate Collection Set: 0.33ms
[2025-01-22T11:12:01.912+0700][gc,phases   ] GC(15)   Merge Heap Roots: 0.17ms
[2025-01-22T11:12:01.912+0700][gc,phases   ] GC(15)   Evacuate Collection Set: 3.06ms
[2025-01-22T11:12:01.912+0700][gc,phases   ] GC(15)   Post Evacuate Collection Set: 0.41ms
[2025-01-22T11:12:01.912+0700][gc,phases   ] GC(15)   Other: 0.16ms
[2025-01-22T11:12:01.912+0700][gc,heap     ] GC(15) Eden regions: 41->0(74)
[2025-01-22T11:12:01.912+0700][gc,heap     ] GC(15) Survivor regions: 10->3(7)
[2025-01-22T11:12:01.912+0700][gc,heap     ] GC(15) Old regions: 30->32
[2025-01-22T11:12:01.913+0700][gc,heap     ] GC(15) Humongous regions: 129->129
[2025-01-22T11:12:01.913+0700][gc,metaspace] GC(15) Metaspace: 43653K(44224K)->43653K(44224K) NonClass: 38472K(38784K)->38472K(38784K) Class: 5180K(5440K)->5180K(5440K)
[2025-01-22T11:12:01.913+0700][gc          ] GC(15) Pause Young (Normal) (G1 Evacuation Pause) 208M->162M(1024M) 4.492ms
[2025-01-22T11:12:01.913+0700][gc,cpu      ] GC(15) User=0.03s Sys=0.01s Real=0.01s
[2025-01-22T11:16:59.450+0700][gc,start    ] GC(16) Pause Young (Normal) (G1 Evacuation Pause)
[2025-01-22T11:16:59.450+0700][gc,task     ] GC(16) Using 10 workers of 10 for evacuation
[2025-01-22T11:16:59.455+0700][gc,phases   ] GC(16)   Pre Evacuate Collection Set: 0.17ms
[2025-01-22T11:16:59.455+0700][gc,phases   ] GC(16)   Merge Heap Roots: 0.10ms
[2025-01-22T11:16:59.455+0700][gc,phases   ] GC(16)   Evacuate Collection Set: 4.20ms
[2025-01-22T11:16:59.455+0700][gc,phases   ] GC(16)   Post Evacuate Collection Set: 0.32ms
[2025-01-22T11:16:59.455+0700][gc,phases   ] GC(16)   Other: 0.10ms
[2025-01-22T11:16:59.455+0700][gc,heap     ] GC(16) Eden regions: 72->0(67)
[2025-01-22T11:16:59.456+0700][gc,heap     ] GC(16) Survivor regions: 3->9(10)
[2025-01-22T11:16:59.456+0700][gc,heap     ] GC(16) Old regions: 32->32
[2025-01-22T11:16:59.456+0700][gc,heap     ] GC(16) Humongous regions: 129->129
[2025-01-22T11:16:59.456+0700][gc,metaspace] GC(16) Metaspace: 43696K(44288K)->43696K(44288K) NonClass: 38515K(38848K)->38515K(38848K) Class: 5181K(5440K)->5181K(5440K)
[2025-01-22T11:16:59.456+0700][gc          ] GC(16) Pause Young (Normal) (G1 Evacuation Pause) 234M->169M(1024M) 5.157ms
[2025-01-22T11:16:59.456+0700][gc,cpu      ] GC(16) User=0.04s Sys=0.00s Real=0.00s
[2025-01-22T11:21:40.793+0700][gc,start    ] GC(17) Pause Young (Normal) (G1 Evacuation Pause)
[2025-01-22T11:21:40.793+0700][gc,task     ] GC(17) Using 10 workers of 10 for evacuation
[2025-01-22T11:21:40.796+0700][gc,phases   ] GC(17)   Pre Evacuate Collection Set: 0.18ms
[2025-01-22T11:21:40.796+0700][gc,phases   ] GC(17)   Merge Heap Roots: 0.09ms
[2025-01-22T11:21:40.796+0700][gc,phases   ] GC(17)   Evacuate Collection Set: 2.59ms
[2025-01-22T11:21:40.796+0700][gc,phases   ] GC(17)   Post Evacuate Collection Set: 0.33ms
[2025-01-22T11:21:40.796+0700][gc,phases   ] GC(17)   Other: 0.09ms
[2025-01-22T11:21:40.796+0700][gc,heap     ] GC(17) Eden regions: 68->0(108)
[2025-01-22T11:21:40.796+0700][gc,heap     ] GC(17) Survivor regions: 9->4(10)
[2025-01-22T11:21:40.796+0700][gc,heap     ] GC(17) Old regions: 32->34
[2025-01-22T11:21:40.796+0700][gc,heap     ] GC(17) Humongous regions: 129->129
[2025-01-22T11:21:40.796+0700][gc,metaspace] GC(17) Metaspace: 43716K(44352K)->43716K(44352K) NonClass: 38535K(38912K)->38535K(38912K) Class: 5181K(5440K)->5181K(5440K)
[2025-01-22T11:21:40.796+0700][gc          ] GC(17) Pause Young (Normal) (G1 Evacuation Pause) 237M->166M(1024M) 3.535ms
[2025-01-22T11:21:40.796+0700][gc,cpu      ] GC(17) User=0.03s Sys=0.00s Real=0.00s
[2025-01-22T11:28:54.473+0700][gc,start    ] GC(18) Pause Young (Normal) (G1 Evacuation Pause)
[2025-01-22T11:28:54.474+0700][gc,task     ] GC(18) Using 10 workers of 10 for evacuation
[2025-01-22T11:28:54.477+0700][gc,phases   ] GC(18)   Pre Evacuate Collection Set: 0.15ms
[2025-01-22T11:28:54.477+0700][gc,phases   ] GC(18)   Merge Heap Roots: 0.10ms
[2025-01-22T11:28:54.477+0700][gc,phases   ] GC(18)   Evacuate Collection Set: 2.78ms
[2025-01-22T11:28:54.477+0700][gc,phases   ] GC(18)   Post Evacuate Collection Set: 0.42ms
[2025-01-22T11:28:54.477+0700][gc,phases   ] GC(18)   Other: 0.13ms
[2025-01-22T11:28:54.477+0700][gc,heap     ] GC(18) Eden regions: 105->0(95)
[2025-01-22T11:28:54.478+0700][gc,heap     ] GC(18) Survivor regions: 4->5(14)
[2025-01-22T11:28:54.478+0700][gc,heap     ] GC(18) Old regions: 34->34
[2025-01-22T11:28:54.478+0700][gc,heap     ] GC(18) Humongous regions: 129->129
[2025-01-22T11:28:54.478+0700][gc,metaspace] GC(18) Metaspace: 43816K(44416K)->43816K(44416K) NonClass: 38632K(38976K)->38632K(38976K) Class: 5184K(5440K)->5184K(5440K)
[2025-01-22T11:28:54.478+0700][gc          ] GC(18) Pause Young (Normal) (G1 Evacuation Pause) 271M->166M(1024M) 4.332ms
[2025-01-22T11:28:54.478+0700][gc,cpu      ] GC(18) User=0.03s Sys=0.00s Real=0.00s
