[2025-01-18T20:21:06.973+0700][gc,init] CardTable entry size: 512
[2025-01-18T20:21:06.973+0700][gc     ] Using G1
[2025-01-18T20:21:06.976+0700][gc,init] Version: 23.0.1+11 (release)
[2025-01-18T20:21:06.976+0700][gc,init] CPUs: 12 total, 12 available
[2025-01-18T20:21:06.976+0700][gc,init] Memory: 32768M
[2025-01-18T20:21:06.976+0700][gc,init] Large Page Support: Disabled
[2025-01-18T20:21:06.976+0700][gc,init] NUMA Support: Disabled
[2025-01-18T20:21:06.976+0700][gc,init] Compressed Oops: Enabled (Zero based)
[2025-01-18T20:21:06.976+0700][gc,init] Heap Region Size: 1M
[2025-01-18T20:21:06.976+0700][gc,init] Heap Min Capacity: 512M
[2025-01-18T20:21:06.976+0700][gc,init] Heap Initial Capacity: 512M
[2025-01-18T20:21:06.976+0700][gc,init] Heap Max Capacity: 512M
[2025-01-18T20:21:06.976+0700][gc,init] Pre-touch: Disabled
[2025-01-18T20:21:06.976+0700][gc,init] Parallel Workers: 10
[2025-01-18T20:21:06.976+0700][gc,init] Concurrent Workers: 3
[2025-01-18T20:21:06.976+0700][gc,init] Concurrent Refinement Workers: 10
[2025-01-18T20:21:06.976+0700][gc,init] Periodic GC: Disabled
[2025-01-18T20:21:06.984+0700][gc,metaspace] CDS archive(s) mapped at: [0x0000000121000000-0x0000000121d8f000-0x0000000121d8f000), size 14217216, SharedBaseAddress: 0x0000000121000000, ArchiveRelocationMode: 1.
[2025-01-18T20:21:06.984+0700][gc,metaspace] Compressed class space mapped at: 0x0000000122000000-0x0000000162000000, reserved size: 1073741824
[2025-01-18T20:21:06.984+0700][gc,metaspace] Narrow klass base: 0x0000000121000000, Narrow klass shift: 0, Narrow klass range: 0x100000000
[2025-01-18T20:21:12.787+0700][gc,start    ] GC(0) Pause Young (Normal) (G1 Evacuation Pause)
[2025-01-18T20:21:12.788+0700][gc,task     ] GC(0) Using 10 workers of 10 for evacuation
[2025-01-18T20:21:12.795+0700][gc,phases   ] GC(0)   Pre Evacuate Collection Set: 0.20ms
[2025-01-18T20:21:12.795+0700][gc,phases   ] GC(0)   Merge Heap Roots: 0.19ms
[2025-01-18T20:21:12.795+0700][gc,phases   ] GC(0)   Evacuate Collection Set: 5.26ms
[2025-01-18T20:21:12.795+0700][gc,phases   ] GC(0)   Post Evacuate Collection Set: 0.71ms
[2025-01-18T20:21:12.795+0700][gc,phases   ] GC(0)   Other: 1.32ms
[2025-01-18T20:21:12.795+0700][gc,heap     ] GC(0) Eden regions: 25->0(21)
[2025-01-18T20:21:12.795+0700][gc,heap     ] GC(0) Survivor regions: 0->4(4)
[2025-01-18T20:21:12.795+0700][gc,heap     ] GC(0) Old regions: 2->6
[2025-01-18T20:21:12.795+0700][gc,heap     ] GC(0) Humongous regions: 0->0
[2025-01-18T20:21:12.795+0700][gc,metaspace] GC(0) Metaspace: 7673K(7872K)->7673K(7872K) NonClass: 6815K(6912K)->6815K(6912K) Class: 857K(960K)->857K(960K)
[2025-01-18T20:21:12.795+0700][gc          ] GC(0) Pause Young (Normal) (G1 Evacuation Pause) 26M->8M(512M) 8.645ms
[2025-01-18T20:21:12.795+0700][gc,cpu      ] GC(0) User=0.02s Sys=0.02s Real=0.01s
[2025-01-18T21:48:49.356+0700][gc,start    ] GC(1) Pause Young (Normal) (G1 Evacuation Pause)
[2025-01-18T21:48:49.357+0700][gc,task     ] GC(1) Using 10 workers of 10 for evacuation
[2025-01-18T21:48:49.363+0700][gc,phases   ] GC(1)   Pre Evacuate Collection Set: 0.22ms
[2025-01-18T21:48:49.363+0700][gc,phases   ] GC(1)   Merge Heap Roots: 0.12ms
[2025-01-18T21:48:49.363+0700][gc,phases   ] GC(1)   Evacuate Collection Set: 5.88ms
[2025-01-18T21:48:49.363+0700][gc,phases   ] GC(1)   Post Evacuate Collection Set: 0.40ms
[2025-01-18T21:48:49.363+0700][gc,phases   ] GC(1)   Other: 0.14ms
[2025-01-18T21:48:49.363+0700][gc,heap     ] GC(1) Eden regions: 21->0(23)
[2025-01-18T21:48:49.363+0700][gc,heap     ] GC(1) Survivor regions: 4->2(4)
[2025-01-18T21:48:49.363+0700][gc,heap     ] GC(1) Old regions: 6->11
[2025-01-18T21:48:49.363+0700][gc,heap     ] GC(1) Humongous regions: 0->0
[2025-01-18T21:48:49.363+0700][gc,metaspace] GC(1) Metaspace: 9430K(9600K)->9430K(9600K) NonClass: 8419K(8512K)->8419K(8512K) Class: 1010K(1088K)->1010K(1088K)
[2025-01-18T21:48:49.363+0700][gc          ] GC(1) Pause Young (Normal) (G1 Evacuation Pause) 29M->10M(512M) 7.897ms
[2025-01-18T21:48:49.363+0700][gc,cpu      ] GC(1) User=0.03s Sys=0.03s Real=0.01s
[2025-01-18T22:57:29.539+0700][gc,heap,exit] Heap
[2025-01-18T22:57:29.558+0700][gc,heap,exit]  garbage-first heap   total reserved 524288K, committed 524288K, used 18969K [0x00000007e0000000, 0x0000000800000000)
[2025-01-18T22:57:29.558+0700][gc,heap,exit]   region size 1024K, 11 young (11264K), 2 survivors (2048K)
[2025-01-18T22:57:29.558+0700][gc,heap,exit]  Metaspace       used 9436K, committed 9600K, reserved 1114112K
[2025-01-18T22:57:29.558+0700][gc,heap,exit]   class space    used 1011K, committed 1088K, reserved 1048576K
