[2025-01-13T09:34:56.008+0700][gc,init] CardTable entry size: 512
[2025-01-13T09:34:56.008+0700][gc     ] Using G1
[2025-01-13T09:34:56.010+0700][gc,init] Version: 23.0.1+11 (release)
[2025-01-13T09:34:56.010+0700][gc,init] CPUs: 12 total, 12 available
[2025-01-13T09:34:56.010+0700][gc,init] Memory: 32768M
[2025-01-13T09:34:56.010+0700][gc,init] Large Page Support: Disabled
[2025-01-13T09:34:56.010+0700][gc,init] NUMA Support: Disabled
[2025-01-13T09:34:56.010+0700][gc,init] Compressed Oops: Enabled (Zero based)
[2025-01-13T09:34:56.010+0700][gc,init] Heap Region Size: 1M
[2025-01-13T09:34:56.010+0700][gc,init] Heap Min Capacity: 512M
[2025-01-13T09:34:56.010+0700][gc,init] Heap Initial Capacity: 512M
[2025-01-13T09:34:56.010+0700][gc,init] Heap Max Capacity: 512M
[2025-01-13T09:34:56.010+0700][gc,init] Pre-touch: Disabled
[2025-01-13T09:34:56.011+0700][gc,init] Parallel Workers: 10
[2025-01-13T09:34:56.011+0700][gc,init] Concurrent Workers: 3
[2025-01-13T09:34:56.011+0700][gc,init] Concurrent Refinement Workers: 10
[2025-01-13T09:34:56.011+0700][gc,init] Periodic GC: Disabled
[2025-01-13T09:34:56.017+0700][gc,metaspace] CDS archive(s) mapped at: [0x0000000126000000-0x0000000126d8f000-0x0000000126d8f000), size 14217216, SharedBaseAddress: 0x0000000126000000, ArchiveRelocationMode: 1.
[2025-01-13T09:34:56.017+0700][gc,metaspace] Compressed class space mapped at: 0x0000000127000000-0x0000000167000000, reserved size: 1073741824
[2025-01-13T09:34:56.017+0700][gc,metaspace] Narrow klass base: 0x0000000126000000, Narrow klass shift: 0, Narrow klass range: 0x100000000
[2025-01-13T09:35:01.882+0700][gc,start    ] GC(0) Pause Young (Normal) (G1 Evacuation Pause)
[2025-01-13T09:35:01.883+0700][gc,task     ] GC(0) Using 10 workers of 10 for evacuation
[2025-01-13T09:35:01.889+0700][gc,phases   ] GC(0)   Pre Evacuate Collection Set: 0.15ms
[2025-01-13T09:35:01.889+0700][gc,phases   ] GC(0)   Merge Heap Roots: 0.13ms
[2025-01-13T09:35:01.889+0700][gc,phases   ] GC(0)   Evacuate Collection Set: 3.88ms
[2025-01-13T09:35:01.889+0700][gc,phases   ] GC(0)   Post Evacuate Collection Set: 0.56ms
[2025-01-13T09:35:01.889+0700][gc,phases   ] GC(0)   Other: 1.11ms
[2025-01-13T09:35:01.889+0700][gc,heap     ] GC(0) Eden regions: 25->0(21)
[2025-01-13T09:35:01.889+0700][gc,heap     ] GC(0) Survivor regions: 0->4(4)
[2025-01-13T09:35:01.889+0700][gc,heap     ] GC(0) Old regions: 2->6
[2025-01-13T09:35:01.889+0700][gc,heap     ] GC(0) Humongous regions: 0->0
[2025-01-13T09:35:01.889+0700][gc,metaspace] GC(0) Metaspace: 7740K(7936K)->7740K(7936K) NonClass: 6874K(6976K)->6874K(6976K) Class: 866K(960K)->866K(960K)
[2025-01-13T09:35:01.889+0700][gc          ] GC(0) Pause Young (Normal) (G1 Evacuation Pause) 26M->8M(512M) 6.707ms
[2025-01-13T09:35:01.889+0700][gc,cpu      ] GC(0) User=0.03s Sys=0.02s Real=0.00s
[2025-01-13T11:06:46.046+0700][gc,start    ] GC(1) Pause Young (Normal) (G1 Evacuation Pause)
[2025-01-13T11:06:46.047+0700][gc,task     ] GC(1) Using 10 workers of 10 for evacuation
[2025-01-13T11:06:46.051+0700][gc,phases   ] GC(1)   Pre Evacuate Collection Set: 0.25ms
[2025-01-13T11:06:46.051+0700][gc,phases   ] GC(1)   Merge Heap Roots: 0.18ms
[2025-01-13T11:06:46.051+0700][gc,phases   ] GC(1)   Evacuate Collection Set: 3.37ms
[2025-01-13T11:06:46.051+0700][gc,phases   ] GC(1)   Post Evacuate Collection Set: 0.47ms
[2025-01-13T11:06:46.051+0700][gc,phases   ] GC(1)   Other: 0.16ms
[2025-01-13T11:06:46.051+0700][gc,heap     ] GC(1) Eden regions: 21->0(24)
[2025-01-13T11:06:46.051+0700][gc,heap     ] GC(1) Survivor regions: 4->1(4)
[2025-01-13T11:06:46.051+0700][gc,heap     ] GC(1) Old regions: 6->11
[2025-01-13T11:06:46.051+0700][gc,heap     ] GC(1) Humongous regions: 0->0
[2025-01-13T11:06:46.051+0700][gc,metaspace] GC(1) Metaspace: 9428K(9600K)->9428K(9600K) NonClass: 8418K(8512K)->8418K(8512K) Class: 1010K(1088K)->1010K(1088K)
[2025-01-13T11:06:46.051+0700][gc          ] GC(1) Pause Young (Normal) (G1 Evacuation Pause) 29M->10M(512M) 4.837ms
[2025-01-13T11:06:46.051+0700][gc,cpu      ] GC(1) User=0.03s Sys=0.01s Real=0.01s
[2025-01-13T12:17:28.121+0700][gc,heap,exit] Heap
[2025-01-13T12:17:28.145+0700][gc,heap,exit]  garbage-first heap   total reserved 524288K, committed 524288K, used 16828K [0x00000007e0000000, 0x0000000800000000)
[2025-01-13T12:17:28.145+0700][gc,heap,exit]   region size 1024K, 8 young (8192K), 1 survivors (1024K)
[2025-01-13T12:17:28.145+0700][gc,heap,exit]  Metaspace       used 9443K, committed 9600K, reserved 1114112K
[2025-01-13T12:17:28.145+0700][gc,heap,exit]   class space    used 1011K, committed 1088K, reserved 1048576K
