[2025-01-26T14:26:18.269+0700][gc,init] CardTable entry size: 512
[2025-01-26T14:26:18.269+0700][gc     ] Using G1
[2025-01-26T14:26:18.272+0700][gc,init] Version: 23.0.1+11 (release)
[2025-01-26T14:26:18.272+0700][gc,init] CPUs: 12 total, 12 available
[2025-01-26T14:26:18.272+0700][gc,init] Memory: 32768M
[2025-01-26T14:26:18.272+0700][gc,init] Large Page Support: Disabled
[2025-01-26T14:26:18.272+0700][gc,init] NUMA Support: Disabled
[2025-01-26T14:26:18.272+0700][gc,init] Compressed Oops: Enabled (Zero based)
[2025-01-26T14:26:18.272+0700][gc,init] Heap Region Size: 1M
[2025-01-26T14:26:18.272+0700][gc,init] Heap Min Capacity: 512M
[2025-01-26T14:26:18.272+0700][gc,init] Heap Initial Capacity: 512M
[2025-01-26T14:26:18.272+0700][gc,init] Heap Max Capacity: 512M
[2025-01-26T14:26:18.272+0700][gc,init] Pre-touch: Disabled
[2025-01-26T14:26:18.272+0700][gc,init] Parallel Workers: 10
[2025-01-26T14:26:18.272+0700][gc,init] Concurrent Workers: 3
[2025-01-26T14:26:18.272+0700][gc,init] Concurrent Refinement Workers: 10
[2025-01-26T14:26:18.272+0700][gc,init] Periodic GC: Disabled
[2025-01-26T14:26:18.280+0700][gc,metaspace] CDS archive(s) mapped at: [0x0000000123000000-0x0000000123d8f000-0x0000000123d8f000), size 14217216, SharedBaseAddress: 0x0000000123000000, ArchiveRelocationMode: 1.
[2025-01-26T14:26:18.281+0700][gc,metaspace] Compressed class space mapped at: 0x0000000124000000-0x0000000164000000, reserved size: 1073741824
[2025-01-26T14:26:18.281+0700][gc,metaspace] Narrow klass base: 0x0000000123000000, Narrow klass shift: 0, Narrow klass range: 0x100000000
[2025-01-26T14:26:24.257+0700][gc,start    ] GC(0) Pause Young (Normal) (G1 Evacuation Pause)
[2025-01-26T14:26:24.258+0700][gc,task     ] GC(0) Using 10 workers of 10 for evacuation
[2025-01-26T14:26:24.264+0700][gc,phases   ] GC(0)   Pre Evacuate Collection Set: 0.17ms
[2025-01-26T14:26:24.264+0700][gc,phases   ] GC(0)   Merge Heap Roots: 0.13ms
[2025-01-26T14:26:24.264+0700][gc,phases   ] GC(0)   Evacuate Collection Set: 4.38ms
[2025-01-26T14:26:24.264+0700][gc,phases   ] GC(0)   Post Evacuate Collection Set: 0.61ms
[2025-01-26T14:26:24.264+0700][gc,phases   ] GC(0)   Other: 0.88ms
[2025-01-26T14:26:24.264+0700][gc,heap     ] GC(0) Eden regions: 25->0(21)
[2025-01-26T14:26:24.264+0700][gc,heap     ] GC(0) Survivor regions: 0->4(4)
[2025-01-26T14:26:24.264+0700][gc,heap     ] GC(0) Old regions: 2->6
[2025-01-26T14:26:24.264+0700][gc,heap     ] GC(0) Humongous regions: 0->0
[2025-01-26T14:26:24.264+0700][gc,metaspace] GC(0) Metaspace: 7674K(7872K)->7674K(7872K) NonClass: 6817K(6912K)->6817K(6912K) Class: 857K(960K)->857K(960K)
[2025-01-26T14:26:24.264+0700][gc          ] GC(0) Pause Young (Normal) (G1 Evacuation Pause) 26M->8M(512M) 7.063ms
[2025-01-26T14:26:24.264+0700][gc,cpu      ] GC(0) User=0.02s Sys=0.02s Real=0.01s
[2025-01-26T16:08:23.653+0700][gc,start    ] GC(1) Pause Young (Normal) (G1 Evacuation Pause)
[2025-01-26T16:08:23.653+0700][gc,task     ] GC(1) Using 10 workers of 10 for evacuation
[2025-01-26T16:08:23.658+0700][gc,phases   ] GC(1)   Pre Evacuate Collection Set: 0.29ms
[2025-01-26T16:08:23.658+0700][gc,phases   ] GC(1)   Merge Heap Roots: 0.13ms
[2025-01-26T16:08:23.658+0700][gc,phases   ] GC(1)   Evacuate Collection Set: 3.48ms
[2025-01-26T16:08:23.658+0700][gc,phases   ] GC(1)   Post Evacuate Collection Set: 0.43ms
[2025-01-26T16:08:23.658+0700][gc,phases   ] GC(1)   Other: 0.17ms
[2025-01-26T16:08:23.658+0700][gc,heap     ] GC(1) Eden regions: 21->0(24)
[2025-01-26T16:08:23.658+0700][gc,heap     ] GC(1) Survivor regions: 4->1(4)
[2025-01-26T16:08:23.658+0700][gc,heap     ] GC(1) Old regions: 6->11
[2025-01-26T16:08:23.658+0700][gc,heap     ] GC(1) Humongous regions: 0->0
[2025-01-26T16:08:23.658+0700][gc,metaspace] GC(1) Metaspace: 9381K(9536K)->9381K(9536K) NonClass: 8371K(8448K)->8371K(8448K) Class: 1010K(1088K)->1010K(1088K)
[2025-01-26T16:08:23.658+0700][gc          ] GC(1) Pause Young (Normal) (G1 Evacuation Pause) 29M->10M(512M) 4.895ms
[2025-01-26T16:08:23.658+0700][gc,cpu      ] GC(1) User=0.03s Sys=0.01s Real=0.00s
[2025-01-26T17:52:59.889+0700][gc,heap,exit] Heap
[2025-01-26T17:52:59.889+0700][gc,heap,exit]  garbage-first heap   total reserved 524288K, committed 524288K, used 19694K [0x00000007e0000000, 0x0000000800000000)
[2025-01-26T17:52:59.889+0700][gc,heap,exit]   region size 1024K, 11 young (11264K), 1 survivors (1024K)
[2025-01-26T17:52:59.889+0700][gc,heap,exit]  Metaspace       used 9387K, committed 9536K, reserved 1114112K
[2025-01-26T17:52:59.889+0700][gc,heap,exit]   class space    used 1010K, committed 1088K, reserved 1048576K
