[2025-01-25T21:04:47.923+0700][gc,init] CardTable entry size: 512
[2025-01-25T21:04:47.923+0700][gc     ] Using G1
[2025-01-25T21:04:47.926+0700][gc,init] Version: 23.0.1+11 (release)
[2025-01-25T21:04:47.926+0700][gc,init] CPUs: 12 total, 12 available
[2025-01-25T21:04:47.926+0700][gc,init] Memory: 32768M
[2025-01-25T21:04:47.926+0700][gc,init] Large Page Support: Disabled
[2025-01-25T21:04:47.926+0700][gc,init] NUMA Support: Disabled
[2025-01-25T21:04:47.926+0700][gc,init] Compressed Oops: Enabled (Zero based)
[2025-01-25T21:04:47.926+0700][gc,init] Heap Region Size: 1M
[2025-01-25T21:04:47.926+0700][gc,init] Heap Min Capacity: 512M
[2025-01-25T21:04:47.926+0700][gc,init] Heap Initial Capacity: 512M
[2025-01-25T21:04:47.926+0700][gc,init] Heap Max Capacity: 512M
[2025-01-25T21:04:47.926+0700][gc,init] Pre-touch: Disabled
[2025-01-25T21:04:47.927+0700][gc,init] Parallel Workers: 10
[2025-01-25T21:04:47.927+0700][gc,init] Concurrent Workers: 3
[2025-01-25T21:04:47.927+0700][gc,init] Concurrent Refinement Workers: 10
[2025-01-25T21:04:47.927+0700][gc,init] Periodic GC: Disabled
[2025-01-25T21:04:47.934+0700][gc,metaspace] CDS archive(s) mapped at: [0x0000000122000000-0x0000000122d8f000-0x0000000122d8f000), size 14217216, SharedBaseAddress: 0x0000000122000000, ArchiveRelocationMode: 1.
[2025-01-25T21:04:47.934+0700][gc,metaspace] Compressed class space mapped at: 0x0000000123000000-0x0000000163000000, reserved size: 1073741824
[2025-01-25T21:04:47.934+0700][gc,metaspace] Narrow klass base: 0x0000000122000000, Narrow klass shift: 0, Narrow klass range: 0x100000000
[2025-01-25T21:04:53.380+0700][gc,start    ] GC(0) Pause Young (Normal) (G1 Evacuation Pause)
[2025-01-25T21:04:53.381+0700][gc,task     ] GC(0) Using 10 workers of 10 for evacuation
[2025-01-25T21:04:53.385+0700][gc,phases   ] GC(0)   Pre Evacuate Collection Set: 0.09ms
[2025-01-25T21:04:53.385+0700][gc,phases   ] GC(0)   Merge Heap Roots: 0.08ms
[2025-01-25T21:04:53.385+0700][gc,phases   ] GC(0)   Evacuate Collection Set: 3.63ms
[2025-01-25T21:04:53.385+0700][gc,phases   ] GC(0)   Post Evacuate Collection Set: 0.53ms
[2025-01-25T21:04:53.385+0700][gc,phases   ] GC(0)   Other: 0.55ms
[2025-01-25T21:04:53.385+0700][gc,heap     ] GC(0) Eden regions: 25->0(21)
[2025-01-25T21:04:53.385+0700][gc,heap     ] GC(0) Survivor regions: 0->4(4)
[2025-01-25T21:04:53.385+0700][gc,heap     ] GC(0) Old regions: 2->7
[2025-01-25T21:04:53.385+0700][gc,heap     ] GC(0) Humongous regions: 0->0
[2025-01-25T21:04:53.385+0700][gc,metaspace] GC(0) Metaspace: 7651K(7872K)->7651K(7872K) NonClass: 6794K(6912K)->6794K(6912K) Class: 857K(960K)->857K(960K)
[2025-01-25T21:04:53.386+0700][gc          ] GC(0) Pause Young (Normal) (G1 Evacuation Pause) 26M->9M(512M) 5.179ms
[2025-01-25T21:04:53.386+0700][gc,cpu      ] GC(0) User=0.02s Sys=0.01s Real=0.00s
[2025-01-25T22:03:27.319+0700][gc,start    ] GC(1) Pause Young (Normal) (G1 Evacuation Pause)
[2025-01-25T22:03:27.320+0700][gc,task     ] GC(1) Using 10 workers of 10 for evacuation
[2025-01-25T22:03:27.323+0700][gc,phases   ] GC(1)   Pre Evacuate Collection Set: 0.14ms
[2025-01-25T22:03:27.323+0700][gc,phases   ] GC(1)   Merge Heap Roots: 0.10ms
[2025-01-25T22:03:27.323+0700][gc,phases   ] GC(1)   Evacuate Collection Set: 2.97ms
[2025-01-25T22:03:27.323+0700][gc,phases   ] GC(1)   Post Evacuate Collection Set: 0.44ms
[2025-01-25T22:03:27.323+0700][gc,phases   ] GC(1)   Other: 0.10ms
[2025-01-25T22:03:27.323+0700][gc,heap     ] GC(1) Eden regions: 21->0(23)
[2025-01-25T22:03:27.323+0700][gc,heap     ] GC(1) Survivor regions: 4->2(4)
[2025-01-25T22:03:27.323+0700][gc,heap     ] GC(1) Old regions: 7->10
[2025-01-25T22:03:27.323+0700][gc,heap     ] GC(1) Humongous regions: 0->0
[2025-01-25T22:03:27.323+0700][gc,metaspace] GC(1) Metaspace: 9415K(9600K)->9415K(9600K) NonClass: 8405K(8512K)->8405K(8512K) Class: 1010K(1088K)->1010K(1088K)
[2025-01-25T22:03:27.324+0700][gc          ] GC(1) Pause Young (Normal) (G1 Evacuation Pause) 30M->10M(512M) 4.032ms
[2025-01-25T22:03:27.324+0700][gc,cpu      ] GC(1) User=0.02s Sys=0.01s Real=0.01s
[2025-01-25T22:32:12.665+0700][gc,heap,exit] Heap
[2025-01-25T22:32:12.665+0700][gc,heap,exit]  garbage-first heap   total reserved 524288K, committed 524288K, used 15326K [0x00000007e0000000, 0x0000000800000000)
[2025-01-25T22:32:12.665+0700][gc,heap,exit]   region size 1024K, 7 young (7168K), 2 survivors (2048K)
[2025-01-25T22:32:12.665+0700][gc,heap,exit]  Metaspace       used 9431K, committed 9600K, reserved 1114112K
[2025-01-25T22:32:12.665+0700][gc,heap,exit]   class space    used 1011K, committed 1088K, reserved 1048576K
